/Users/nathanngaleu/Documents/Projects/RTOS-PriorityInversion-WD/Core/Src/main.c:81:5:main	8	static
/Users/nathanngaleu/Documents/Projects/RTOS-PriorityInversion-WD/Core/Src/main.c:162:6:SystemClock_Config	88	static
/Users/nathanngaleu/Documents/Projects/RTOS-PriorityInversion-WD/Core/Src/main.c:213:13:MX_I2C1_Init	8	static
/Users/nathanngaleu/Documents/Projects/RTOS-PriorityInversion-WD/Core/Src/main.c:244:13:MX_USART1_UART_Init	8	static
/Users/nathanngaleu/Documents/Projects/RTOS-PriorityInversion-WD/Core/Src/main.c:274:13:MX_USART2_UART_Init	8	static
/Users/nathanngaleu/Documents/Projects/RTOS-PriorityInversion-WD/Core/Src/main.c:304:13:MX_GPIO_Init	48	static
/Users/nathanngaleu/Documents/Projects/RTOS-PriorityInversion-WD/Core/Src/main.c:348:6:StartTask	16	static
/Users/nathanngaleu/Documents/Projects/RTOS-PriorityInversion-WD/Core/Src/main.c:365:6:HAL_TIM_PeriodElapsedCallback	16	static
/Users/nathanngaleu/Documents/Projects/RTOS-PriorityInversion-WD/Core/Src/main.c:381:6:Error_Handler	4	static
