/Users/nathanngaleu/Documents/Projects/RTOS-PriorityInversion-WD/Core/Src/main.c:84:5:main	8	static
/Users/nathanngaleu/Documents/Projects/RTOS-PriorityInversion-WD/Core/Src/main.c:166:6:SystemClock_Config	88	static
/Users/nathanngaleu/Documents/Projects/RTOS-PriorityInversion-WD/Core/Src/main.c:217:13:MX_I2C1_Init	8	static
/Users/nathanngaleu/Documents/Projects/RTOS-PriorityInversion-WD/Core/Src/main.c:248:13:MX_SPI2_Init	8	static
/Users/nathanngaleu/Documents/Projects/RTOS-PriorityInversion-WD/Core/Src/main.c:283:13:MX_USART1_UART_Init	8	static
/Users/nathanngaleu/Documents/Projects/RTOS-PriorityInversion-WD/Core/Src/main.c:313:13:MX_USART2_UART_Init	8	static
/Users/nathanngaleu/Documents/Projects/RTOS-PriorityInversion-WD/Core/Src/main.c:343:13:MX_GPIO_Init	48	static
/Users/nathanngaleu/Documents/Projects/RTOS-PriorityInversion-WD/Core/Src/main.c:387:6:StartTask	16	static
/Users/nathanngaleu/Documents/Projects/RTOS-PriorityInversion-WD/Core/Src/main.c:404:6:HAL_TIM_PeriodElapsedCallback	16	static
/Users/nathanngaleu/Documents/Projects/RTOS-PriorityInversion-WD/Core/Src/main.c:420:6:Error_Handler	4	static
