Archive member included to satisfy reference by file (symbol)

/Applications/ArmGNUToolchain/15.2.rel1/arm-none-eabi/bin/../lib/gcc/arm-none-eabi/15.2.1/../../../../arm-none-eabi/lib/thumb/v7e-m+fp/hard/libstdc++_nano.a(del_ops.o)
                              CMakeFiles/RTOS-PriorityInversion-WD.dir/App/Src/CommsTask.cpp.obj (operator delete(void*, unsigned int))
/Applications/ArmGNUToolchain/15.2.rel1/arm-none-eabi/bin/../lib/gcc/arm-none-eabi/15.2.1/../../../../arm-none-eabi/lib/thumb/v7e-m+fp/hard/libstdc++_nano.a(del_op.o)
                              /Applications/ArmGNUToolchain/15.2.rel1/arm-none-eabi/bin/../lib/gcc/arm-none-eabi/15.2.1/../../../../arm-none-eabi/lib/thumb/v7e-m+fp/hard/libstdc++_nano.a(del_ops.o) (operator delete(void*))
/Applications/ArmGNUToolchain/15.2.rel1/arm-none-eabi/bin/../lib/gcc/arm-none-eabi/15.2.1/../../../../arm-none-eabi/lib/thumb/v7e-m+fp/hard/libm.a(libm_a-sf_cos.o)
                              CMakeFiles/RTOS-PriorityInversion-WD.dir/Drivers/oled/ssd1306.c.obj (cosf)
/Applications/ArmGNUToolchain/15.2.rel1/arm-none-eabi/bin/../lib/gcc/arm-none-eabi/15.2.1/../../../../arm-none-eabi/lib/thumb/v7e-m+fp/hard/libm.a(libm_a-sf_sin.o)
                              CMakeFiles/RTOS-PriorityInversion-WD.dir/Drivers/oled/ssd1306.c.obj (sinf)
/Applications/ArmGNUToolchain/15.2.rel1/arm-none-eabi/bin/../lib/gcc/arm-none-eabi/15.2.1/../../../../arm-none-eabi/lib/thumb/v7e-m+fp/hard/libm.a(libm_a-kf_cos.o)
                              /Applications/ArmGNUToolchain/15.2.rel1/arm-none-eabi/bin/../lib/gcc/arm-none-eabi/15.2.1/../../../../arm-none-eabi/lib/thumb/v7e-m+fp/hard/libm.a(libm_a-sf_cos.o) (__kernel_cosf)
/Applications/ArmGNUToolchain/15.2.rel1/arm-none-eabi/bin/../lib/gcc/arm-none-eabi/15.2.1/../../../../arm-none-eabi/lib/thumb/v7e-m+fp/hard/libm.a(libm_a-kf_sin.o)
                              /Applications/ArmGNUToolchain/15.2.rel1/arm-none-eabi/bin/../lib/gcc/arm-none-eabi/15.2.1/../../../../arm-none-eabi/lib/thumb/v7e-m+fp/hard/libm.a(libm_a-sf_cos.o) (__kernel_sinf)
/Applications/ArmGNUToolchain/15.2.rel1/arm-none-eabi/bin/../lib/gcc/arm-none-eabi/15.2.1/../../../../arm-none-eabi/lib/thumb/v7e-m+fp/hard/libm.a(libm_a-ef_rem_pio2.o)
                              /Applications/ArmGNUToolchain/15.2.rel1/arm-none-eabi/bin/../lib/gcc/arm-none-eabi/15.2.1/../../../../arm-none-eabi/lib/thumb/v7e-m+fp/hard/libm.a(libm_a-sf_cos.o) (__ieee754_rem_pio2f)
/Applications/ArmGNUToolchain/15.2.rel1/arm-none-eabi/bin/../lib/gcc/arm-none-eabi/15.2.1/../../../../arm-none-eabi/lib/thumb/v7e-m+fp/hard/libm.a(libm_a-sf_fabs.o)
                              /Applications/ArmGNUToolchain/15.2.rel1/arm-none-eabi/bin/../lib/gcc/arm-none-eabi/15.2.1/../../../../arm-none-eabi/lib/thumb/v7e-m+fp/hard/libm.a(libm_a-ef_rem_pio2.o) (fabsf)
/Applications/ArmGNUToolchain/15.2.rel1/arm-none-eabi/bin/../lib/gcc/arm-none-eabi/15.2.1/../../../../arm-none-eabi/lib/thumb/v7e-m+fp/hard/libm.a(libm_a-kf_rem_pio2.o)
                              /Applications/ArmGNUToolchain/15.2.rel1/arm-none-eabi/bin/../lib/gcc/arm-none-eabi/15.2.1/../../../../arm-none-eabi/lib/thumb/v7e-m+fp/hard/libm.a(libm_a-ef_rem_pio2.o) (__kernel_rem_pio2f)
/Applications/ArmGNUToolchain/15.2.rel1/arm-none-eabi/bin/../lib/gcc/arm-none-eabi/15.2.1/../../../../arm-none-eabi/lib/thumb/v7e-m+fp/hard/libm.a(libm_a-sf_floor.o)
                              /Applications/ArmGNUToolchain/15.2.rel1/arm-none-eabi/bin/../lib/gcc/arm-none-eabi/15.2.1/../../../../arm-none-eabi/lib/thumb/v7e-m+fp/hard/libm.a(libm_a-kf_rem_pio2.o) (floorf)
/Applications/ArmGNUToolchain/15.2.rel1/arm-none-eabi/bin/../lib/gcc/arm-none-eabi/15.2.1/../../../../arm-none-eabi/lib/thumb/v7e-m+fp/hard/libm.a(libm_a-sf_scalbn.o)
                              /Applications/ArmGNUToolchain/15.2.rel1/arm-none-eabi/bin/../lib/gcc/arm-none-eabi/15.2.1/../../../../arm-none-eabi/lib/thumb/v7e-m+fp/hard/libm.a(libm_a-kf_rem_pio2.o) (scalbnf)
/Applications/ArmGNUToolchain/15.2.rel1/arm-none-eabi/bin/../lib/gcc/arm-none-eabi/15.2.1/thumb/v7e-m+fp/hard/libgcc.a(_arm_addsubdf3.o)
                              CMakeFiles/RTOS-PriorityInversion-WD.dir/App/Src/DisplayTask.cpp.obj (__aeabi_f2d)
/Applications/ArmGNUToolchain/15.2.rel1/arm-none-eabi/bin/../lib/gcc/arm-none-eabi/15.2.1/thumb/v7e-m+fp/hard/libgcc.a(_arm_addsubsf3.o)
                              CMakeFiles/RTOS-PriorityInversion-WD.dir/Core/Src/bme280.c.obj (__aeabi_l2f)
/Applications/ArmGNUToolchain/15.2.rel1/arm-none-eabi/bin/../lib/gcc/arm-none-eabi/15.2.1/thumb/v7e-m+fp/hard/libgcc.a(_aeabi_ldivmod.o)
                              CMakeFiles/RTOS-PriorityInversion-WD.dir/Core/Src/bme280.c.obj (__aeabi_ldivmod)
/Applications/ArmGNUToolchain/15.2.rel1/arm-none-eabi/bin/../lib/gcc/arm-none-eabi/15.2.1/thumb/v7e-m+fp/hard/libgcc.a(_aeabi_uldivmod.o)
                              cmake/stm32cubemx/CMakeFiles/STM32_Drivers.dir/__/__/Drivers/STM32F4xx_HAL_Driver/Src/stm32f4xx_hal_rcc.c.obj (__aeabi_uldivmod)
[...]
Memory Configuration

Name             Origin             Length             Attributes
RAM              0x20000000         0x00020000         xrw
FLASH            0x08000000         0x00080000         xr
*default*        0x00000000         0xffffffff

Linker script and memory map

LOAD /Applications/ArmGNUToolchain/15.2.rel1/arm-none-eabi/bin/../lib/gcc/arm-none-eabi/15.2.1/thumb/v7e-m+fp/hard/crti.o
LOAD /Applications/ArmGNUToolchain/15.2.rel1/arm-none-eabi/bin/../lib/gcc/arm-none-eabi/15.2.1/thumb/v7e-m+fp/hard/crtbegin.o
LOAD /Applications/ArmGNUToolchain/15.2.rel1/arm-none-eabi/bin/../lib/gcc/arm-none-eabi/15.2.1/../../../../arm-none-eabi/lib/thumb/v7e-m+fp/hard/crt0.o
LOAD CMakeFiles/RTOS-PriorityInversion-WD.dir/Core/Src/main.c.obj
LOAD CMakeFiles/RTOS-PriorityInversion-WD.dir/Core/Src/freertos.c.obj
LOAD CMakeFiles/RTOS-PriorityInversion-WD.dir/Core/Src/stm32f4xx_it.c.obj
LOAD CMakeFiles/RTOS-PriorityInversion-WD.dir/Core/Src/stm32f4xx_hal_msp.c.obj
LOAD CMakeFiles/RTOS-PriorityInversion-WD.dir/Core/Src/stm32f4xx_hal_timebase_tim.c.obj
LOAD CMakeFiles/RTOS-PriorityInversion-WD.dir/Core/Src/sysmem.c.obj
LOAD CMakeFiles/RTOS-PriorityInversion-WD.dir/Core/Src/syscalls.c.obj
LOAD CMakeFiles/RTOS-PriorityInversion-WD.dir/startup_stm32f446xx.s.obj
LOAD CMakeFiles/RTOS-PriorityInversion-WD.dir/Drivers/oled/ssd1306.c.obj
LOAD CMakeFiles/RTOS-PriorityInversion-WD.dir/Drivers/oled/ssd1306_fonts.c.obj
LOAD CMakeFiles/RTOS-PriorityInversion-WD.dir/Core/Src/bme280.c.obj
LOAD CMakeFiles/RTOS-PriorityInversion-WD.dir/App/Src/CommsTask.cpp.obj
LOAD CMakeFiles/RTOS-PriorityInversion-WD.dir/App/Src/DisplayTask.cpp.obj
LOAD CMakeFiles/RTOS-PriorityInversion-WD.dir/App/Src/SensorTask.cpp.obj
LOAD CMakeFiles/RTOS-PriorityInversion-WD.dir/App/Src/Task.cpp.obj
LOAD CMakeFiles/RTOS-PriorityInversion-WD.dir/App/Src/app_main.cpp.obj
LOAD cmake/stm32cubemx/CMakeFiles/STM32_Drivers.dir/__/__/Core/Src/system_stm32f4xx.c.obj
LOAD cmake/stm32cubemx/CMakeFiles/STM32_Drivers.dir/__/__/Drivers/STM32F4xx_HAL_Driver/Src/stm32f4xx_hal_tim.c.obj
LOAD cmake/stm32cubemx/CMakeFiles/STM32_Drivers.dir/__/__/Drivers/STM32F4xx_HAL_Driver/Src/stm32f4xx_hal_tim_ex.c.obj
LOAD cmake/stm32cubemx/CMakeFiles/STM32_Drivers.dir/__/__/Drivers/STM32F4xx_HAL_Driver/Src/stm32f4xx_hal_rcc.c.obj
LOAD cmake/stm32cubemx/CMakeFiles/STM32_Drivers.dir/__/__/Drivers/STM32F4xx_HAL_Driver/Src/stm32f4xx_hal_rcc_ex.c.obj
LOAD cmake/stm32cubemx/CMakeFiles/STM32_Drivers.dir/__/__/Drivers/STM32F4xx_HAL_Driver/Src/stm32f4xx_hal_flash.c.obj
LOAD cmake/stm32cubemx/CMakeFiles/STM32_Drivers.dir/__/__/Drivers/STM32F4xx_HAL_Driver/Src/stm32f4xx_hal_flash_ex.c.obj
LOAD cmake/stm32cubemx/CMakeFiles/STM32_Drivers.dir/__/__/Drivers/STM32F4xx_HAL_Driver/Src/stm32f4xx_hal_flash_ramfunc.c.obj
LOAD cmake/stm32cubemx/CMakeFiles/STM32_Drivers.dir/__/__/Drivers/STM32F4xx_HAL_Driver/Src/stm32f4xx_hal_gpio.c.obj
LOAD cmake/stm32cubemx/CMakeFiles/STM32_Drivers.dir/__/__/Drivers/STM32F4xx_HAL_Driver/Src/stm32f4xx_hal_dma_ex.c.obj
LOAD cmake/stm32cubemx/CMakeFiles/STM32_Drivers.dir/__/__/Drivers/STM32F4xx_HAL_Driver/Src/stm32f4xx_hal_dma.c.obj
LOAD cmake/stm32cubemx/CMakeFiles/STM32_Drivers.dir/__/__/Drivers/STM32F4xx_HAL_Driver/Src/stm32f4xx_hal_pwr.c.obj
LOAD cmake/stm32cubemx/CMakeFiles/STM32_Drivers.dir/__/__/Drivers/STM32F4xx_HAL_Driver/Src/stm32f4xx_hal_pwr_ex.c.obj
LOAD cmake/stm32cubemx/CMakeFiles/STM32_Drivers.dir/__/__/Drivers/STM32F4xx_HAL_Driver/Src/stm32f4xx_hal_cortex.c.obj
LOAD cmake/stm32cubemx/CMakeFiles/STM32_Drivers.dir/__/__/Drivers/STM32F4xx_HAL_Driver/Src/stm32f4xx_hal.c.obj
LOAD cmake/stm32cubemx/CMakeFiles/STM32_Drivers.dir/__/__/Drivers/STM32F4xx_HAL_Driver/Src/stm32f4xx_hal_exti.c.obj
LOAD cmake/stm32cubemx/CMakeFiles/STM32_Drivers.dir/__/__/Drivers/STM32F4xx_HAL_Driver/Src/stm32f4xx_hal_i2c.c.obj
LOAD cmake/stm32cubemx/CMakeFiles/STM32_Drivers.dir/__/__/Drivers/STM32F4xx_HAL_Driver/Src/stm32f4xx_hal_i2c_ex.c.obj
LOAD cmake/stm32cubemx/CMakeFiles/STM32_Drivers.dir/__/__/Drivers/STM32F4xx_HAL_Driver/Src/stm32f4xx_hal_uart.c.obj
LOAD cmake/stm32cubemx/CMakeFiles/FreeRTOS.dir/__/__/Middlewares/Third_Party/FreeRTOS/Source/croutine.c.obj
LOAD cmake/stm32cubemx/CMakeFiles/FreeRTOS.dir/__/__/Middlewares/Third_Party/FreeRTOS/Source/event_groups.c.obj
LOAD cmake/stm32cubemx/CMakeFiles/FreeRTOS.dir/__/__/Middlewares/Third_Party/FreeRTOS/Source/list.c.obj
LOAD cmake/stm32cubemx/CMakeFiles/FreeRTOS.dir/__/__/Middlewares/Third_Party/FreeRTOS/Source/queue.c.obj
LOAD cmake/stm32cubemx/CMakeFiles/FreeRTOS.dir/__/__/Middlewares/Third_Party/FreeRTOS/Source/stream_buffer.c.obj
LOAD cmake/stm32cubemx/CMakeFiles/FreeRTOS.dir/__/__/Middlewares/Third_Party/FreeRTOS/Source/tasks.c.obj
LOAD cmake/stm32cubemx/CMakeFiles/FreeRTOS.dir/__/__/Middlewares/Third_Party/FreeRTOS/Source/timers.c.obj
LOAD cmake/stm32cubemx/CMakeFiles/FreeRTOS.dir/__/__/Middlewares/Third_Party/FreeRTOS/Source/CMSIS_RTOS_V2/cmsis_os2.c.obj
LOAD cmake/stm32cubemx/CMakeFiles/FreeRTOS.dir/__/__/Middlewares/Third_Party/FreeRTOS/Source/portable/MemMang/heap_4.c.obj
LOAD cmake/stm32cubemx/CMakeFiles/FreeRTOS.dir/__/__/Middlewares/Third_Party/FreeRTOS/Source/portable/GCC/ARM_CM4F/port.c.obj
LOAD /Applications/ArmGNUToolchain/15.2.rel1/arm-none-eabi/bin/../lib/gcc/arm-none-eabi/15.2.1/../../../../arm-none-eabi/lib/thumb/v7e-m+fp/hard/libstdc++_nano.a
LOAD /Applications/ArmGNUToolchain/15.2.rel1/arm-none-eabi/bin/../lib/gcc/arm-none-eabi/15.2.1/../../../../arm-none-eabi/lib/thumb/v7e-m+fp/hard/libm.a
START GROUP
LOAD /Applications/ArmGNUToolchain/15.2.rel1/arm-none-eabi/bin/../lib/gcc/arm-none-eabi/15.2.1/thumb/v7e-m+fp/hard/libgcc.a
LOAD /Applications/ArmGNUToolchain/15.2.rel1/arm-none-eabi/bin/../lib/gcc/arm-none-eabi/15.2.1/../../../../arm-none-eabi/lib/thumb/v7e-m+fp/hard/libg_nano.a
LOAD /Applications/ArmGNUToolchain/15.2.rel1/arm-none-eabi/bin/../lib/gcc/arm-none-eabi/15.2.1/../../../../arm-none-eabi/lib/thumb/v7e-m+fp/hard/libc_nano.a
END GROUP
START GROUP
LOAD /Applications/ArmGNUToolchain/15.2.rel1/arm-none-eabi/bin/../lib/gcc/arm-none-eabi/15.2.1/thumb/v7e-m+fp/hard/libgcc.a
LOAD /Applications/ArmGNUToolchain/15.2.rel1/arm-none-eabi/bin/../lib/gcc/arm-none-eabi/15.2.1/../../../../arm-none-eabi/lib/thumb/v7e-m+fp/hard/libc_nano.a
END GROUP
LOAD /Applications/ArmGNUToolchain/15.2.rel1/arm-none-eabi/bin/../lib/gcc/arm-none-eabi/15.2.1/thumb/v7e-m+fp/hard/crtend.o
LOAD /Applications/ArmGNUToolchain/15.2.rel1/arm-none-eabi/bin/../lib/gcc/arm-none-eabi/15.2.1/thumb/v7e-m+fp/hard/crtn.o
                0x20020000                        _estack = (ORIGIN (RAM) + LENGTH (RAM))
                0x2001fc00                        _sstack = (_estack - _Min_Stack_Size)
                0x00000200                        _Min_Heap_Size = 0x200
                0x00000400                        _Min_Stack_Size = 0x400

.isr_vector     0x08000000      0x1c4
                0x08000000                        . = ALIGN (0x4)
 *(.isr_vector)
 .isr_vector    0x08000000      0x1c4 CMakeFiles/RTOS-PriorityInversion-WD.dir/startup_stm32f446xx.s.obj
                0x08000000                g_pfnVectors
                0x080001c4                        . = ALIGN (0x4)

.text           0x080001d0     0xba70
                0x080001d0                        . = ALIGN (0x4)
 *(.text)
 .text          0x080001d0      0x378 /Applications/ArmGNUToolchain/15.2.rel1/arm-none-eabi/bin/../lib/gcc/arm-none-eabi/15.2.1/thumb/v7e-m+fp/hard/libgcc.a(_arm_addsubdf3.o)
                0x080001d0                __aeabi_drsub
                0x080001d8                __subdf3
                0x080001d8                __aeabi_dsub
                0x080001dc                __aeabi_dadd
                0x080001dc                __adddf3
                0x08000454                __aeabi_ui2d
                0x08000454                __floatunsidf
                0x08000474                __floatsidf
                0x08000474                __aeabi_i2d
                0x08000498                __extendsfdf2
                0x08000498                __aeabi_f2d
                0x080004dc                __aeabi_ul2d
                0x080004dc                __floatundidf
                0x080004ec                __aeabi_l2d
                0x080004ec                __floatdidf
 .text          0x08000548      0x21c /Applications/ArmGNUToolchain/15.2.rel1/arm-none-eabi/bin/../lib/gcc/arm-none-eabi/15.2.1/thumb/v7e-m+fp/hard/libgcc.a(_arm_addsubsf3.o)
                0x08000548                __aeabi_frsub
                0x08000550                __aeabi_fsub
                0x08000550                __subsf3
                0x08000554                __aeabi_fadd
                0x08000554                __addsf3
                0x080006b4                __aeabi_ui2f
                0x080006b4                __floatunsisf
                0x080006bc                __floatsisf
                0x080006bc                __aeabi_i2f
                0x080006d8                __aeabi_ul2f
                0x080006d8                __floatundisf
                0x080006e8                __aeabi_l2f
                0x080006e8                __floatdisf
 .text          0x08000764       0xa0 /Applications/ArmGNUToolchain/15.2.rel1/arm-none-eabi/bin/../lib/gcc/arm-none-eabi/15.2.1/thumb/v7e-m+fp/hard/libgcc.a(_aeabi_ldivmod.o)
                0x08000764                __aeabi_ldivmod
 .text          0x08000804       0x30 /Applications/ArmGNUToolchain/15.2.rel1/arm-none-eabi/bin/../lib/gcc/arm-none-eabi/15.2.1/thumb/v7e-m+fp/hard/libgcc.a(_aeabi_uldivmod.o)
                0x08000804                __aeabi_uldivmod
 .text          0x08000834        0x4 /Applications/ArmGNUToolchain/15.2.rel1/arm-none-eabi/bin/../lib/gcc/arm-none-eabi/15.2.1/thumb/v7e-m+fp/hard/libgcc.a(_dvmd_tls.o)
                0x08000834                __aeabi_ldiv0
                0x08000834                __aeabi_idiv0
 *fill*         0x08000838        0x8 
 .text          0x08000840       0xa0 /Applications/ArmGNUToolchain/15.2.rel1/arm-none-eabi/bin/../lib/gcc/arm-none-eabi/15.2.1/../../../../arm-none-eabi/lib/thumb/v7e-m+fp/hard/libg_nano.a(libc_a-memchr.o)
                0x08000840                memchr
 .text          0x080008e0       0x10 /Applications/ArmGNUToolchain/15.2.rel1/arm-none-eabi/bin/../lib/gcc/arm-none-eabi/15.2.1/../../../../arm-none-eabi/lib/thumb/v7e-m+fp/hard/libg_nano.a(libc_a-strlen.o)
                0x080008e0                strlen
 .text          0x080008f0      0x424 /Applications/ArmGNUToolchain/15.2.rel1/arm-none-eabi/bin/../lib/gcc/arm-none-eabi/15.2.1/thumb/v7e-m+fp/hard/libgcc.a(_arm_muldivdf3.o)
                0x080008f0                __aeabi_dmul
                0x080008f0                __muldf3
                0x08000b44                __aeabi_ddiv
                0x08000b44                __divdf3
 .text          0x08000d14      0x110 /Applications/ArmGNUToolchain/15.2.rel1/arm-none-eabi/bin/../lib/gcc/arm-none-eabi/15.2.1/thumb/v7e-m+fp/hard/libgcc.a(_arm_cmpdf2.o)
                0x08000d14                __gedf2
                0x08000d14                __gtdf2
                0x08000d1c                __ledf2
                0x08000d1c                __ltdf2
                0x08000d24                __cmpdf2
                0x08000d24                __eqdf2
                0x08000d24                __nedf2
                0x08000da0                __aeabi_cdrcmple
                0x08000db0                __aeabi_cdcmple
                0x08000db0                __aeabi_cdcmpeq
                0x08000dc0                __aeabi_dcmpeq
                0x08000dd4                __aeabi_dcmplt
                0x08000de8                __aeabi_dcmple
                0x08000dfc                __aeabi_dcmpge
                0x08000e10                __aeabi_dcmpgt
 .text          0x08000e24       0x2c /Applications/ArmGNUToolchain/15.2.rel1/arm-none-eabi/bin/../lib/gcc/arm-none-eabi/15.2.1/thumb/v7e-m+fp/hard/libgcc.a(_arm_unorddf2.o)
                0x08000e24                __aeabi_dcmpun
                0x08000e24                __unorddf2
 .text          0x08000e50       0x50 /Applications/ArmGNUToolchain/15.2.rel1/arm-none-eabi/bin/../lib/gcc/arm-none-eabi/15.2.1/thumb/v7e-m+fp/hard/libgcc.a(_arm_fixdfsi.o)
                0x08000e50                __fixdfsi
                0x08000e50                __aeabi_d2iz
 *(.text*)
 .text.deregister_tm_clones
                0x08000ea0       0x1c /Applications/ArmGNUToolchain/15.2.rel1/arm-none-eabi/bin/../lib/gcc/arm-none-eabi/15.2.1/thumb/v7e-m+fp/hard/crtbegin.o
 .text.register_tm_clones
                0x08000ebc       0x24 /Applications/ArmGNUToolchain/15.2.rel1/arm-none-eabi/bin/../lib/gcc/arm-none-eabi/15.2.1/thumb/v7e-m+fp/hard/crtbegin.o
 .text.__do_global_dtors_aux
                0x08000ee0       0x28 /Applications/ArmGNUToolchain/15.2.rel1/arm-none-eabi/bin/../lib/gcc/arm-none-eabi/15.2.1/thumb/v7e-m+fp/hard/crtbegin.o
 .text.frame_dummy
                0x08000f08       0x24 /Applications/ArmGNUToolchain/15.2.rel1/arm-none-eabi/bin/../lib/gcc/arm-none-eabi/15.2.1/thumb/v7e-m+fp/hard/crtbegin.o
 .text.main     0x08000f2c       0x2c CMakeFiles/RTOS-PriorityInversion-WD.dir/Core/Src/main.c.obj
                0x08000f2c                main
 .text.SystemClock_Config
                0x08000f58       0xe4 CMakeFiles/RTOS-PriorityInversion-WD.dir/Core/Src/main.c.obj
                0x08000f58                SystemClock_Config
 .text.MX_I2C1_Init
                0x0800103c       0x5c CMakeFiles/RTOS-PriorityInversion-WD.dir/Core/Src/main.c.obj
 .text.MX_USART1_UART_Init
                0x08001098       0x54 CMakeFiles/RTOS-PriorityInversion-WD.dir/Core/Src/main.c.obj
 .text.MX_USART2_UART_Init
                0x080010ec       0x54 CMakeFiles/RTOS-PriorityInversion-WD.dir/Core/Src/main.c.obj
 .text.MX_GPIO_Init
                0x08001140       0xdc CMakeFiles/RTOS-PriorityInversion-WD.dir/Core/Src/main.c.obj
 .text.HAL_TIM_PeriodElapsedCallback
                0x0800121c       0x24 CMakeFiles/RTOS-PriorityInversion-WD.dir/Core/Src/main.c.obj
                0x0800121c                HAL_TIM_PeriodElapsedCallback
 .text.Error_Handler
                0x08001240        0xc CMakeFiles/RTOS-PriorityInversion-WD.dir/Core/Src/main.c.obj
                0x08001240                Error_Handler
 .text.NMI_Handler
                0x0800124c        0x8 CMakeFiles/RTOS-PriorityInversion-WD.dir/Core/Src/stm32f4xx_it.c.obj
                0x0800124c                NMI_Handler
 .text.HardFault_Handler
                0x08001254        0x8 CMakeFiles/RTOS-PriorityInversion-WD.dir/Core/Src/stm32f4xx_it.c.obj
                0x08001254                HardFault_Handler
 .text.MemManage_Handler
                0x0800125c        0x8 CMakeFiles/RTOS-PriorityInversion-WD.dir/Core/Src/stm32f4xx_it.c.obj
                0x0800125c                MemManage_Handler
 .text.BusFault_Handler
                0x08001264        0x8 CMakeFiles/RTOS-PriorityInversion-WD.dir/Core/Src/stm32f4xx_it.c.obj
                0x08001264                BusFault_Handler
 .text.UsageFault_Handler
                0x0800126c        0x8 CMakeFiles/RTOS-PriorityInversion-WD.dir/Core/Src/stm32f4xx_it.c.obj
                0x0800126c                UsageFault_Handler
 .text.DebugMon_Handler
                0x08001274        0xc CMakeFiles/RTOS-PriorityInversion-WD.dir/Core/Src/stm32f4xx_it.c.obj
                0x08001274                DebugMon_Handler
 .text.TIM6_DAC_IRQHandler
                0x08001280       0x14 CMakeFiles/RTOS-PriorityInversion-WD.dir/Core/Src/stm32f4xx_it.c.obj
                0x08001280                TIM6_DAC_IRQHandler
 .text.HAL_MspInit
                0x08001294       0x58 CMakeFiles/RTOS-PriorityInversion-WD.dir/Core/Src/stm32f4xx_hal_msp.c.obj
                0x08001294                HAL_MspInit
 .text.HAL_I2C_MspInit
                0x080012ec       0x90 CMakeFiles/RTOS-PriorityInversion-WD.dir/Core/Src/stm32f4xx_hal_msp.c.obj
                0x080012ec                HAL_I2C_MspInit
 .text.HAL_UART_MspInit
                0x0800137c       0xf8 CMakeFiles/RTOS-PriorityInversion-WD.dir/Core/Src/stm32f4xx_hal_msp.c.obj
                0x0800137c                HAL_UART_MspInit
 .text.HAL_InitTick
                0x08001474       0xf8 CMakeFiles/RTOS-PriorityInversion-WD.dir/Core/Src/stm32f4xx_hal_timebase_tim.c.obj
                0x08001474                HAL_InitTick
 .text._sbrk    0x0800156c       0x6c CMakeFiles/RTOS-PriorityInversion-WD.dir/Core/Src/sysmem.c.obj
                0x0800156c                _sbrk
 .text._getpid  0x080015d8        0xe CMakeFiles/RTOS-PriorityInversion-WD.dir/Core/Src/syscalls.c.obj
                0x080015d8                _getpid
 .text._kill    0x080015e6       0x20 CMakeFiles/RTOS-PriorityInversion-WD.dir/Core/Src/syscalls.c.obj
                0x080015e6                _kill
 .text._exit    0x08001606       0x16 CMakeFiles/RTOS-PriorityInversion-WD.dir/Core/Src/syscalls.c.obj
                0x08001606                _exit
 .text._read    0x0800161c       0x3a CMakeFiles/RTOS-PriorityInversion-WD.dir/Core/Src/syscalls.c.obj
                0x0800161c                _read
 .text._write   0x08001656       0x38 CMakeFiles/RTOS-PriorityInversion-WD.dir/Core/Src/syscalls.c.obj
                0x08001656                _write
 .text._close   0x0800168e       0x16 CMakeFiles/RTOS-PriorityInversion-WD.dir/Core/Src/syscalls.c.obj
                0x0800168e                _close
 .text._fstat   0x080016a4       0x1e CMakeFiles/RTOS-PriorityInversion-WD.dir/Core/Src/syscalls.c.obj
                0x080016a4                _fstat
 .text._isatty  0x080016c2       0x14 CMakeFiles/RTOS-PriorityInversion-WD.dir/Core/Src/syscalls.c.obj
                0x080016c2                _isatty
 .text._lseek   0x080016d6       0x18 CMakeFiles/RTOS-PriorityInversion-WD.dir/Core/Src/syscalls.c.obj
                0x080016d6                _lseek
 *fill*         0x080016ee        0x2 
 .text.Reset_Handler
                0x080016f0       0x50 CMakeFiles/RTOS-PriorityInversion-WD.dir/startup_stm32f446xx.s.obj
                0x080016f0                Reset_Handler
 .text.Default_Handler
                0x08001740        0x2 CMakeFiles/RTOS-PriorityInversion-WD.dir/startup_stm32f446xx.s.obj
                0x08001740                DMA1_Stream3_IRQHandler
                0x08001740                EXTI2_IRQHandler
                0x08001740                TIM8_CC_IRQHandler
                0x08001740                FMPI2C1_EV_IRQHandler
                0x08001740                SPI4_IRQHandler
                0x08001740                TIM1_CC_IRQHandler
                0x08001740                DMA2_Stream5_IRQHandler
                0x08001740                DMA1_Stream5_IRQHandler
                0x08001740                PVD_IRQHandler
                0x08001740                SDIO_IRQHandler
                0x08001740                TAMP_STAMP_IRQHandler
                0x08001740                CAN2_RX1_IRQHandler
                0x08001740                EXTI3_IRQHandler
                0x08001740                TIM8_TRG_COM_TIM14_IRQHandler
                0x08001740                TIM1_UP_TIM10_IRQHandler
                0x08001740                TIM8_UP_TIM13_IRQHandler
                0x08001740                I2C3_ER_IRQHandler
                0x08001740                EXTI0_IRQHandler
                0x08001740                I2C2_EV_IRQHandler
                0x08001740                DMA1_Stream2_IRQHandler
                0x08001740                CAN1_RX0_IRQHandler
                0x08001740                FPU_IRQHandler
                0x08001740                OTG_HS_WKUP_IRQHandler
                0x08001740                CAN2_SCE_IRQHandler
                0x08001740                DMA2_Stream2_IRQHandler
                0x08001740                SPI1_IRQHandler
                0x08001740                TIM1_BRK_TIM9_IRQHandler
                0x08001740                DCMI_IRQHandler
                0x08001740                CAN2_RX0_IRQHandler
                0x08001740                DMA2_Stream3_IRQHandler
                0x08001740                SAI2_IRQHandler
                0x08001740                USART6_IRQHandler
                0x08001740                USART3_IRQHandler
                0x08001740                CAN1_RX1_IRQHandler
                0x08001740                UART5_IRQHandler
                0x08001740                DMA2_Stream0_IRQHandler
                0x08001740                TIM4_IRQHandler
                0x08001740                QUADSPI_IRQHandler
                0x08001740                I2C1_EV_IRQHandler
                0x08001740                DMA1_Stream6_IRQHandler
                0x08001740                DMA1_Stream1_IRQHandler
                0x08001740                UART4_IRQHandler
                0x08001740                TIM3_IRQHandler
                0x08001740                RCC_IRQHandler
                0x08001740                TIM8_BRK_TIM12_IRQHandler
                0x08001740                Default_Handler
                0x08001740                CEC_IRQHandler
                0x08001740                EXTI15_10_IRQHandler
                0x08001740                ADC_IRQHandler
                0x08001740                DMA1_Stream7_IRQHandler
                0x08001740                TIM7_IRQHandler
                0x08001740                CAN2_TX_IRQHandler
                0x08001740                TIM5_IRQHandler
                0x08001740                DMA2_Stream7_IRQHandler
                0x08001740                I2C3_EV_IRQHandler
                0x08001740                EXTI9_5_IRQHandler
                0x08001740                RTC_WKUP_IRQHandler
                0x08001740                SPDIF_RX_IRQHandler
                0x08001740                SPI2_IRQHandler
                0x08001740                OTG_HS_EP1_IN_IRQHandler
                0x08001740                DMA1_Stream0_IRQHandler
                0x08001740                CAN1_TX_IRQHandler
                0x08001740                FMPI2C1_ER_IRQHandler
                0x08001740                EXTI4_IRQHandler
                0x08001740                OTG_HS_EP1_OUT_IRQHandler
                0x08001740                WWDG_IRQHandler
                0x08001740                TIM2_IRQHandler
                0x08001740                OTG_FS_WKUP_IRQHandler
                0x08001740                TIM1_TRG_COM_TIM11_IRQHandler
                0x08001740                OTG_HS_IRQHandler
                0x08001740                EXTI1_IRQHandler
                0x08001740                USART2_IRQHandler
                0x08001740                I2C2_ER_IRQHandler
                0x08001740                DMA2_Stream1_IRQHandler
                0x08001740                CAN1_SCE_IRQHandler
                0x08001740                FLASH_IRQHandler
                0x08001740                DMA2_Stream4_IRQHandler
                0x08001740                USART1_IRQHandler
                0x08001740                OTG_FS_IRQHandler
                0x08001740                SPI3_IRQHandler
                0x08001740                DMA1_Stream4_IRQHandler
                0x08001740                I2C1_ER_IRQHandler
                0x08001740                FMC_IRQHandler
                0x08001740                DMA2_Stream6_IRQHandler
                0x08001740                SAI1_IRQHandler
                0x08001740                RTC_Alarm_IRQHandler
 .text.ssd1306_Reset
                0x08001742        0xc CMakeFiles/RTOS-PriorityInversion-WD.dir/Drivers/oled/ssd1306.c.obj
                0x08001742                ssd1306_Reset
 *fill*         0x0800174e        0x2 
 .text.ssd1306_WriteCommand
                0x08001750       0x30 CMakeFiles/RTOS-PriorityInversion-WD.dir/Drivers/oled/ssd1306.c.obj
                0x08001750                ssd1306_WriteCommand
 .text.ssd1306_WriteData
                0x08001780       0x34 CMakeFiles/RTOS-PriorityInversion-WD.dir/Drivers/oled/ssd1306.c.obj
                0x08001780                ssd1306_WriteData
 .text.ssd1306_Init
                0x080017b4       0xd4 CMakeFiles/RTOS-PriorityInversion-WD.dir/Drivers/oled/ssd1306.c.obj
                0x080017b4                ssd1306_Init
 .text.ssd1306_Fill
                0x08001888       0x30 CMakeFiles/RTOS-PriorityInversion-WD.dir/Drivers/oled/ssd1306.c.obj
                0x08001888                ssd1306_Fill
 .text.ssd1306_UpdateScreen
                0x080018b8       0x50 CMakeFiles/RTOS-PriorityInversion-WD.dir/Drivers/oled/ssd1306.c.obj
                0x080018b8                ssd1306_UpdateScreen
 .text.ssd1306_DrawPixel
                0x08001908       0xa4 CMakeFiles/RTOS-PriorityInversion-WD.dir/Drivers/oled/ssd1306.c.obj
                0x08001908                ssd1306_DrawPixel
 .text.ssd1306_WriteChar
                0x080019ac      0x124 CMakeFiles/RTOS-PriorityInversion-WD.dir/Drivers/oled/ssd1306.c.obj
                0x080019ac                ssd1306_WriteChar
 .text.ssd1306_WriteString
                0x08001ad0       0x4c CMakeFiles/RTOS-PriorityInversion-WD.dir/Drivers/oled/ssd1306.c.obj
                0x08001ad0                ssd1306_WriteString
 .text.ssd1306_SetCursor
                0x08001b1c       0x30 CMakeFiles/RTOS-PriorityInversion-WD.dir/Drivers/oled/ssd1306.c.obj
                0x08001b1c                ssd1306_SetCursor
 .text.ssd1306_SetContrast
                0x08001b4c       0x26 CMakeFiles/RTOS-PriorityInversion-WD.dir/Drivers/oled/ssd1306.c.obj
                0x08001b4c                ssd1306_SetContrast
 *fill*         0x08001b72        0x2 
 .text.ssd1306_SetDisplayOn
                0x08001b74       0x3c CMakeFiles/RTOS-PriorityInversion-WD.dir/Drivers/oled/ssd1306.c.obj
                0x08001b74                ssd1306_SetDisplayOn
 .text.BME280_ParseCalib
                0x08001bb0      0x1e2 CMakeFiles/RTOS-PriorityInversion-WD.dir/Core/Src/bme280.c.obj
 .text.BME280_Init
                0x08001d92      0x156 CMakeFiles/RTOS-PriorityInversion-WD.dir/Core/Src/bme280.c.obj
                0x08001d92                BME280_Init
 .text.BME280_ReadAll
                0x08001ee8      0x7a0 CMakeFiles/RTOS-PriorityInversion-WD.dir/Core/Src/bme280.c.obj
                0x08001ee8                BME280_ReadAll
 .text._ZN4TaskD2Ev
                0x08002688       0x20 CMakeFiles/RTOS-PriorityInversion-WD.dir/App/Src/CommsTask.cpp.obj
                0x08002688                Task::~Task()
                0x08002688                Task::~Task()
 .text._ZN4TaskD0Ev
                0x080026a8       0x20 CMakeFiles/RTOS-PriorityInversion-WD.dir/App/Src/CommsTask.cpp.obj
                0x080026a8                Task::~Task()
 .text._ZN9CommsTask3runEv
                0x080026c8       0x3c CMakeFiles/RTOS-PriorityInversion-WD.dir/App/Src/CommsTask.cpp.obj
                0x080026c8                CommsTask::run()
 .text._ZN9CommsTask8transmitERK15SensorReading_t
                0x08002704       0x40 CMakeFiles/RTOS-PriorityInversion-WD.dir/App/Src/CommsTask.cpp.obj
                0x08002704                CommsTask::transmit(SensorReading_t const&)
 .text._ZN9CommsTask9serialiseERK15SensorReading_tPh
                0x08002744       0x9a CMakeFiles/RTOS-PriorityInversion-WD.dir/App/Src/CommsTask.cpp.obj
                0x08002744                CommsTask::serialise(SensorReading_t const&, unsigned char*)
 *fill*         0x080027de        0x2 
 .text._ZN9CommsTaskD2Ev
                0x080027e0       0x24 CMakeFiles/RTOS-PriorityInversion-WD.dir/App/Src/CommsTask.cpp.obj
                0x080027e0                CommsTask::~CommsTask()
                0x080027e0                CommsTask::~CommsTask()
 .text._ZN9CommsTaskD0Ev
                0x08002804       0x20 CMakeFiles/RTOS-PriorityInversion-WD.dir/App/Src/CommsTask.cpp.obj
                0x08002804                CommsTask::~CommsTask()
 .text._ZN11DisplayTask3runEv
                0x08002824       0x5c CMakeFiles/RTOS-PriorityInversion-WD.dir/App/Src/DisplayTask.cpp.obj
                0x08002824                DisplayTask::run()
 .text._ZN11DisplayTask10renderOLEDERK15SensorReading_t
                0x08002880       0xfc CMakeFiles/RTOS-PriorityInversion-WD.dir/App/Src/DisplayTask.cpp.obj
                0x08002880                DisplayTask::renderOLED(SensorReading_t const&)
 .text._ZN11DisplayTaskD2Ev
                0x0800297c       0x24 CMakeFiles/RTOS-PriorityInversion-WD.dir/App/Src/DisplayTask.cpp.obj
                0x0800297c                DisplayTask::~DisplayTask()
                0x0800297c                DisplayTask::~DisplayTask()
 .text._ZN11DisplayTaskD0Ev
                0x080029a0       0x20 CMakeFiles/RTOS-PriorityInversion-WD.dir/App/Src/DisplayTask.cpp.obj
                0x080029a0                DisplayTask::~DisplayTask()
 .text._ZN10SensorTaskC2Ev
                0x080029c0       0x5c CMakeFiles/RTOS-PriorityInversion-WD.dir/App/Src/SensorTask.cpp.obj
                0x080029c0                SensorTask::SensorTask()
                0x080029c0                SensorTask::SensorTask()
 .text._ZN10SensorTask3runEv
                0x08002a1c       0x58 CMakeFiles/RTOS-PriorityInversion-WD.dir/App/Src/SensorTask.cpp.obj
                0x08002a1c                SensorTask::run()
 .text._ZN10SensorTask10readBME280ER15SensorReading_t
                0x08002a74       0x40 CMakeFiles/RTOS-PriorityInversion-WD.dir/App/Src/SensorTask.cpp.obj
                0x08002a74                SensorTask::readBME280(SensorReading_t&)
 .text._ZN10SensorTask12postToQueuesERK15SensorReading_t
                0x08002ab4       0x38 CMakeFiles/RTOS-PriorityInversion-WD.dir/App/Src/SensorTask.cpp.obj
                0x08002ab4                SensorTask::postToQueues(SensorReading_t const&)
 .text._ZN10SensorTaskD2Ev
                0x08002aec       0x24 CMakeFiles/RTOS-PriorityInversion-WD.dir/App/Src/SensorTask.cpp.obj
                0x08002aec                SensorTask::~SensorTask()
                0x08002aec                SensorTask::~SensorTask()
 .text._ZN10SensorTaskD0Ev
                0x08002b10       0x20 CMakeFiles/RTOS-PriorityInversion-WD.dir/App/Src/SensorTask.cpp.obj
                0x08002b10                SensorTask::~SensorTask()
 .text._ZN4TaskC2EPKcm12osPriority_t
                0x08002b30       0x68 CMakeFiles/RTOS-PriorityInversion-WD.dir/App/Src/Task.cpp.obj
                0x08002b30                Task::Task(char const*, unsigned long, osPriority_t)
                0x08002b30                Task::Task(char const*, unsigned long, osPriority_t)
 .text._ZN4Task10trampolineEPv
                0x08002b98       0x22 CMakeFiles/RTOS-PriorityInversion-WD.dir/App/Src/Task.cpp.obj
                0x08002b98                Task::trampoline(void*)
 *fill*         0x08002bba        0x2 
 .text._ZN9CommsTaskC2Ev
                0x08002bbc       0x30 CMakeFiles/RTOS-PriorityInversion-WD.dir/App/Src/app_main.cpp.obj
                0x08002bbc                CommsTask::CommsTask()
                0x08002bbc                CommsTask::CommsTask()
 .text._ZN11DisplayTaskC2Ev
                0x08002bec       0x30 CMakeFiles/RTOS-PriorityInversion-WD.dir/App/Src/app_main.cpp.obj
                0x08002bec                DisplayTask::DisplayTask()
                0x08002bec                DisplayTask::DisplayTask()
 .text.AppInit  0x08002c1c       0x58 CMakeFiles/RTOS-PriorityInversion-WD.dir/App/Src/app_main.cpp.obj
                0x08002c1c                AppInit
 .text._Z41__static_initialization_and_destruction_0v
                0x08002c74       0x28 CMakeFiles/RTOS-PriorityInversion-WD.dir/App/Src/app_main.cpp.obj
 .text._Z41__static_initialization_and_destruction_1v
                0x08002c9c       0x28 CMakeFiles/RTOS-PriorityInversion-WD.dir/App/Src/app_main.cpp.obj
 .text._GLOBAL__sub_I_xDisplayQueue
                0x08002cc4        0xa CMakeFiles/RTOS-PriorityInversion-WD.dir/App/Src/app_main.cpp.obj
 .text._GLOBAL__sub_D_xDisplayQueue
                0x08002cce        0xa CMakeFiles/RTOS-PriorityInversion-WD.dir/App/Src/app_main.cpp.obj
 .text.SystemInit
                0x08002cd8       0x20 cmake/stm32cubemx/CMakeFiles/STM32_Drivers.dir/__/__/Core/Src/system_stm32f4xx.c.obj
                0x08002cd8                SystemInit
 .text.HAL_TIM_Base_Init
                0x08002cf8       0x9e cmake/stm32cubemx/CMakeFiles/STM32_Drivers.dir/__/__/Drivers/STM32F4xx_HAL_Driver/Src/stm32f4xx_hal_tim.c.obj
                0x08002cf8                HAL_TIM_Base_Init
 .text.HAL_TIM_Base_MspInit
                0x08002d96       0x12 cmake/stm32cubemx/CMakeFiles/STM32_Drivers.dir/__/__/Drivers/STM32F4xx_HAL_Driver/Src/stm32f4xx_hal_tim.c.obj
                0x08002d96                HAL_TIM_Base_MspInit
 .text.HAL_TIM_Base_Start_IT
                0x08002da8       0xdc cmake/stm32cubemx/CMakeFiles/STM32_Drivers.dir/__/__/Drivers/STM32F4xx_HAL_Driver/Src/stm32f4xx_hal_tim.c.obj
                0x08002da8                HAL_TIM_Base_Start_IT
 .text.HAL_TIM_IRQHandler
                0x08002e84      0x1e0 cmake/stm32cubemx/CMakeFiles/STM32_Drivers.dir/__/__/Drivers/STM32F4xx_HAL_Driver/Src/stm32f4xx_hal_tim.c.obj
                0x08002e84                HAL_TIM_IRQHandler
 .text.HAL_TIM_OC_DelayElapsedCallback
                0x08003064       0x12 cmake/stm32cubemx/CMakeFiles/STM32_Drivers.dir/__/__/Drivers/STM32F4xx_HAL_Driver/Src/stm32f4xx_hal_tim.c.obj
                0x08003064                HAL_TIM_OC_DelayElapsedCallback
 .text.HAL_TIM_IC_CaptureCallback
                0x08003076       0x12 cmake/stm32cubemx/CMakeFiles/STM32_Drivers.dir/__/__/Drivers/STM32F4xx_HAL_Driver/Src/stm32f4xx_hal_tim.c.obj
                0x08003076                HAL_TIM_IC_CaptureCallback
 .text.HAL_TIM_PWM_PulseFinishedCallback
                0x08003088       0x12 cmake/stm32cubemx/CMakeFiles/STM32_Drivers.dir/__/__/Drivers/STM32F4xx_HAL_Driver/Src/stm32f4xx_hal_tim.c.obj
                0x08003088                HAL_TIM_PWM_PulseFinishedCallback
 .text.HAL_TIM_TriggerCallback
                0x0800309a       0x12 cmake/stm32cubemx/CMakeFiles/STM32_Drivers.dir/__/__/Drivers/STM32F4xx_HAL_Driver/Src/stm32f4xx_hal_tim.c.obj
                0x0800309a                HAL_TIM_TriggerCallback
 .text.TIM_Base_SetConfig
                0x080030ac      0x148 cmake/stm32cubemx/CMakeFiles/STM32_Drivers.dir/__/__/Drivers/STM32F4xx_HAL_Driver/Src/stm32f4xx_hal_tim.c.obj
                0x080030ac                TIM_Base_SetConfig
 .text.HAL_TIMEx_CommutCallback
                0x080031f4       0x12 cmake/stm32cubemx/CMakeFiles/STM32_Drivers.dir/__/__/Drivers/STM32F4xx_HAL_Driver/Src/stm32f4xx_hal_tim_ex.c.obj
                0x080031f4                HAL_TIMEx_CommutCallback
 .text.HAL_TIMEx_BreakCallback
                0x08003206       0x12 cmake/stm32cubemx/CMakeFiles/STM32_Drivers.dir/__/__/Drivers/STM32F4xx_HAL_Driver/Src/stm32f4xx_hal_tim_ex.c.obj
                0x08003206                HAL_TIMEx_BreakCallback
 .text.HAL_RCC_ClockConfig
                0x08003218      0x1cc cmake/stm32cubemx/CMakeFiles/STM32_Drivers.dir/__/__/Drivers/STM32F4xx_HAL_Driver/Src/stm32f4xx_hal_rcc.c.obj
                0x08003218                HAL_RCC_ClockConfig
 .text.HAL_RCC_GetHCLKFreq
                0x080033e4       0x14 cmake/stm32cubemx/CMakeFiles/STM32_Drivers.dir/__/__/Drivers/STM32F4xx_HAL_Driver/Src/stm32f4xx_hal_rcc.c.obj
                0x080033e4                HAL_RCC_GetHCLKFreq
 .text.HAL_RCC_GetPCLK1Freq
                0x080033f8       0x28 cmake/stm32cubemx/CMakeFiles/STM32_Drivers.dir/__/__/Drivers/STM32F4xx_HAL_Driver/Src/stm32f4xx_hal_rcc.c.obj
                0x080033f8                HAL_RCC_GetPCLK1Freq
 .text.HAL_RCC_GetPCLK2Freq
                0x08003420       0x28 cmake/stm32cubemx/CMakeFiles/STM32_Drivers.dir/__/__/Drivers/STM32F4xx_HAL_Driver/Src/stm32f4xx_hal_rcc.c.obj
                0x08003420                HAL_RCC_GetPCLK2Freq
 .text.HAL_RCC_GetClockConfig
                0x08003448       0x60 cmake/stm32cubemx/CMakeFiles/STM32_Drivers.dir/__/__/Drivers/STM32F4xx_HAL_Driver/Src/stm32f4xx_hal_rcc.c.obj
                0x08003448                HAL_RCC_GetClockConfig
 .text.HAL_RCC_GetSysClockFreq
                0x080034a8      0x43c cmake/stm32cubemx/CMakeFiles/STM32_Drivers.dir/__/__/Drivers/STM32F4xx_HAL_Driver/Src/stm32f4xx_hal_rcc_ex.c.obj
                0x080034a8                HAL_RCC_GetSysClockFreq
 .text.HAL_RCC_OscConfig
                0x080038e4      0x53c cmake/stm32cubemx/CMakeFiles/STM32_Drivers.dir/__/__/Drivers/STM32F4xx_HAL_Driver/Src/stm32f4xx_hal_rcc_ex.c.obj
                0x080038e4                HAL_RCC_OscConfig
 .text.HAL_GPIO_Init
                0x08003e20      0x324 cmake/stm32cubemx/CMakeFiles/STM32_Drivers.dir/__/__/Drivers/STM32F4xx_HAL_Driver/Src/stm32f4xx_hal_gpio.c.obj
                0x08003e20                HAL_GPIO_Init
 .text.HAL_GPIO_WritePin
                0x08004144       0x30 cmake/stm32cubemx/CMakeFiles/STM32_Drivers.dir/__/__/Drivers/STM32F4xx_HAL_Driver/Src/stm32f4xx_hal_gpio.c.obj
                0x08004144                HAL_GPIO_WritePin
 .text.HAL_PWREx_EnableOverDrive
                0x08004174       0xa0 cmake/stm32cubemx/CMakeFiles/STM32_Drivers.dir/__/__/Drivers/STM32F4xx_HAL_Driver/Src/stm32f4xx_hal_pwr_ex.c.obj
                0x08004174                HAL_PWREx_EnableOverDrive
 .text.__NVIC_SetPriorityGrouping
                0x08004214       0x48 cmake/stm32cubemx/CMakeFiles/STM32_Drivers.dir/__/__/Drivers/STM32F4xx_HAL_Driver/Src/stm32f4xx_hal_cortex.c.obj
 .text.__NVIC_GetPriorityGrouping
                0x0800425c       0x1c cmake/stm32cubemx/CMakeFiles/STM32_Drivers.dir/__/__/Drivers/STM32F4xx_HAL_Driver/Src/stm32f4xx_hal_cortex.c.obj
 .text.__NVIC_EnableIRQ
                0x08004278       0x38 cmake/stm32cubemx/CMakeFiles/STM32_Drivers.dir/__/__/Drivers/STM32F4xx_HAL_Driver/Src/stm32f4xx_hal_cortex.c.obj
 .text.__NVIC_SetPriority
                0x080042b0       0x54 cmake/stm32cubemx/CMakeFiles/STM32_Drivers.dir/__/__/Drivers/STM32F4xx_HAL_Driver/Src/stm32f4xx_hal_cortex.c.obj
 .text.NVIC_EncodePriority
                0x08004304       0x6e cmake/stm32cubemx/CMakeFiles/STM32_Drivers.dir/__/__/Drivers/STM32F4xx_HAL_Driver/Src/stm32f4xx_hal_cortex.c.obj
 .text.HAL_NVIC_SetPriorityGrouping
                0x08004372       0x16 cmake/stm32cubemx/CMakeFiles/STM32_Drivers.dir/__/__/Drivers/STM32F4xx_HAL_Driver/Src/stm32f4xx_hal_cortex.c.obj
                0x08004372                HAL_NVIC_SetPriorityGrouping
 .text.HAL_NVIC_SetPriority
                0x08004388       0x38 cmake/stm32cubemx/CMakeFiles/STM32_Drivers.dir/__/__/Drivers/STM32F4xx_HAL_Driver/Src/stm32f4xx_hal_cortex.c.obj
                0x08004388                HAL_NVIC_SetPriority
 .text.HAL_NVIC_EnableIRQ
                0x080043c0       0x1c cmake/stm32cubemx/CMakeFiles/STM32_Drivers.dir/__/__/Drivers/STM32F4xx_HAL_Driver/Src/stm32f4xx_hal_cortex.c.obj
                0x080043c0                HAL_NVIC_EnableIRQ
 .text.HAL_Init
                0x080043dc       0x44 cmake/stm32cubemx/CMakeFiles/STM32_Drivers.dir/__/__/Drivers/STM32F4xx_HAL_Driver/Src/stm32f4xx_hal.c.obj
                0x080043dc                HAL_Init
 .text.HAL_IncTick
                0x08004420       0x24 cmake/stm32cubemx/CMakeFiles/STM32_Drivers.dir/__/__/Drivers/STM32F4xx_HAL_Driver/Src/stm32f4xx_hal.c.obj
                0x08004420                HAL_IncTick
 .text.HAL_GetTick
                0x08004444       0x14 cmake/stm32cubemx/CMakeFiles/STM32_Drivers.dir/__/__/Drivers/STM32F4xx_HAL_Driver/Src/stm32f4xx_hal.c.obj
                0x08004444                HAL_GetTick
 .text.HAL_Delay
                0x08004458       0x48 cmake/stm32cubemx/CMakeFiles/STM32_Drivers.dir/__/__/Drivers/STM32F4xx_HAL_Driver/Src/stm32f4xx_hal.c.obj
                0x08004458                HAL_Delay
 .text.HAL_I2C_Init
                0x080044a0      0x288 cmake/stm32cubemx/CMakeFiles/STM32_Drivers.dir/__/__/Drivers/STM32F4xx_HAL_Driver/Src/stm32f4xx_hal_i2c.c.obj
                0x080044a0                HAL_I2C_Init
 .text.HAL_I2C_Mem_Write
                0x08004728      0x1f4 cmake/stm32cubemx/CMakeFiles/STM32_Drivers.dir/__/__/Drivers/STM32F4xx_HAL_Driver/Src/stm32f4xx_hal_i2c.c.obj
                0x08004728                HAL_I2C_Mem_Write
 .text.HAL_I2C_Mem_Read
                0x0800491c      0x464 cmake/stm32cubemx/CMakeFiles/STM32_Drivers.dir/__/__/Drivers/STM32F4xx_HAL_Driver/Src/stm32f4xx_hal_i2c.c.obj
                0x0800491c                HAL_I2C_Mem_Read
 .text.I2C_RequestMemoryWrite
                0x08004d80      0x12c cmake/stm32cubemx/CMakeFiles/STM32_Drivers.dir/__/__/Drivers/STM32F4xx_HAL_Driver/Src/stm32f4xx_hal_i2c.c.obj
 .text.I2C_RequestMemoryRead
                0x08004eac      0x1d0 cmake/stm32cubemx/CMakeFiles/STM32_Drivers.dir/__/__/Drivers/STM32F4xx_HAL_Driver/Src/stm32f4xx_hal_i2c.c.obj
 .text.I2C_WaitOnFlagUntilTimeout
                0x0800507c       0xf4 cmake/stm32cubemx/CMakeFiles/STM32_Drivers.dir/__/__/Drivers/STM32F4xx_HAL_Driver/Src/stm32f4xx_hal_i2c.c.obj
 .text.I2C_WaitOnMasterAddressFlagUntilTimeout
                0x08005170      0x140 cmake/stm32cubemx/CMakeFiles/STM32_Drivers.dir/__/__/Drivers/STM32F4xx_HAL_Driver/Src/stm32f4xx_hal_i2c.c.obj
 .text.I2C_WaitOnTXEFlagUntilTimeout
                0x080052b0       0x90 cmake/stm32cubemx/CMakeFiles/STM32_Drivers.dir/__/__/Drivers/STM32F4xx_HAL_Driver/Src/stm32f4xx_hal_i2c.c.obj
 .text.I2C_WaitOnBTFFlagUntilTimeout
                0x08005340       0x90 cmake/stm32cubemx/CMakeFiles/STM32_Drivers.dir/__/__/Drivers/STM32F4xx_HAL_Driver/Src/stm32f4xx_hal_i2c.c.obj
 .text.I2C_WaitOnRXNEFlagUntilTimeout
                0x080053d0       0xba cmake/stm32cubemx/CMakeFiles/STM32_Drivers.dir/__/__/Drivers/STM32F4xx_HAL_Driver/Src/stm32f4xx_hal_i2c.c.obj
 .text.I2C_IsAcknowledgeFailed
                0x0800548a       0x5c cmake/stm32cubemx/CMakeFiles/STM32_Drivers.dir/__/__/Drivers/STM32F4xx_HAL_Driver/Src/stm32f4xx_hal_i2c.c.obj
 .text.HAL_UART_Init
                0x080054e6       0xa0 cmake/stm32cubemx/CMakeFiles/STM32_Drivers.dir/__/__/Drivers/STM32F4xx_HAL_Driver/Src/stm32f4xx_hal_uart.c.obj
                0x080054e6                HAL_UART_Init
 .text.HAL_UART_Transmit
                0x08005586      0x116 cmake/stm32cubemx/CMakeFiles/STM32_Drivers.dir/__/__/Drivers/STM32F4xx_HAL_Driver/Src/stm32f4xx_hal_uart.c.obj
                0x08005586                HAL_UART_Transmit
 .text.UART_WaitOnFlagUntilTimeout
                0x0800569c       0xb2 cmake/stm32cubemx/CMakeFiles/STM32_Drivers.dir/__/__/Drivers/STM32F4xx_HAL_Driver/Src/stm32f4xx_hal_uart.c.obj
 .text.UART_EndRxTransfer
                0x0800574e       0xc4 cmake/stm32cubemx/CMakeFiles/STM32_Drivers.dir/__/__/Drivers/STM32F4xx_HAL_Driver/Src/stm32f4xx_hal_uart.c.obj
 *fill*         0x08005812        0x2 
 .text.UART_SetConfig
                0x08005814      0x4e8 cmake/stm32cubemx/CMakeFiles/STM32_Drivers.dir/__/__/Drivers/STM32F4xx_HAL_Driver/Src/stm32f4xx_hal_uart.c.obj
 .text.vListInitialise
                0x08005cfc       0x3e cmake/stm32cubemx/CMakeFiles/FreeRTOS.dir/__/__/Middlewares/Third_Party/FreeRTOS/Source/list.c.obj
                0x08005cfc                vListInitialise
 .text.vListInitialiseItem
                0x08005d3a       0x18 cmake/stm32cubemx/CMakeFiles/FreeRTOS.dir/__/__/Middlewares/Third_Party/FreeRTOS/Source/list.c.obj
                0x08005d3a                vListInitialiseItem
 .text.vListInsertEnd
                0x08005d52       0x46 cmake/stm32cubemx/CMakeFiles/FreeRTOS.dir/__/__/Middlewares/Third_Party/FreeRTOS/Source/list.c.obj
                0x08005d52                vListInsertEnd
 .text.vListInsert
                0x08005d98       0x70 cmake/stm32cubemx/CMakeFiles/FreeRTOS.dir/__/__/Middlewares/Third_Party/FreeRTOS/Source/list.c.obj
                0x08005d98                vListInsert
 .text.uxListRemove
                0x08005e08       0x52 cmake/stm32cubemx/CMakeFiles/FreeRTOS.dir/__/__/Middlewares/Third_Party/FreeRTOS/Source/list.c.obj
                0x08005e08                uxListRemove
 *fill*         0x08005e5a        0x2 
 .text.xQueueGenericReset
                0x08005e5c       0xd4 cmake/stm32cubemx/CMakeFiles/FreeRTOS.dir/__/__/Middlewares/Third_Party/FreeRTOS/Source/queue.c.obj
                0x08005e5c                xQueueGenericReset
 .text.xQueueGenericCreateStatic
                0x08005f30       0xfa cmake/stm32cubemx/CMakeFiles/FreeRTOS.dir/__/__/Middlewares/Third_Party/FreeRTOS/Source/queue.c.obj
                0x08005f30                xQueueGenericCreateStatic
 .text.xQueueGenericCreate
                0x0800602a       0x76 cmake/stm32cubemx/CMakeFiles/FreeRTOS.dir/__/__/Middlewares/Third_Party/FreeRTOS/Source/queue.c.obj
                0x0800602a                xQueueGenericCreate
 .text.prvInitialiseNewQueue
                0x080060a0       0x46 cmake/stm32cubemx/CMakeFiles/FreeRTOS.dir/__/__/Middlewares/Third_Party/FreeRTOS/Source/queue.c.obj
 .text.prvInitialiseMutex
                0x080060e6       0x34 cmake/stm32cubemx/CMakeFiles/FreeRTOS.dir/__/__/Middlewares/Third_Party/FreeRTOS/Source/queue.c.obj
 .text.xQueueCreateMutex
                0x0800611a       0x30 cmake/stm32cubemx/CMakeFiles/FreeRTOS.dir/__/__/Middlewares/Third_Party/FreeRTOS/Source/queue.c.obj
                0x0800611a                xQueueCreateMutex
 *fill*         0x0800614a        0x2 
 .text.xQueueGenericSend
                0x0800614c      0x204 cmake/stm32cubemx/CMakeFiles/FreeRTOS.dir/__/__/Middlewares/Third_Party/FreeRTOS/Source/queue.c.obj
                0x0800614c                xQueueGenericSend
 .text.xQueueGenericSendFromISR
                0x08006350      0x13c cmake/stm32cubemx/CMakeFiles/FreeRTOS.dir/__/__/Middlewares/Third_Party/FreeRTOS/Source/queue.c.obj
                0x08006350                xQueueGenericSendFromISR
 .text.xQueueReceive
                0x0800648c      0x1c4 cmake/stm32cubemx/CMakeFiles/FreeRTOS.dir/__/__/Middlewares/Third_Party/FreeRTOS/Source/queue.c.obj
                0x0800648c                xQueueReceive
 .text.xQueuePeek
                0x08006650      0x1c8 cmake/stm32cubemx/CMakeFiles/FreeRTOS.dir/__/__/Middlewares/Third_Party/FreeRTOS/Source/queue.c.obj
                0x08006650                xQueuePeek
 .text.prvCopyDataToQueue
                0x08006818       0xd4 cmake/stm32cubemx/CMakeFiles/FreeRTOS.dir/__/__/Middlewares/Third_Party/FreeRTOS/Source/queue.c.obj
 .text.prvCopyDataFromQueue
                0x080068ec       0x4c cmake/stm32cubemx/CMakeFiles/FreeRTOS.dir/__/__/Middlewares/Third_Party/FreeRTOS/Source/queue.c.obj
 .text.prvUnlockQueue
                0x08006938       0xa4 cmake/stm32cubemx/CMakeFiles/FreeRTOS.dir/__/__/Middlewares/Third_Party/FreeRTOS/Source/queue.c.obj
 .text.prvIsQueueEmpty
                0x080069dc       0x2c cmake/stm32cubemx/CMakeFiles/FreeRTOS.dir/__/__/Middlewares/Third_Party/FreeRTOS/Source/queue.c.obj
 .text.prvIsQueueFull
                0x08006a08       0x30 cmake/stm32cubemx/CMakeFiles/FreeRTOS.dir/__/__/Middlewares/Third_Party/FreeRTOS/Source/queue.c.obj
 .text.vQueueAddToRegistry
                0x08006a38       0x50 cmake/stm32cubemx/CMakeFiles/FreeRTOS.dir/__/__/Middlewares/Third_Party/FreeRTOS/Source/queue.c.obj
                0x08006a38                vQueueAddToRegistry
 .text.vQueueWaitForMessageRestricted
                0x08006a88       0x68 cmake/stm32cubemx/CMakeFiles/FreeRTOS.dir/__/__/Middlewares/Third_Party/FreeRTOS/Source/queue.c.obj
                0x08006a88                vQueueWaitForMessageRestricted
 .text.xTaskCreateStatic
                0x08006af0       0xc4 cmake/stm32cubemx/CMakeFiles/FreeRTOS.dir/__/__/Middlewares/Third_Party/FreeRTOS/Source/tasks.c.obj
                0x08006af0                xTaskCreateStatic
 .text.xTaskCreate
                0x08006bb4       0x8c cmake/stm32cubemx/CMakeFiles/FreeRTOS.dir/__/__/Middlewares/Third_Party/FreeRTOS/Source/tasks.c.obj
                0x08006bb4                xTaskCreate
 .text.prvInitialiseNewTask
                0x08006c40      0x1a0 cmake/stm32cubemx/CMakeFiles/FreeRTOS.dir/__/__/Middlewares/Third_Party/FreeRTOS/Source/tasks.c.obj
 .text.prvAddNewTaskToReadyList
                0x08006de0       0xe0 cmake/stm32cubemx/CMakeFiles/FreeRTOS.dir/__/__/Middlewares/Third_Party/FreeRTOS/Source/tasks.c.obj
 .text.vTaskDelete
                0x08006ec0       0xe8 cmake/stm32cubemx/CMakeFiles/FreeRTOS.dir/__/__/Middlewares/Third_Party/FreeRTOS/Source/tasks.c.obj
                0x08006ec0                vTaskDelete
 .text.vTaskDelay
                0x08006fa8       0x6c cmake/stm32cubemx/CMakeFiles/FreeRTOS.dir/__/__/Middlewares/Third_Party/FreeRTOS/Source/tasks.c.obj
                0x08006fa8                vTaskDelay
 .text.vTaskStartScheduler
                0x08007014       0xe0 cmake/stm32cubemx/CMakeFiles/FreeRTOS.dir/__/__/Middlewares/Third_Party/FreeRTOS/Source/tasks.c.obj
                0x08007014                vTaskStartScheduler
 .text.vTaskSuspendAll
                0x080070f4       0x1c cmake/stm32cubemx/CMakeFiles/FreeRTOS.dir/__/__/Middlewares/Third_Party/FreeRTOS/Source/tasks.c.obj
                0x080070f4                vTaskSuspendAll
 .text.xTaskResumeAll
                0x08007110      0x13c cmake/stm32cubemx/CMakeFiles/FreeRTOS.dir/__/__/Middlewares/Third_Party/FreeRTOS/Source/tasks.c.obj
                0x08007110                xTaskResumeAll
 .text.xTaskGetTickCount
                0x0800724c       0x1c cmake/stm32cubemx/CMakeFiles/FreeRTOS.dir/__/__/Middlewares/Third_Party/FreeRTOS/Source/tasks.c.obj
                0x0800724c                xTaskGetTickCount
 .text.xTaskIncrementTick
                0x08007268      0x174 cmake/stm32cubemx/CMakeFiles/FreeRTOS.dir/__/__/Middlewares/Third_Party/FreeRTOS/Source/tasks.c.obj
                0x08007268                xTaskIncrementTick
 .text.vTaskSwitchContext
                0x080073dc       0xc8 cmake/stm32cubemx/CMakeFiles/FreeRTOS.dir/__/__/Middlewares/Third_Party/FreeRTOS/Source/tasks.c.obj
                0x080073dc                vTaskSwitchContext
 .text.vTaskPlaceOnEventList
                0x080074a4       0x4c cmake/stm32cubemx/CMakeFiles/FreeRTOS.dir/__/__/Middlewares/Third_Party/FreeRTOS/Source/tasks.c.obj
                0x080074a4                vTaskPlaceOnEventList
 .text.vTaskPlaceOnEventListRestricted
                0x080074f0       0x58 cmake/stm32cubemx/CMakeFiles/FreeRTOS.dir/__/__/Middlewares/Third_Party/FreeRTOS/Source/tasks.c.obj
                0x080074f0                vTaskPlaceOnEventListRestricted
 .text.xTaskRemoveFromEventList
                0x08007548       0xc8 cmake/stm32cubemx/CMakeFiles/FreeRTOS.dir/__/__/Middlewares/Third_Party/FreeRTOS/Source/tasks.c.obj
                0x08007548                xTaskRemoveFromEventList
 .text.vTaskInternalSetTimeOutState
                0x08007610       0x2c cmake/stm32cubemx/CMakeFiles/FreeRTOS.dir/__/__/Middlewares/Third_Party/FreeRTOS/Source/tasks.c.obj
                0x08007610                vTaskInternalSetTimeOutState
 .text.xTaskCheckForTimeOut
                0x0800763c       0xc8 cmake/stm32cubemx/CMakeFiles/FreeRTOS.dir/__/__/Middlewares/Third_Party/FreeRTOS/Source/tasks.c.obj
                0x0800763c                xTaskCheckForTimeOut
 .text.vTaskMissedYield
                0x08007704       0x18 cmake/stm32cubemx/CMakeFiles/FreeRTOS.dir/__/__/Middlewares/Third_Party/FreeRTOS/Source/tasks.c.obj
                0x08007704                vTaskMissedYield
 .text.prvIdleTask
                0x0800771c       0x30 cmake/stm32cubemx/CMakeFiles/FreeRTOS.dir/__/__/Middlewares/Third_Party/FreeRTOS/Source/tasks.c.obj
 .text.prvInitialiseTaskLists
                0x0800774c       0x80 cmake/stm32cubemx/CMakeFiles/FreeRTOS.dir/__/__/Middlewares/Third_Party/FreeRTOS/Source/tasks.c.obj
 .text.prvCheckTasksWaitingTermination
                0x080077cc       0x5c cmake/stm32cubemx/CMakeFiles/FreeRTOS.dir/__/__/Middlewares/Third_Party/FreeRTOS/Source/tasks.c.obj
 .text.prvDeleteTCB
                0x08007828       0x6a cmake/stm32cubemx/CMakeFiles/FreeRTOS.dir/__/__/Middlewares/Third_Party/FreeRTOS/Source/tasks.c.obj
 *fill*         0x08007892        0x2 
 .text.prvResetNextTaskUnblockTime
                0x08007894       0x40 cmake/stm32cubemx/CMakeFiles/FreeRTOS.dir/__/__/Middlewares/Third_Party/FreeRTOS/Source/tasks.c.obj
 .text.xTaskGetSchedulerState
                0x080078d4       0x3c cmake/stm32cubemx/CMakeFiles/FreeRTOS.dir/__/__/Middlewares/Third_Party/FreeRTOS/Source/tasks.c.obj
                0x080078d4                xTaskGetSchedulerState
 .text.xTaskPriorityDisinherit
                0x08007910       0xe0 cmake/stm32cubemx/CMakeFiles/FreeRTOS.dir/__/__/Middlewares/Third_Party/FreeRTOS/Source/tasks.c.obj
                0x08007910                xTaskPriorityDisinherit
 .text.prvAddCurrentTaskToDelayedList
                0x080079f0       0xa8 cmake/stm32cubemx/CMakeFiles/FreeRTOS.dir/__/__/Middlewares/Third_Party/FreeRTOS/Source/tasks.c.obj
 .text.xTimerCreateTimerTask
                0x08007a98       0x94 cmake/stm32cubemx/CMakeFiles/FreeRTOS.dir/__/__/Middlewares/Third_Party/FreeRTOS/Source/timers.c.obj
                0x08007a98                xTimerCreateTimerTask
 .text.xTimerGenericCommand
                0x08007b2c       0x9c cmake/stm32cubemx/CMakeFiles/FreeRTOS.dir/__/__/Middlewares/Third_Party/FreeRTOS/Source/timers.c.obj
                0x08007b2c                xTimerGenericCommand
 .text.prvProcessExpiredTimer
                0x08007bc8       0x9c cmake/stm32cubemx/CMakeFiles/FreeRTOS.dir/__/__/Middlewares/Third_Party/FreeRTOS/Source/timers.c.obj
 .text.prvTimerTask
                0x08007c64       0x26 cmake/stm32cubemx/CMakeFiles/FreeRTOS.dir/__/__/Middlewares/Third_Party/FreeRTOS/Source/timers.c.obj
 *fill*         0x08007c8a        0x2 
 .text.prvProcessTimerOrBlockTask
                0x08007c8c       0x9c cmake/stm32cubemx/CMakeFiles/FreeRTOS.dir/__/__/Middlewares/Third_Party/FreeRTOS/Source/timers.c.obj
 .text.prvGetNextExpireTime
                0x08007d28       0x44 cmake/stm32cubemx/CMakeFiles/FreeRTOS.dir/__/__/Middlewares/Third_Party/FreeRTOS/Source/timers.c.obj
 .text.prvSampleTimeNow
                0x08007d6c       0x40 cmake/stm32cubemx/CMakeFiles/FreeRTOS.dir/__/__/Middlewares/Third_Party/FreeRTOS/Source/timers.c.obj
 .text.prvInsertTimerInActiveList
                0x08007dac       0x84 cmake/stm32cubemx/CMakeFiles/FreeRTOS.dir/__/__/Middlewares/Third_Party/FreeRTOS/Source/timers.c.obj
 .text.prvProcessReceivedCommands
                0x08007e30      0x1d8 cmake/stm32cubemx/CMakeFiles/FreeRTOS.dir/__/__/Middlewares/Third_Party/FreeRTOS/Source/timers.c.obj
 .text.prvSwitchTimerLists
                0x08008008       0xcc cmake/stm32cubemx/CMakeFiles/FreeRTOS.dir/__/__/Middlewares/Third_Party/FreeRTOS/Source/timers.c.obj
 .text.prvCheckForValidListAndQueue
                0x080080d4       0x80 cmake/stm32cubemx/CMakeFiles/FreeRTOS.dir/__/__/Middlewares/Third_Party/FreeRTOS/Source/timers.c.obj
 .text.__NVIC_SetPriority
                0x08008154       0x54 cmake/stm32cubemx/CMakeFiles/FreeRTOS.dir/__/__/Middlewares/Third_Party/FreeRTOS/Source/CMSIS_RTOS_V2/cmsis_os2.c.obj
 .text.SysTick_Handler
                0x080081a8       0x20 cmake/stm32cubemx/CMakeFiles/FreeRTOS.dir/__/__/Middlewares/Third_Party/FreeRTOS/Source/CMSIS_RTOS_V2/cmsis_os2.c.obj
                0x080081a8                SysTick_Handler
 .text.SVC_Setup
                0x080081c8       0x12 cmake/stm32cubemx/CMakeFiles/FreeRTOS.dir/__/__/Middlewares/Third_Party/FreeRTOS/Source/CMSIS_RTOS_V2/cmsis_os2.c.obj
 *fill*         0x080081da        0x2 
 .text.osKernelInitialize
                0x080081dc       0x44 cmake/stm32cubemx/CMakeFiles/FreeRTOS.dir/__/__/Middlewares/Third_Party/FreeRTOS/Source/CMSIS_RTOS_V2/cmsis_os2.c.obj
                0x080081dc                osKernelInitialize
 .text.osKernelStart
                0x08008220       0x4c cmake/stm32cubemx/CMakeFiles/FreeRTOS.dir/__/__/Middlewares/Third_Party/FreeRTOS/Source/CMSIS_RTOS_V2/cmsis_os2.c.obj
                0x08008220                osKernelStart
 .text.vApplicationGetIdleTaskMemory
                0x0800826c       0x30 cmake/stm32cubemx/CMakeFiles/FreeRTOS.dir/__/__/Middlewares/Third_Party/FreeRTOS/Source/CMSIS_RTOS_V2/cmsis_os2.c.obj
                0x0800826c                vApplicationGetIdleTaskMemory
 .text.vApplicationGetTimerTaskMemory
                0x0800829c       0x34 cmake/stm32cubemx/CMakeFiles/FreeRTOS.dir/__/__/Middlewares/Third_Party/FreeRTOS/Source/CMSIS_RTOS_V2/cmsis_os2.c.obj
                0x0800829c                vApplicationGetTimerTaskMemory
 .text.pvPortMalloc
                0x080082d0      0x19c cmake/stm32cubemx/CMakeFiles/FreeRTOS.dir/__/__/Middlewares/Third_Party/FreeRTOS/Source/portable/MemMang/heap_4.c.obj
                0x080082d0                pvPortMalloc
 .text.vPortFree
                0x0800846c       0xc8 cmake/stm32cubemx/CMakeFiles/FreeRTOS.dir/__/__/Middlewares/Third_Party/FreeRTOS/Source/portable/MemMang/heap_4.c.obj
                0x0800846c                vPortFree
 .text.prvHeapInit
                0x08008534       0xc4 cmake/stm32cubemx/CMakeFiles/FreeRTOS.dir/__/__/Middlewares/Third_Party/FreeRTOS/Source/portable/MemMang/heap_4.c.obj
 .text.prvInsertBlockIntoFreeList
                0x080085f8       0xb0 cmake/stm32cubemx/CMakeFiles/FreeRTOS.dir/__/__/Middlewares/Third_Party/FreeRTOS/Source/portable/MemMang/heap_4.c.obj
 .text.pxPortInitialiseStack
                0x080086a8       0x68 cmake/stm32cubemx/CMakeFiles/FreeRTOS.dir/__/__/Middlewares/Third_Party/FreeRTOS/Source/portable/GCC/ARM_CM4F/port.c.obj
                0x080086a8                pxPortInitialiseStack
 .text.prvTaskExitError
                0x08008710       0x58 cmake/stm32cubemx/CMakeFiles/FreeRTOS.dir/__/__/Middlewares/Third_Party/FreeRTOS/Source/portable/GCC/ARM_CM4F/port.c.obj
 *fill*         0x08008768        0x8 
 .text.SVC_Handler
                0x08008770       0x28 cmake/stm32cubemx/CMakeFiles/FreeRTOS.dir/__/__/Middlewares/Third_Party/FreeRTOS/Source/portable/GCC/ARM_CM4F/port.c.obj
                0x08008770                SVC_Handler
 .text.prvPortStartFirstTask
                0x08008798       0x28 cmake/stm32cubemx/CMakeFiles/FreeRTOS.dir/__/__/Middlewares/Third_Party/FreeRTOS/Source/portable/GCC/ARM_CM4F/port.c.obj
 .text.xPortStartScheduler
                0x080087c0      0x144 cmake/stm32cubemx/CMakeFiles/FreeRTOS.dir/__/__/Middlewares/Third_Party/FreeRTOS/Source/portable/GCC/ARM_CM4F/port.c.obj
                0x080087c0                xPortStartScheduler
 .text.vPortEnterCritical
                0x08008904       0x60 cmake/stm32cubemx/CMakeFiles/FreeRTOS.dir/__/__/Middlewares/Third_Party/FreeRTOS/Source/portable/GCC/ARM_CM4F/port.c.obj
                0x08008904                vPortEnterCritical
 .text.vPortExitCritical
                0x08008964       0x54 cmake/stm32cubemx/CMakeFiles/FreeRTOS.dir/__/__/Middlewares/Third_Party/FreeRTOS/Source/portable/GCC/ARM_CM4F/port.c.obj
                0x08008964                vPortExitCritical
 *fill*         0x080089b8        0x8 
 .text.PendSV_Handler
                0x080089c0       0x68 cmake/stm32cubemx/CMakeFiles/FreeRTOS.dir/__/__/Middlewares/Third_Party/FreeRTOS/Source/portable/GCC/ARM_CM4F/port.c.obj
                0x080089c0                PendSV_Handler
 .text.xPortSysTickHandler
                0x08008a28       0x44 cmake/stm32cubemx/CMakeFiles/FreeRTOS.dir/__/__/Middlewares/Third_Party/FreeRTOS/Source/portable/GCC/ARM_CM4F/port.c.obj
                0x08008a28                xPortSysTickHandler
 .text.vPortSetupTimerInterrupt
                0x08008a6c       0x44 cmake/stm32cubemx/CMakeFiles/FreeRTOS.dir/__/__/Middlewares/Third_Party/FreeRTOS/Source/portable/GCC/ARM_CM4F/port.c.obj
                0x08008a6c                vPortSetupTimerInterrupt
 .text.vPortEnableVFP
                0x08008ab0       0x14 cmake/stm32cubemx/CMakeFiles/FreeRTOS.dir/__/__/Middlewares/Third_Party/FreeRTOS/Source/portable/GCC/ARM_CM4F/port.c.obj
 .text.vPortValidateInterruptPriority
                0x08008ac4       0x80 cmake/stm32cubemx/CMakeFiles/FreeRTOS.dir/__/__/Middlewares/Third_Party/FreeRTOS/Source/portable/GCC/ARM_CM4F/port.c.obj
                0x08008ac4                vPortValidateInterruptPriority
 .text._ZdlPvj  0x08008b44        0x4 /Applications/ArmGNUToolchain/15.2.rel1/arm-none-eabi/bin/../lib/gcc/arm-none-eabi/15.2.1/../../../../arm-none-eabi/lib/thumb/v7e-m+fp/hard/libstdc++_nano.a(del_ops.o)
                0x08008b44                operator delete(void*, unsigned int)
 .text._ZdlPv   0x08008b48        0x4 /Applications/ArmGNUToolchain/15.2.rel1/arm-none-eabi/bin/../lib/gcc/arm-none-eabi/15.2.1/../../../../arm-none-eabi/lib/thumb/v7e-m+fp/hard/libstdc++_nano.a(del_op.o)
                0x08008b48                operator delete(void*)
 .text.__udivmoddi4
                0x08008b4c      0x320 /Applications/ArmGNUToolchain/15.2.rel1/arm-none-eabi/bin/../lib/gcc/arm-none-eabi/15.2.1/thumb/v7e-m+fp/hard/libgcc.a(_udivmoddi4.o)
                0x08008b4c                __udivmoddi4
 .text.__cvt    0x08008e6c       0xbe /Applications/ArmGNUToolchain/15.2.rel1/arm-none-eabi/bin/../lib/gcc/arm-none-eabi/15.2.1/../../../../arm-none-eabi/lib/thumb/v7e-m+fp/hard/libg_nano.a(libc_a-nano-vfprintf_float.o)
                0x08008e6c                __cvt
 .text.__exponent
                0x08008f2a       0x76 /Applications/ArmGNUToolchain/15.2.rel1/arm-none-eabi/bin/../lib/gcc/arm-none-eabi/15.2.1/../../../../arm-none-eabi/lib/thumb/v7e-m+fp/hard/libg_nano.a(libc_a-nano-vfprintf_float.o)
                0x08008f2a                __exponent
 .text._printf_float
                0x08008fa0      0x448 /Applications/ArmGNUToolchain/15.2.rel1/arm-none-eabi/bin/../lib/gcc/arm-none-eabi/15.2.1/../../../../arm-none-eabi/lib/thumb/v7e-m+fp/hard/libg_nano.a(libc_a-nano-vfprintf_float.o)
                0x08008fa0                _printf_float
 .text.malloc   0x080093e8       0x10 /Applications/ArmGNUToolchain/15.2.rel1/arm-none-eabi/bin/../lib/gcc/arm-none-eabi/15.2.1/../../../../arm-none-eabi/lib/thumb/v7e-m+fp/hard/libg_nano.a(libc_a-malloc.o)
                0x080093e8                malloc
 .text.free     0x080093f8       0x10 /Applications/ArmGNUToolchain/15.2.rel1/arm-none-eabi/bin/../lib/gcc/arm-none-eabi/15.2.1/../../../../arm-none-eabi/lib/thumb/v7e-m+fp/hard/libg_nano.a(libc_a-malloc.o)
                0x080093f8                free
 .text.sbrk_aligned
                0x08009408       0x44 /Applications/ArmGNUToolchain/15.2.rel1/arm-none-eabi/bin/../lib/gcc/arm-none-eabi/15.2.1/../../../../arm-none-eabi/lib/thumb/v7e-m+fp/hard/libg_nano.a(libc_a-mallocr.o)
 .text._malloc_r
                0x0800944c       0xf8 /Applications/ArmGNUToolchain/15.2.rel1/arm-none-eabi/bin/../lib/gcc/arm-none-eabi/15.2.1/../../../../arm-none-eabi/lib/thumb/v7e-m+fp/hard/libg_nano.a(libc_a-mallocr.o)
                0x0800944c                _malloc_r
 .text._printf_common
                0x08009544       0xea /Applications/ArmGNUToolchain/15.2.rel1/arm-none-eabi/bin/../lib/gcc/arm-none-eabi/15.2.1/../../../../arm-none-eabi/lib/thumb/v7e-m+fp/hard/libg_nano.a(libc_a-nano-vfprintf_i.o)
                0x08009544                _printf_common
 *fill*         0x0800962e        0x2 
 .text._printf_i
                0x08009630      0x254 /Applications/ArmGNUToolchain/15.2.rel1/arm-none-eabi/bin/../lib/gcc/arm-none-eabi/15.2.1/../../../../arm-none-eabi/lib/thumb/v7e-m+fp/hard/libg_nano.a(libc_a-nano-vfprintf_i.o)
                0x08009630                _printf_i
 .text.__malloc_lock
                0x08009884        0xc /Applications/ArmGNUToolchain/15.2.rel1/arm-none-eabi/bin/../lib/gcc/arm-none-eabi/15.2.1/../../../../arm-none-eabi/lib/thumb/v7e-m+fp/hard/libg_nano.a(libc_a-mlock.o)
                0x08009884                __malloc_lock
 .text.__malloc_unlock
                0x08009890        0xc /Applications/ArmGNUToolchain/15.2.rel1/arm-none-eabi/bin/../lib/gcc/arm-none-eabi/15.2.1/../../../../arm-none-eabi/lib/thumb/v7e-m+fp/hard/libg_nano.a(libc_a-mlock.o)
                0x08009890                __malloc_unlock
 .text.snprintf
                0x0800989c       0x64 /Applications/ArmGNUToolchain/15.2.rel1/arm-none-eabi/bin/../lib/gcc/arm-none-eabi/15.2.1/../../../../arm-none-eabi/lib/thumb/v7e-m+fp/hard/libg_nano.a(libc_a-snprintf.o)
                0x0800989c                snprintf
                0x0800989c                sniprintf
 .text.std      0x08009900       0x6c /Applications/ArmGNUToolchain/15.2.rel1/arm-none-eabi/bin/../lib/gcc/arm-none-eabi/15.2.1/../../../../arm-none-eabi/lib/thumb/v7e-m+fp/hard/libg_nano.a(libc_a-findfp.o)
 .text.stdio_exit_handler
                0x0800996c       0x18 /Applications/ArmGNUToolchain/15.2.rel1/arm-none-eabi/bin/../lib/gcc/arm-none-eabi/15.2.1/../../../../arm-none-eabi/lib/thumb/v7e-m+fp/hard/libg_nano.a(libc_a-findfp.o)
 .text.cleanup_stdio
                0x08009984       0x40 /Applications/ArmGNUToolchain/15.2.rel1/arm-none-eabi/bin/../lib/gcc/arm-none-eabi/15.2.1/../../../../arm-none-eabi/lib/thumb/v7e-m+fp/hard/libg_nano.a(libc_a-findfp.o)
 .text.global_stdio_init.part.0
                0x080099c4       0x40 /Applications/ArmGNUToolchain/15.2.rel1/arm-none-eabi/bin/../lib/gcc/arm-none-eabi/15.2.1/../../../../arm-none-eabi/lib/thumb/v7e-m+fp/hard/libg_nano.a(libc_a-findfp.o)
 .text.__sfp_lock_acquire
                0x08009a04        0xc /Applications/ArmGNUToolchain/15.2.rel1/arm-none-eabi/bin/../lib/gcc/arm-none-eabi/15.2.1/../../../../arm-none-eabi/lib/thumb/v7e-m+fp/hard/libg_nano.a(libc_a-findfp.o)
                0x08009a04                __sfp_lock_acquire
 .text.__sfp_lock_release
                0x08009a10        0xc /Applications/ArmGNUToolchain/15.2.rel1/arm-none-eabi/bin/../lib/gcc/arm-none-eabi/15.2.1/../../../../arm-none-eabi/lib/thumb/v7e-m+fp/hard/libg_nano.a(libc_a-findfp.o)
                0x08009a10                __sfp_lock_release
 .text.__sinit  0x08009a1c       0x30 /Applications/ArmGNUToolchain/15.2.rel1/arm-none-eabi/bin/../lib/gcc/arm-none-eabi/15.2.1/../../../../arm-none-eabi/lib/thumb/v7e-m+fp/hard/libg_nano.a(libc_a-findfp.o)
                0x08009a1c                __sinit
 .text._fwalk_sglue
                0x08009a4c       0x3a /Applications/ArmGNUToolchain/15.2.rel1/arm-none-eabi/bin/../lib/gcc/arm-none-eabi/15.2.1/../../../../arm-none-eabi/lib/thumb/v7e-m+fp/hard/libg_nano.a(libc_a-fwalk.o)
                0x08009a4c                _fwalk_sglue
 .text.memset   0x08009a86       0x10 /Applications/ArmGNUToolchain/15.2.rel1/arm-none-eabi/bin/../lib/gcc/arm-none-eabi/15.2.1/../../../../arm-none-eabi/lib/thumb/v7e-m+fp/hard/libg_nano.a(libc_a-memset.o)
                0x08009a86                memset
 *fill*         0x08009a96        0x2 
 .text._sbrk_r  0x08009a98       0x20 /Applications/ArmGNUToolchain/15.2.rel1/arm-none-eabi/bin/../lib/gcc/arm-none-eabi/15.2.1/../../../../arm-none-eabi/lib/thumb/v7e-m+fp/hard/libg_nano.a(libc_a-sbrkr.o)
                0x08009a98                _sbrk_r
 .text.__errno  0x08009ab8        0xc /Applications/ArmGNUToolchain/15.2.rel1/arm-none-eabi/bin/../lib/gcc/arm-none-eabi/15.2.1/../../../../arm-none-eabi/lib/thumb/v7e-m+fp/hard/libg_nano.a(libc_a-errno.o)
                0x08009ab8                __errno
 .text.__libc_init_array
                0x08009ac4       0x48 /Applications/ArmGNUToolchain/15.2.rel1/arm-none-eabi/bin/../lib/gcc/arm-none-eabi/15.2.1/../../../../arm-none-eabi/lib/thumb/v7e-m+fp/hard/libg_nano.a(libc_a-init.o)
                0x08009ac4                __libc_init_array
 .text.__retarget_lock_init_recursive
                0x08009b0c        0x2 /Applications/ArmGNUToolchain/15.2.rel1/arm-none-eabi/bin/../lib/gcc/arm-none-eabi/15.2.1/../../../../arm-none-eabi/lib/thumb/v7e-m+fp/hard/libg_nano.a(libc_a-lock.o)
                0x08009b0c                __retarget_lock_init_recursive
 .text.__retarget_lock_acquire_recursive
                0x08009b0e        0x2 /Applications/ArmGNUToolchain/15.2.rel1/arm-none-eabi/bin/../lib/gcc/arm-none-eabi/15.2.1/../../../../arm-none-eabi/lib/thumb/v7e-m+fp/hard/libg_nano.a(libc_a-lock.o)
                0x08009b0e                __retarget_lock_acquire_recursive
 .text.__retarget_lock_release_recursive
                0x08009b10        0x2 /Applications/ArmGNUToolchain/15.2.rel1/arm-none-eabi/bin/../lib/gcc/arm-none-eabi/15.2.1/../../../../arm-none-eabi/lib/thumb/v7e-m+fp/hard/libg_nano.a(libc_a-lock.o)
                0x08009b10                __retarget_lock_release_recursive
 *fill*         0x08009b12        0x2 
 .text._localeconv_r
                0x08009b14        0x8 /Applications/ArmGNUToolchain/15.2.rel1/arm-none-eabi/bin/../lib/gcc/arm-none-eabi/15.2.1/../../../../arm-none-eabi/lib/thumb/v7e-m+fp/hard/libg_nano.a(libc_a-localeconv.o)
                0x08009b14                _localeconv_r
 .text._reclaim_reent
                0x08009b1c       0xbc /Applications/ArmGNUToolchain/15.2.rel1/arm-none-eabi/bin/../lib/gcc/arm-none-eabi/15.2.1/../../../../arm-none-eabi/lib/thumb/v7e-m+fp/hard/libg_nano.a(libc_a-reent.o)
                0x08009b1c                _reclaim_reent
 .text.memcpy   0x08009bd8       0x1c /Applications/ArmGNUToolchain/15.2.rel1/arm-none-eabi/bin/../lib/gcc/arm-none-eabi/15.2.1/../../../../arm-none-eabi/lib/thumb/v7e-m+fp/hard/libg_nano.a(libc_a-memcpy-stub.o)
                0x08009bd8                memcpy
 .text.quorem   0x08009bf4      0x110 /Applications/ArmGNUToolchain/15.2.rel1/arm-none-eabi/bin/../lib/gcc/arm-none-eabi/15.2.1/../../../../arm-none-eabi/lib/thumb/v7e-m+fp/hard/libg_nano.a(libc_a-dtoa.o)
 *fill*         0x08009d04        0x4 
 .text._dtoa_r  0x08009d08      0xbac /Applications/ArmGNUToolchain/15.2.rel1/arm-none-eabi/bin/../lib/gcc/arm-none-eabi/15.2.1/../../../../arm-none-eabi/lib/thumb/v7e-m+fp/hard/libg_nano.a(libc_a-dtoa.o)
                0x08009d08                _dtoa_r
 .text._free_r  0x0800a8b4       0x98 /Applications/ArmGNUToolchain/15.2.rel1/arm-none-eabi/bin/../lib/gcc/arm-none-eabi/15.2.1/../../../../arm-none-eabi/lib/thumb/v7e-m+fp/hard/libg_nano.a(libc_a-freer.o)
                0x0800a8b4                _free_r
 .text.__ssputs_r
                0x0800a94c       0xc0 /Applications/ArmGNUToolchain/15.2.rel1/arm-none-eabi/bin/../lib/gcc/arm-none-eabi/15.2.1/../../../../arm-none-eabi/lib/thumb/v7e-m+fp/hard/libg_nano.a(libc_a-nano-svfprintf.o)
                0x0800a94c                __ssputs_r
 .text._svfprintf_r
                0x0800aa0c      0x1f0 /Applications/ArmGNUToolchain/15.2.rel1/arm-none-eabi/bin/../lib/gcc/arm-none-eabi/15.2.1/../../../../arm-none-eabi/lib/thumb/v7e-m+fp/hard/libg_nano.a(libc_a-nano-svfprintf.o)
                0x0800aa0c                _svfprintf_r
                0x0800aa0c                _svfiprintf_r
 .text._Balloc  0x0800abfc       0x7c /Applications/ArmGNUToolchain/15.2.rel1/arm-none-eabi/bin/../lib/gcc/arm-none-eabi/15.2.1/../../../../arm-none-eabi/lib/thumb/v7e-m+fp/hard/libg_nano.a(libc_a-mprec.o)
                0x0800abfc                _Balloc
 .text._Bfree   0x0800ac78       0x44 /Applications/ArmGNUToolchain/15.2.rel1/arm-none-eabi/bin/../lib/gcc/arm-none-eabi/15.2.1/../../../../arm-none-eabi/lib/thumb/v7e-m+fp/hard/libg_nano.a(libc_a-mprec.o)
                0x0800ac78                _Bfree
 .text.__multadd
                0x0800acbc       0x8c /Applications/ArmGNUToolchain/15.2.rel1/arm-none-eabi/bin/../lib/gcc/arm-none-eabi/15.2.1/../../../../arm-none-eabi/lib/thumb/v7e-m+fp/hard/libg_nano.a(libc_a-mprec.o)
                0x0800acbc                __multadd
 .text.__hi0bits
                0x0800ad48       0x3c /Applications/ArmGNUToolchain/15.2.rel1/arm-none-eabi/bin/../lib/gcc/arm-none-eabi/15.2.1/../../../../arm-none-eabi/lib/thumb/v7e-m+fp/hard/libg_nano.a(libc_a-mprec.o)
                0x0800ad48                __hi0bits
 .text.__lo0bits
                0x0800ad84       0x5c /Applications/ArmGNUToolchain/15.2.rel1/arm-none-eabi/bin/../lib/gcc/arm-none-eabi/15.2.1/../../../../arm-none-eabi/lib/thumb/v7e-m+fp/hard/libg_nano.a(libc_a-mprec.o)
                0x0800ad84                __lo0bits
 .text.__i2b    0x0800ade0       0x2c /Applications/ArmGNUToolchain/15.2.rel1/arm-none-eabi/bin/../lib/gcc/arm-none-eabi/15.2.1/../../../../arm-none-eabi/lib/thumb/v7e-m+fp/hard/libg_nano.a(libc_a-mprec.o)
                0x0800ade0                __i2b
 .text.__multiply
                0x0800ae0c      0x16c /Applications/ArmGNUToolchain/15.2.rel1/arm-none-eabi/bin/../lib/gcc/arm-none-eabi/15.2.1/../../../../arm-none-eabi/lib/thumb/v7e-m+fp/hard/libg_nano.a(libc_a-mprec.o)
                0x0800ae0c                __multiply
 .text.__pow5mult
                0x0800af78       0xb8 /Applications/ArmGNUToolchain/15.2.rel1/arm-none-eabi/bin/../lib/gcc/arm-none-eabi/15.2.1/../../../../arm-none-eabi/lib/thumb/v7e-m+fp/hard/libg_nano.a(libc_a-mprec.o)
                0x0800af78                __pow5mult
 .text.__lshift
                0x0800b030       0xe4 /Applications/ArmGNUToolchain/15.2.rel1/arm-none-eabi/bin/../lib/gcc/arm-none-eabi/15.2.1/../../../../arm-none-eabi/lib/thumb/v7e-m+fp/hard/libg_nano.a(libc_a-mprec.o)
                0x0800b030                __lshift
 .text.__mcmp   0x0800b114       0x36 /Applications/ArmGNUToolchain/15.2.rel1/arm-none-eabi/bin/../lib/gcc/arm-none-eabi/15.2.1/../../../../arm-none-eabi/lib/thumb/v7e-m+fp/hard/libg_nano.a(libc_a-mprec.o)
                0x0800b114                __mcmp
 *fill*         0x0800b14a        0x2 
 .text.__mdiff  0x0800b14c      0x130 /Applications/ArmGNUToolchain/15.2.rel1/arm-none-eabi/bin/../lib/gcc/arm-none-eabi/15.2.1/../../../../arm-none-eabi/lib/thumb/v7e-m+fp/hard/libg_nano.a(libc_a-mprec.o)
                0x0800b14c                __mdiff
 .text.__d2b    0x0800b27c       0xb0 /Applications/ArmGNUToolchain/15.2.rel1/arm-none-eabi/bin/../lib/gcc/arm-none-eabi/15.2.1/../../../../arm-none-eabi/lib/thumb/v7e-m+fp/hard/libg_nano.a(libc_a-mprec.o)
                0x0800b27c                __d2b
 .text.__sread  0x0800b32c       0x22 /Applications/ArmGNUToolchain/15.2.rel1/arm-none-eabi/bin/../lib/gcc/arm-none-eabi/15.2.1/../../../../arm-none-eabi/lib/thumb/v7e-m+fp/hard/libg_nano.a(libc_a-stdio.o)
                0x0800b32c                __sread
 .text.__swrite
                0x0800b34e       0x38 /Applications/ArmGNUToolchain/15.2.rel1/arm-none-eabi/bin/../lib/gcc/arm-none-eabi/15.2.1/../../../../arm-none-eabi/lib/thumb/v7e-m+fp/hard/libg_nano.a(libc_a-stdio.o)
                0x0800b34e                __swrite
 .text.__sseek  0x0800b386       0x26 /Applications/ArmGNUToolchain/15.2.rel1/arm-none-eabi/bin/../lib/gcc/arm-none-eabi/15.2.1/../../../../arm-none-eabi/lib/thumb/v7e-m+fp/hard/libg_nano.a(libc_a-stdio.o)
                0x0800b386                __sseek
 .text.__sclose
                0x0800b3ac        0x8 /Applications/ArmGNUToolchain/15.2.rel1/arm-none-eabi/bin/../lib/gcc/arm-none-eabi/15.2.1/../../../../arm-none-eabi/lib/thumb/v7e-m+fp/hard/libg_nano.a(libc_a-stdio.o)
                0x0800b3ac                __sclose
 .text.__sflush_r
                0x0800b3b4      0x100 /Applications/ArmGNUToolchain/15.2.rel1/arm-none-eabi/bin/../lib/gcc/arm-none-eabi/15.2.1/../../../../arm-none-eabi/lib/thumb/v7e-m+fp/hard/libg_nano.a(libc_a-fflush.o)
                0x0800b3b4                __sflush_r
 .text._fflush_r
                0x0800b4b4       0x50 /Applications/ArmGNUToolchain/15.2.rel1/arm-none-eabi/bin/../lib/gcc/arm-none-eabi/15.2.1/../../../../arm-none-eabi/lib/thumb/v7e-m+fp/hard/libg_nano.a(libc_a-fflush.o)
                0x0800b4b4                _fflush_r
 .text._realloc_r
                0x0800b504       0x5c /Applications/ArmGNUToolchain/15.2.rel1/arm-none-eabi/bin/../lib/gcc/arm-none-eabi/15.2.1/../../../../arm-none-eabi/lib/thumb/v7e-m+fp/hard/libg_nano.a(libc_a-reallocr.o)
                0x0800b504                _realloc_r
 .text.memmove  0x0800b560       0x32 /Applications/ArmGNUToolchain/15.2.rel1/arm-none-eabi/bin/../lib/gcc/arm-none-eabi/15.2.1/../../../../arm-none-eabi/lib/thumb/v7e-m+fp/hard/libg_nano.a(libc_a-memmove.o)
                0x0800b560                memmove
 *fill*         0x0800b592        0x2 
 .text._lseek_r
                0x0800b594       0x24 /Applications/ArmGNUToolchain/15.2.rel1/arm-none-eabi/bin/../lib/gcc/arm-none-eabi/15.2.1/../../../../arm-none-eabi/lib/thumb/v7e-m+fp/hard/libg_nano.a(libc_a-lseekr.o)
                0x0800b594                _lseek_r
 .text._read_r  0x0800b5b8       0x24 /Applications/ArmGNUToolchain/15.2.rel1/arm-none-eabi/bin/../lib/gcc/arm-none-eabi/15.2.1/../../../../arm-none-eabi/lib/thumb/v7e-m+fp/hard/libg_nano.a(libc_a-readr.o)
                0x0800b5b8                _read_r
 .text._write_r
                0x0800b5dc       0x24 /Applications/ArmGNUToolchain/15.2.rel1/arm-none-eabi/bin/../lib/gcc/arm-none-eabi/15.2.1/../../../../arm-none-eabi/lib/thumb/v7e-m+fp/hard/libg_nano.a(libc_a-writer.o)
                0x0800b5dc                _write_r
 .text._close_r
                0x0800b600       0x20 /Applications/ArmGNUToolchain/15.2.rel1/arm-none-eabi/bin/../lib/gcc/arm-none-eabi/15.2.1/../../../../arm-none-eabi/lib/thumb/v7e-m+fp/hard/libg_nano.a(libc_a-closer.o)
                0x0800b600                _close_r
 .text.__assert_func
                0x0800b620       0x3c /Applications/ArmGNUToolchain/15.2.rel1/arm-none-eabi/bin/../lib/gcc/arm-none-eabi/15.2.1/../../../../arm-none-eabi/lib/thumb/v7e-m+fp/hard/libg_nano.a(libc_a-assert.o)
                0x0800b620                __assert_func
 .text._calloc_r
                0x0800b65c       0x28 /Applications/ArmGNUToolchain/15.2.rel1/arm-none-eabi/bin/../lib/gcc/arm-none-eabi/15.2.1/../../../../arm-none-eabi/lib/thumb/v7e-m+fp/hard/libg_nano.a(libc_a-callocr.o)
                0x0800b65c                _calloc_r
 .text.__ascii_mbtowc
                0x0800b684       0x24 /Applications/ArmGNUToolchain/15.2.rel1/arm-none-eabi/bin/../lib/gcc/arm-none-eabi/15.2.1/../../../../arm-none-eabi/lib/thumb/v7e-m+fp/hard/libg_nano.a(libc_a-mbtowc_r.o)
                0x0800b684                __ascii_mbtowc
 .text._malloc_usable_size_r
                0x0800b6a8       0x10 /Applications/ArmGNUToolchain/15.2.rel1/arm-none-eabi/bin/../lib/gcc/arm-none-eabi/15.2.1/../../../../arm-none-eabi/lib/thumb/v7e-m+fp/hard/libg_nano.a(libc_a-msizer.o)
                0x0800b6a8                _malloc_usable_size_r
 .text.fprintf  0x0800b6b8       0x24 /Applications/ArmGNUToolchain/15.2.rel1/arm-none-eabi/bin/../lib/gcc/arm-none-eabi/15.2.1/../../../../arm-none-eabi/lib/thumb/v7e-m+fp/hard/libg_nano.a(libc_a-fprintf.o)
                0x0800b6b8                fprintf
                0x0800b6b8                fiprintf
 .text.__ascii_wctomb
                0x0800b6dc       0x1a /Applications/ArmGNUToolchain/15.2.rel1/arm-none-eabi/bin/../lib/gcc/arm-none-eabi/15.2.1/../../../../arm-none-eabi/lib/thumb/v7e-m+fp/hard/libg_nano.a(libc_a-wctomb_r.o)
                0x0800b6dc                __ascii_wctomb
 .text.abort    0x0800b6f6        0xe /Applications/ArmGNUToolchain/15.2.rel1/arm-none-eabi/bin/../lib/gcc/arm-none-eabi/15.2.1/../../../../arm-none-eabi/lib/thumb/v7e-m+fp/hard/libg_nano.a(libc_a-abort.o)
                0x0800b6f6                abort
 .text.__sfputc_r
                0x0800b704       0x2a /Applications/ArmGNUToolchain/15.2.rel1/arm-none-eabi/bin/../lib/gcc/arm-none-eabi/15.2.1/../../../../arm-none-eabi/lib/thumb/v7e-m+fp/hard/libg_nano.a(libc_a-nano-vfprintf.o)
 .text.__sfputs_r
                0x0800b72e       0x24 /Applications/ArmGNUToolchain/15.2.rel1/arm-none-eabi/bin/../lib/gcc/arm-none-eabi/15.2.1/../../../../arm-none-eabi/lib/thumb/v7e-m+fp/hard/libg_nano.a(libc_a-nano-vfprintf.o)
                0x0800b72e                __sfputs_r
 *fill*         0x0800b752        0x2 
 .text._vfprintf_r
                0x0800b754      0x228 /Applications/ArmGNUToolchain/15.2.rel1/arm-none-eabi/bin/../lib/gcc/arm-none-eabi/15.2.1/../../../../arm-none-eabi/lib/thumb/v7e-m+fp/hard/libg_nano.a(libc_a-nano-vfprintf.o)
                0x0800b754                _vfiprintf_r
                0x0800b754                _vfprintf_r
 .text.__swbuf_r
                0x0800b97c       0x7a /Applications/ArmGNUToolchain/15.2.rel1/arm-none-eabi/bin/../lib/gcc/arm-none-eabi/15.2.1/../../../../arm-none-eabi/lib/thumb/v7e-m+fp/hard/libg_nano.a(libc_a-wbuf.o)
                0x0800b97c                __swbuf_r
 *fill*         0x0800b9f6        0x2 
 .text.__swsetup_r
                0x0800b9f8       0xa8 /Applications/ArmGNUToolchain/15.2.rel1/arm-none-eabi/bin/../lib/gcc/arm-none-eabi/15.2.1/../../../../arm-none-eabi/lib/thumb/v7e-m+fp/hard/libg_nano.a(libc_a-wsetup.o)
                0x0800b9f8                __swsetup_r
 .text.__swhatbuf_r
                0x0800baa0       0x48 /Applications/ArmGNUToolchain/15.2.rel1/arm-none-eabi/bin/../lib/gcc/arm-none-eabi/15.2.1/../../../../arm-none-eabi/lib/thumb/v7e-m+fp/hard/libg_nano.a(libc_a-makebuf.o)
                0x0800baa0                __swhatbuf_r
 .text.__smakebuf_r
                0x0800bae8       0x72 /Applications/ArmGNUToolchain/15.2.rel1/arm-none-eabi/bin/../lib/gcc/arm-none-eabi/15.2.1/../../../../arm-none-eabi/lib/thumb/v7e-m+fp/hard/libg_nano.a(libc_a-makebuf.o)
                0x0800bae8                __smakebuf_r
 .text._raise_r
                0x0800bb5a       0x50 /Applications/ArmGNUToolchain/15.2.rel1/arm-none-eabi/bin/../lib/gcc/arm-none-eabi/15.2.1/../../../../arm-none-eabi/lib/thumb/v7e-m+fp/hard/libg_nano.a(libc_a-signal.o)
                0x0800bb5a                _raise_r
 *fill*         0x0800bbaa        0x2 
 .text.raise    0x0800bbac       0x10 /Applications/ArmGNUToolchain/15.2.rel1/arm-none-eabi/bin/../lib/gcc/arm-none-eabi/15.2.1/../../../../arm-none-eabi/lib/thumb/v7e-m+fp/hard/libg_nano.a(libc_a-signal.o)
                0x0800bbac                raise
 .text._isatty_r
                0x0800bbbc       0x20 /Applications/ArmGNUToolchain/15.2.rel1/arm-none-eabi/bin/../lib/gcc/arm-none-eabi/15.2.1/../../../../arm-none-eabi/lib/thumb/v7e-m+fp/hard/libg_nano.a(libc_a-isattyr.o)
                0x0800bbbc                _isatty_r
 .text._kill_r  0x0800bbdc       0x24 /Applications/ArmGNUToolchain/15.2.rel1/arm-none-eabi/bin/../lib/gcc/arm-none-eabi/15.2.1/../../../../arm-none-eabi/lib/thumb/v7e-m+fp/hard/libg_nano.a(libc_a-signalr.o)
                0x0800bbdc                _kill_r
 .text._getpid_r
                0x0800bc00        0x4 /Applications/ArmGNUToolchain/15.2.rel1/arm-none-eabi/bin/../lib/gcc/arm-none-eabi/15.2.1/../../../../arm-none-eabi/lib/thumb/v7e-m+fp/hard/libg_nano.a(libc_a-signalr.o)
                0x0800bc00                _getpid_r
 .text._fstat_r
                0x0800bc04       0x24 /Applications/ArmGNUToolchain/15.2.rel1/arm-none-eabi/bin/../lib/gcc/arm-none-eabi/15.2.1/../../../../arm-none-eabi/lib/thumb/v7e-m+fp/hard/libg_nano.a(libc_a-fstatr.o)
                0x0800bc04                _fstat_r
 *(.glue_7)
 .glue_7        0x0800bc28        0x0 linker stubs
 *(.glue_7t)
 .glue_7t       0x0800bc28        0x0 linker stubs
 *(.eh_frame)
 .eh_frame      0x0800bc28        0x0 /Applications/ArmGNUToolchain/15.2.rel1/arm-none-eabi/bin/../lib/gcc/arm-none-eabi/15.2.1/thumb/v7e-m+fp/hard/crtbegin.o
 *(.init)
 .init          0x0800bc28        0x4 /Applications/ArmGNUToolchain/15.2.rel1/arm-none-eabi/bin/../lib/gcc/arm-none-eabi/15.2.1/thumb/v7e-m+fp/hard/crti.o
                0x0800bc28                _init
 .init          0x0800bc2c        0x8 /Applications/ArmGNUToolchain/15.2.rel1/arm-none-eabi/bin/../lib/gcc/arm-none-eabi/15.2.1/thumb/v7e-m+fp/hard/crtn.o
 *(.fini)
 .fini          0x0800bc34        0x4 /Applications/ArmGNUToolchain/15.2.rel1/arm-none-eabi/bin/../lib/gcc/arm-none-eabi/15.2.1/thumb/v7e-m+fp/hard/crti.o
                0x0800bc34                _fini
 .fini          0x0800bc38        0x8 /Applications/ArmGNUToolchain/15.2.rel1/arm-none-eabi/bin/../lib/gcc/arm-none-eabi/15.2.1/thumb/v7e-m+fp/hard/crtn.o
                0x0800bc40                        . = ALIGN (0x4)
                0x0800bc40                        _etext = .

.vfp11_veneer   0x0800bc40        0x0
 .vfp11_veneer  0x0800bc40        0x0 linker stubs

.v4_bx          0x0800bc40        0x0
 .v4_bx         0x0800bc40        0x0 linker stubs

.iplt           0x0800bc40        0x0
 .iplt          0x0800bc40        0x0 /Applications/ArmGNUToolchain/15.2.rel1/arm-none-eabi/bin/../lib/gcc/arm-none-eabi/15.2.1/thumb/v7e-m+fp/hard/crtbegin.o

.rodata         0x0800bc40      0xa54
                0x0800bc40                        . = ALIGN (0x4)
 *(.rodata)
 .rodata        0x0800bc40       0x38 CMakeFiles/RTOS-PriorityInversion-WD.dir/App/Src/DisplayTask.cpp.obj
 .rodata        0x0800bc78        0x7 CMakeFiles/RTOS-PriorityInversion-WD.dir/App/Src/SensorTask.cpp.obj
 *fill*         0x0800bc7f        0x1 
 .rodata        0x0800bc80       0x10 CMakeFiles/RTOS-PriorityInversion-WD.dir/App/Src/app_main.cpp.obj
 .rodata        0x0800bc90        0x5 cmake/stm32cubemx/CMakeFiles/FreeRTOS.dir/__/__/Middlewares/Third_Party/FreeRTOS/Source/tasks.c.obj
 *fill*         0x0800bc95        0x3 
 .rodata        0x0800bc98        0xd cmake/stm32cubemx/CMakeFiles/FreeRTOS.dir/__/__/Middlewares/Third_Party/FreeRTOS/Source/timers.c.obj
 *(.rodata*)
 *fill*         0x0800bca5        0x3 
 .rodata.Font6x8
                0x0800bca8      0x5f0 CMakeFiles/RTOS-PriorityInversion-WD.dir/Drivers/oled/ssd1306_fonts.c.obj
 .rodata.Font_6x8
                0x0800c298        0xc CMakeFiles/RTOS-PriorityInversion-WD.dir/Drivers/oled/ssd1306_fonts.c.obj
                0x0800c298                Font_6x8
 .rodata._ZTV9CommsTask
                0x0800c2a4       0x14 CMakeFiles/RTOS-PriorityInversion-WD.dir/App/Src/CommsTask.cpp.obj
                0x0800c2a4                vtable for CommsTask
 .rodata._ZTV4Task
                0x0800c2b8       0x14 CMakeFiles/RTOS-PriorityInversion-WD.dir/App/Src/CommsTask.cpp.obj
                0x0800c2b8                vtable for Task
 .rodata._ZTV11DisplayTask
                0x0800c2cc       0x14 CMakeFiles/RTOS-PriorityInversion-WD.dir/App/Src/DisplayTask.cpp.obj
                0x0800c2cc                vtable for DisplayTask
 .rodata._ZTV10SensorTask
                0x0800c2e0       0x14 CMakeFiles/RTOS-PriorityInversion-WD.dir/App/Src/SensorTask.cpp.obj
                0x0800c2e0                vtable for SensorTask
 .rodata.AHBPrescTable
                0x0800c2f4       0x10 cmake/stm32cubemx/CMakeFiles/STM32_Drivers.dir/__/__/Core/Src/system_stm32f4xx.c.obj
                0x0800c2f4                AHBPrescTable
 .rodata.APBPrescTable
                0x0800c304        0x8 cmake/stm32cubemx/CMakeFiles/STM32_Drivers.dir/__/__/Core/Src/system_stm32f4xx.c.obj
                0x0800c304                APBPrescTable
 .rodata._printf_float.str1.1
                0x0800c30c      0x183 /Applications/ArmGNUToolchain/15.2.rel1/arm-none-eabi/bin/../lib/gcc/arm-none-eabi/15.2.1/../../../../arm-none-eabi/lib/thumb/v7e-m+fp/hard/libg_nano.a(libc_a-nano-vfprintf_float.o)
                                 0x12 (size before relaxing)
 .rodata._printf_i.str1.1
                0x0800c48f        0x0 /Applications/ArmGNUToolchain/15.2.rel1/arm-none-eabi/bin/../lib/gcc/arm-none-eabi/15.2.1/../../../../arm-none-eabi/lib/thumb/v7e-m+fp/hard/libg_nano.a(libc_a-nano-vfprintf_i.o)
                                 0x22 (size before relaxing)
 .rodata._dtoa_r.str1.1
                0x0800c48f        0x0 /Applications/ArmGNUToolchain/15.2.rel1/arm-none-eabi/bin/../lib/gcc/arm-none-eabi/15.2.1/../../../../arm-none-eabi/lib/thumb/v7e-m+fp/hard/libg_nano.a(libc_a-dtoa.o)
                                 0x98 (size before relaxing)
 .rodata._svfprintf_r.str1.1
                0x0800c48f        0x0 /Applications/ArmGNUToolchain/15.2.rel1/arm-none-eabi/bin/../lib/gcc/arm-none-eabi/15.2.1/../../../../arm-none-eabi/lib/thumb/v7e-m+fp/hard/libg_nano.a(libc_a-nano-svfprintf.o)
                                 0x11 (size before relaxing)
 .rodata._Balloc.str1.1
                0x0800c48f        0x0 /Applications/ArmGNUToolchain/15.2.rel1/arm-none-eabi/bin/../lib/gcc/arm-none-eabi/15.2.1/../../../../arm-none-eabi/lib/thumb/v7e-m+fp/hard/libg_nano.a(libc_a-mprec.o)
                                 0x79 (size before relaxing)
 .rodata.__multadd.str1.1
                0x0800c48f        0x0 /Applications/ArmGNUToolchain/15.2.rel1/arm-none-eabi/bin/../lib/gcc/arm-none-eabi/15.2.1/../../../../arm-none-eabi/lib/thumb/v7e-m+fp/hard/libg_nano.a(libc_a-mprec.o)
                                 0x11 (size before relaxing)
 *fill*         0x0800c48f        0x1 
 .rodata.p05.0  0x0800c490        0xc /Applications/ArmGNUToolchain/15.2.rel1/arm-none-eabi/bin/../lib/gcc/arm-none-eabi/15.2.1/../../../../arm-none-eabi/lib/thumb/v7e-m+fp/hard/libg_nano.a(libc_a-mprec.o)
 *fill*         0x0800c49c        0x4 
 .rodata.__mprec_bigtens
                0x0800c4a0       0x28 /Applications/ArmGNUToolchain/15.2.rel1/arm-none-eabi/bin/../lib/gcc/arm-none-eabi/15.2.1/../../../../arm-none-eabi/lib/thumb/v7e-m+fp/hard/libg_nano.a(libc_a-mprec.o)
                0x0800c4a0                __mprec_bigtens
 .rodata.__mprec_tens
                0x0800c4c8       0xc8 /Applications/ArmGNUToolchain/15.2.rel1/arm-none-eabi/bin/../lib/gcc/arm-none-eabi/15.2.1/../../../../arm-none-eabi/lib/thumb/v7e-m+fp/hard/libg_nano.a(libc_a-mprec.o)
                0x0800c4c8                __mprec_tens
 .rodata._setlocale_r.str1.1
                0x0800c590        0x0 /Applications/ArmGNUToolchain/15.2.rel1/arm-none-eabi/bin/../lib/gcc/arm-none-eabi/15.2.1/../../../../arm-none-eabi/lib/thumb/v7e-m+fp/hard/libg_nano.a(libc_a-locale.o)
                                  0x9 (size before relaxing)
 .rodata.str1.1
                0x0800c590        0x0 /Applications/ArmGNUToolchain/15.2.rel1/arm-none-eabi/bin/../lib/gcc/arm-none-eabi/15.2.1/../../../../arm-none-eabi/lib/thumb/v7e-m+fp/hard/libg_nano.a(libc_a-locale.o)
                                  0x2 (size before relaxing)
 .rodata.__assert_func.str1.1
                0x0800c590        0x0 /Applications/ArmGNUToolchain/15.2.rel1/arm-none-eabi/bin/../lib/gcc/arm-none-eabi/15.2.1/../../../../arm-none-eabi/lib/thumb/v7e-m+fp/hard/libg_nano.a(libc_a-assert.o)
                                 0x3d (size before relaxing)
 .rodata._ctype_
                0x0800c590      0x101 /Applications/ArmGNUToolchain/15.2.rel1/arm-none-eabi/bin/../lib/gcc/arm-none-eabi/15.2.1/../../../../arm-none-eabi/lib/thumb/v7e-m+fp/hard/libg_nano.a(libc_a-ctype_.o)
                0x0800c590                _ctype_
 .rodata._vfprintf_r.str1.1
                0x0800c691        0x0 /Applications/ArmGNUToolchain/15.2.rel1/arm-none-eabi/bin/../lib/gcc/arm-none-eabi/15.2.1/../../../../arm-none-eabi/lib/thumb/v7e-m+fp/hard/libg_nano.a(libc_a-nano-vfprintf.o)
                                 0x11 (size before relaxing)
                0x0800c694                        . = ALIGN (0x4)
 *fill*         0x0800c691        0x3 

.ARM.extab      0x0800c694        0x0
                0x0800c694                        . = ALIGN (0x4)
 *(.ARM.extab* .gnu.linkonce.armextab.*)
                0x0800c694                        . = ALIGN (0x4)

.ARM            0x0800c694        0x8
                0x0800c694                        . = ALIGN (0x4)
                0x0800c694                        __exidx_start = .
 *(.ARM.exidx*)
 .ARM.exidx     0x0800c694        0x8 /Applications/ArmGNUToolchain/15.2.rel1/arm-none-eabi/bin/../lib/gcc/arm-none-eabi/15.2.1/../../../../arm-none-eabi/lib/thumb/v7e-m+fp/hard/libg_nano.a(libc_a-memchr.o)
 .ARM.exidx     0x0800c69c        0x0 /Applications/ArmGNUToolchain/15.2.rel1/arm-none-eabi/bin/../lib/gcc/arm-none-eabi/15.2.1/../../../../arm-none-eabi/lib/thumb/v7e-m+fp/hard/libg_nano.a(libc_a-strlen.o)
                                  0x8 (size before relaxing)
 .ARM.exidx.text.__udivmoddi4
                0x0800c69c        0x0 /Applications/ArmGNUToolchain/15.2.rel1/arm-none-eabi/bin/../lib/gcc/arm-none-eabi/15.2.1/thumb/v7e-m+fp/hard/libgcc.a(_udivmoddi4.o)
                                  0x8 (size before relaxing)
                0x0800c69c                        __exidx_end = .
                0x0800c69c                        . = ALIGN (0x4)

.preinit_array  0x0800c69c        0x0
                0x0800c69c                        . = ALIGN (0x4)
                0x0800c69c                        PROVIDE (__preinit_array_start = .)
 *(.preinit_array*)
                0x0800c69c                        PROVIDE (__preinit_array_end = .)
                0x0800c69c                        . = ALIGN (0x4)

.init_array     0x0800c69c        0x8
                0x0800c69c                        . = ALIGN (0x4)
                0x0800c69c                        PROVIDE (__init_array_start = .)
 *(SORT_BY_NAME(.init_array.*))
 *(.init_array*)
 .init_array    0x0800c69c        0x4 /Applications/ArmGNUToolchain/15.2.rel1/arm-none-eabi/bin/../lib/gcc/arm-none-eabi/15.2.1/thumb/v7e-m+fp/hard/crtbegin.o
 .init_array    0x0800c6a0        0x4 CMakeFiles/RTOS-PriorityInversion-WD.dir/App/Src/app_main.cpp.obj
                0x0800c6a4                        PROVIDE (__init_array_end = .)
                0x0800c6a4                        . = ALIGN (0x4)

.fini_array     0x0800c6a4        0x8
                0x0800c6a4                        . = ALIGN (0x4)
                [!provide]                        PROVIDE (__fini_array_start = .)
 *(SORT_BY_NAME(.fini_array.*))
 *(.fini_array*)
 .fini_array    0x0800c6a4        0x4 /Applications/ArmGNUToolchain/15.2.rel1/arm-none-eabi/bin/../lib/gcc/arm-none-eabi/15.2.1/thumb/v7e-m+fp/hard/crtbegin.o
 .fini_array    0x0800c6a8        0x4 CMakeFiles/RTOS-PriorityInversion-WD.dir/App/Src/app_main.cpp.obj
                [!provide]                        PROVIDE (__fini_array_end = .)
                0x0800c6ac                        . = ALIGN (0x4)
                0x0800c6ac                        _sidata = LOADADDR (.data)

.rel.dyn        0x0800c6ac        0x0
 .rel.iplt      0x0800c6ac        0x0 /Applications/ArmGNUToolchain/15.2.rel1/arm-none-eabi/bin/../lib/gcc/arm-none-eabi/15.2.1/thumb/v7e-m+fp/hard/crtbegin.o

.data           0x20000000      0x1d8 load address 0x0800c6ac
                0x20000000                        . = ALIGN (0x4)
                0x20000000                        _sdata = .
 *(.data)
 *(.data*)
 .data.SystemCoreClock