Archive member included to satisfy reference by file (symbol)

/Applications/ArmGNUToolchain/15.2.rel1/arm-none-eabi/bin/../lib/gcc/arm-none-eabi/15.2.1/../../../../arm-none-eabi/lib/thumb/v7e-m+fp/hard/libstdc++_nano.a(del_ops.o)
                              CMakeFiles/RTOS-PriorityInversion-WD.dir/App/Src/DisplayTask.cpp.obj (operator delete(void*, unsigned int))
/Applications/ArmGNUToolchain/15.2.rel1/arm-none-eabi/bin/../lib/gcc/arm-none-eabi/15.2.1/../../../../arm-none-eabi/lib/thumb/v7e-m+fp/hard/libstdc++_nano.a(del_op.o)
                              /Applications/ArmGNUToolchain/15.2.rel1/arm-none-eabi/bin/../lib/gcc/arm-none-eabi/15.2.1/../../../../arm-none-eabi/lib/thumb/v7e-m+fp/hard/libstdc++_nano.a(del_ops.o) (operator delete(void*))
/Applications/ArmGNUToolchain/15.2.rel1/arm-none-eabi/bin/../lib/gcc/arm-none-eabi/15.2.1/../../../../arm-none-eabi/lib/thumb/v7e-m+fp/hard/libm.a(libm_a-sf_cos.o)
                              CMakeFiles/RTOS-PriorityInversion-WD.dir/Drivers/oled/ssd1306.c.obj (cosf)
/Applications/ArmGNUToolchain/15.2.rel1/arm-none-eabi/bin/../lib/gcc/arm-none-eabi/15.2.1/../../../../arm-none-eabi/lib/thumb/v7e-m+fp/hard/libm.a(libm_a-sf_sin.o)
                              CMakeFiles/RTOS-PriorityInversion-WD.dir/Drivers/oled/ssd1306.c.obj (sinf)
/Applications/ArmGNUToolchain/15.2.rel1/arm-none-eabi/bin/../lib/gcc/arm-none-eabi/15.2.1/../../../../arm-none-eabi/lib/thumb/v7e-m+fp/hard/libm.a(libm_a-kf_cos.o)
                              /Applications/ArmGNUToolchain/15.2.rel1/arm-none-eabi/bin/../lib/gcc/arm-none-eabi/15.2.1/../../../../arm-none-eabi/lib/thumb/v7e-m+fp/hard/libm.a(libm_a-sf_cos.o) (__kernel_cosf)
/Applications/ArmGNUToolchain/15.2.rel1/arm-none-eabi/bin/../lib/gcc/arm-none-eabi/15.2.1/../../../../arm-none-eabi/lib/thumb/v7e-m+fp/hard/libm.a(libm_a-kf_sin.o)
                              /Applications/ArmGNUToolchain/15.2.rel1/arm-none-eabi/bin/../lib/gcc/arm-none-eabi/15.2.1/../../../../arm-none-eabi/lib/thumb/v7e-m+fp/hard/libm.a(libm_a-sf_cos.o) (__kernel_sinf)
/Applications/ArmGNUToolchain/15.2.rel1/arm-none-eabi/bin/../lib/gcc/arm-none-eabi/15.2.1/../../../../arm-none-eabi/lib/thumb/v7e-m+fp/hard/libm.a(libm_a-ef_rem_pio2.o)
                              /Applications/ArmGNUToolchain/15.2.rel1/arm-none-eabi/bin/../lib/gcc/arm-none-eabi/15.2.1/../../../../arm-none-eabi/lib/thumb/v7e-m+fp/hard/libm.a(libm_a-sf_cos.o) (__ieee754_rem_pio2f)
/Applications/ArmGNUToolchain/15.2.rel1/arm-none-eabi/bin/../lib/gcc/arm-none-eabi/15.2.1/../../../../arm-none-eabi/lib/thumb/v7e-m+fp/hard/libm.a(libm_a-sf_fabs.o)
                              /Applications/ArmGNUToolchain/15.2.rel1/arm-none-eabi/bin/../lib/gcc/arm-none-eabi/15.2.1/../../../../arm-none-eabi/lib/thumb/v7e-m+fp/hard/libm.a(libm_a-ef_rem_pio2.o) (fabsf)
/Applications/ArmGNUToolchain/15.2.rel1/arm-none-eabi/bin/../lib/gcc/arm-none-eabi/15.2.1/../../../../arm-none-eabi/lib/thumb/v7e-m+fp/hard/libm.a(libm_a-kf_rem_pio2.o)
                              /Applications/ArmGNUToolchain/15.2.rel1/arm-none-eabi/bin/../lib/gcc/arm-none-eabi/15.2.1/../../../../arm-none-eabi/lib/thumb/v7e-m+fp/hard/libm.a(libm_a-ef_rem_pio2.o) (__kernel_rem_pio2f)
/Applications/ArmGNUToolchain/15.2.rel1/arm-none-eabi/bin/../lib/gcc/arm-none-eabi/15.2.1/../../../../arm-none-eabi/lib/thumb/v7e-m+fp/hard/libm.a(libm_a-sf_floor.o)
                              /Applications/ArmGNUToolchain/15.2.rel1/arm-none-eabi/bin/../lib/gcc/arm-none-eabi/15.2.1/../../../../arm-none-eabi/lib/thumb/v7e-m+fp/hard/libm.a(libm_a-kf_rem_pio2.o) (floorf)
/Applications/ArmGNUToolchain/15.2.rel1/arm-none-eabi/bin/../lib/gcc/arm-none-eabi/15.2.1/../../../../arm-none-eabi/lib/thumb/v7e-m+fp/hard/libm.a(libm_a-sf_scalbn.o)
                              /Applications/ArmGNUToolchain/15.2.rel1/arm-none-eabi/bin/../lib/gcc/arm-none-eabi/15.2.1/../../../../arm-none-eabi/lib/thumb/v7e-m+fp/hard/libm.a(libm_a-kf_rem_pio2.o) (scalbnf)
/Applications/ArmGNUToolchain/15.2.rel1/arm-none-eabi/bin/../lib/gcc/arm-none-eabi/15.2.1/thumb/v7e-m+fp/hard/libgcc.a(_arm_addsubdf3.o)
                              CMakeFiles/RTOS-PriorityInversion-WD.dir/App/Src/DisplayTask.cpp.obj (__aeabi_f2d)
/Applications/ArmGNUToolchain/15.2.rel1/arm-none-eabi/bin/../lib/gcc/arm-none-eabi/15.2.1/thumb/v7e-m+fp/hard/libgcc.a(_arm_addsubsf3.o)
                              CMakeFiles/RTOS-PriorityInversion-WD.dir/Core/Src/bme280.c.obj (__aeabi_l2f)
/Applications/ArmGNUToolchain/15.2.rel1/arm-none-eabi/bin/../lib/gcc/arm-none-eabi/15.2.1/thumb/v7e-m+fp/hard/libgcc.a(_aeabi_ldivmod.o)
                              CMakeFiles/RTOS-PriorityInversion-WD.dir/Core/Src/bme280.c.obj (__aeabi_ldivmod)
/Applications/ArmGNUToolchain/15.2.rel1/arm-none-eabi/bin/../lib/gcc/arm-none-eabi/15.2.1/thumb/v7e-m+fp/hard/libgcc.a(_aeabi_uldivmod.o)
                              cmake/stm32cubemx/CMakeFiles/STM32_Drivers.dir/__/__/Drivers/STM32F4xx_HAL_Driver/Src/stm32f4xx_hal_rcc.c.obj (__aeabi_uldivmod)
[...]
Memory Configuration

Name             Origin             Length             Attributes
RAM              0x20000000         0x00020000         xrw
FLASH            0x08000000         0x00080000         xr
*default*        0x00000000         0xffffffff

Linker script and memory map

LOAD /Applications/ArmGNUToolchain/15.2.rel1/arm-none-eabi/bin/../lib/gcc/arm-none-eabi/15.2.1/thumb/v7e-m+fp/hard/crti.o
LOAD /Applications/ArmGNUToolchain/15.2.rel1/arm-none-eabi/bin/../lib/gcc/arm-none-eabi/15.2.1/thumb/v7e-m+fp/hard/crtbegin.o
LOAD /Applications/ArmGNUToolchain/15.2.rel1/arm-none-eabi/bin/../lib/gcc/arm-none-eabi/15.2.1/../../../../arm-none-eabi/lib/thumb/v7e-m+fp/hard/crt0.o
LOAD CMakeFiles/RTOS-PriorityInversion-WD.dir/Core/Src/main.c.obj
LOAD CMakeFiles/RTOS-PriorityInversion-WD.dir/Core/Src/freertos.c.obj
LOAD CMakeFiles/RTOS-PriorityInversion-WD.dir/Core/Src/stm32f4xx_it.c.obj
LOAD CMakeFiles/RTOS-PriorityInversion-WD.dir/Core/Src/stm32f4xx_hal_msp.c.obj
LOAD CMakeFiles/RTOS-PriorityInversion-WD.dir/Core/Src/stm32f4xx_hal_timebase_tim.c.obj
LOAD CMakeFiles/RTOS-PriorityInversion-WD.dir/Core/Src/sysmem.c.obj
LOAD CMakeFiles/RTOS-PriorityInversion-WD.dir/Core/Src/syscalls.c.obj
LOAD CMakeFiles/RTOS-PriorityInversion-WD.dir/startup_stm32f446xx.s.obj
LOAD CMakeFiles/RTOS-PriorityInversion-WD.dir/Drivers/oled/ssd1306.c.obj
LOAD CMakeFiles/RTOS-PriorityInversion-WD.dir/Drivers/oled/ssd1306_fonts.c.obj
LOAD CMakeFiles/RTOS-PriorityInversion-WD.dir/Core/Src/bme280.c.obj
LOAD CMakeFiles/RTOS-PriorityInversion-WD.dir/App/Src/DisplayTask.cpp.obj
LOAD CMakeFiles/RTOS-PriorityInversion-WD.dir/App/Src/SensorTask.cpp.obj
LOAD CMakeFiles/RTOS-PriorityInversion-WD.dir/App/Src/Task.cpp.obj
LOAD CMakeFiles/RTOS-PriorityInversion-WD.dir/App/Src/app_main.cpp.obj
LOAD cmake/stm32cubemx/CMakeFiles/STM32_Drivers.dir/__/__/Core/Src/system_stm32f4xx.c.obj
LOAD cmake/stm32cubemx/CMakeFiles/STM32_Drivers.dir/__/__/Drivers/STM32F4xx_HAL_Driver/Src/stm32f4xx_hal_tim.c.obj
LOAD cmake/stm32cubemx/CMakeFiles/STM32_Drivers.dir/__/__/Drivers/STM32F4xx_HAL_Driver/Src/stm32f4xx_hal_tim_ex.c.obj
LOAD cmake/stm32cubemx/CMakeFiles/STM32_Drivers.dir/__/__/Drivers/STM32F4xx_HAL_Driver/Src/stm32f4xx_hal_rcc.c.obj
LOAD cmake/stm32cubemx/CMakeFiles/STM32_Drivers.dir/__/__/Drivers/STM32F4xx_HAL_Driver/Src/stm32f4xx_hal_rcc_ex.c.obj
LOAD cmake/stm32cubemx/CMakeFiles/STM32_Drivers.dir/__/__/Drivers/STM32F4xx_HAL_Driver/Src/stm32f4xx_hal_flash.c.obj
LOAD cmake/stm32cubemx/CMakeFiles/STM32_Drivers.dir/__/__/Drivers/STM32F4xx_HAL_Driver/Src/stm32f4xx_hal_flash_ex.c.obj
LOAD cmake/stm32cubemx/CMakeFiles/STM32_Drivers.dir/__/__/Drivers/STM32F4xx_HAL_Driver/Src/stm32f4xx_hal_flash_ramfunc.c.obj
LOAD cmake/stm32cubemx/CMakeFiles/STM32_Drivers.dir/__/__/Drivers/STM32F4xx_HAL_Driver/Src/stm32f4xx_hal_gpio.c.obj
LOAD cmake/stm32cubemx/CMakeFiles/STM32_Drivers.dir/__/__/Drivers/STM32F4xx_HAL_Driver/Src/stm32f4xx_hal_dma_ex.c.obj
LOAD cmake/stm32cubemx/CMakeFiles/STM32_Drivers.dir/__/__/Drivers/STM32F4xx_HAL_Driver/Src/stm32f4xx_hal_dma.c.obj
LOAD cmake/stm32cubemx/CMakeFiles/STM32_Drivers.dir/__/__/Drivers/STM32F4xx_HAL_Driver/Src/stm32f4xx_hal_pwr.c.obj
LOAD cmake/stm32cubemx/CMakeFiles/STM32_Drivers.dir/__/__/Drivers/STM32F4xx_HAL_Driver/Src/stm32f4xx_hal_pwr_ex.c.obj
LOAD cmake/stm32cubemx/CMakeFiles/STM32_Drivers.dir/__/__/Drivers/STM32F4xx_HAL_Driver/Src/stm32f4xx_hal_cortex.c.obj
LOAD cmake/stm32cubemx/CMakeFiles/STM32_Drivers.dir/__/__/Drivers/STM32F4xx_HAL_Driver/Src/stm32f4xx_hal.c.obj
LOAD cmake/stm32cubemx/CMakeFiles/STM32_Drivers.dir/__/__/Drivers/STM32F4xx_HAL_Driver/Src/stm32f4xx_hal_exti.c.obj
LOAD cmake/stm32cubemx/CMakeFiles/STM32_Drivers.dir/__/__/Drivers/STM32F4xx_HAL_Driver/Src/stm32f4xx_hal_i2c.c.obj
LOAD cmake/stm32cubemx/CMakeFiles/STM32_Drivers.dir/__/__/Drivers/STM32F4xx_HAL_Driver/Src/stm32f4xx_hal_i2c_ex.c.obj
LOAD cmake/stm32cubemx/CMakeFiles/STM32_Drivers.dir/__/__/Drivers/STM32F4xx_HAL_Driver/Src/stm32f4xx_hal_uart.c.obj
LOAD cmake/stm32cubemx/CMakeFiles/FreeRTOS.dir/__/__/Middlewares/Third_Party/FreeRTOS/Source/croutine.c.obj
LOAD cmake/stm32cubemx/CMakeFiles/FreeRTOS.dir/__/__/Middlewares/Third_Party/FreeRTOS/Source/event_groups.c.obj
LOAD cmake/stm32cubemx/CMakeFiles/FreeRTOS.dir/__/__/Middlewares/Third_Party/FreeRTOS/Source/list.c.obj
LOAD cmake/stm32cubemx/CMakeFiles/FreeRTOS.dir/__/__/Middlewares/Third_Party/FreeRTOS/Source/queue.c.obj
LOAD cmake/stm32cubemx/CMakeFiles/FreeRTOS.dir/__/__/Middlewares/Third_Party/FreeRTOS/Source/stream_buffer.c.obj
LOAD cmake/stm32cubemx/CMakeFiles/FreeRTOS.dir/__/__/Middlewares/Third_Party/FreeRTOS/Source/tasks.c.obj
LOAD cmake/stm32cubemx/CMakeFiles/FreeRTOS.dir/__/__/Middlewares/Third_Party/FreeRTOS/Source/timers.c.obj
LOAD cmake/stm32cubemx/CMakeFiles/FreeRTOS.dir/__/__/Middlewares/Third_Party/FreeRTOS/Source/CMSIS_RTOS_V2/cmsis_os2.c.obj
LOAD cmake/stm32cubemx/CMakeFiles/FreeRTOS.dir/__/__/Middlewares/Third_Party/FreeRTOS/Source/portable/MemMang/heap_4.c.obj
LOAD cmake/stm32cubemx/CMakeFiles/FreeRTOS.dir/__/__/Middlewares/Third_Party/FreeRTOS/Source/portable/GCC/ARM_CM4F/port.c.obj
LOAD /Applications/ArmGNUToolchain/15.2.rel1/arm-none-eabi/bin/../lib/gcc/arm-none-eabi/15.2.1/../../../../arm-none-eabi/lib/thumb/v7e-m+fp/hard/libstdc++_nano.a
LOAD /Applications/ArmGNUToolchain/15.2.rel1/arm-none-eabi/bin/../lib/gcc/arm-none-eabi/15.2.1/../../../../arm-none-eabi/lib/thumb/v7e-m+fp/hard/libm.a
START GROUP
LOAD /Applications/ArmGNUToolchain/15.2.rel1/arm-none-eabi/bin/../lib/gcc/arm-none-eabi/15.2.1/thumb/v7e-m+fp/hard/libgcc.a
LOAD /Applications/ArmGNUToolchain/15.2.rel1/arm-none-eabi/bin/../lib/gcc/arm-none-eabi/15.2.1/../../../../arm-none-eabi/lib/thumb/v7e-m+fp/hard/libg_nano.a
LOAD /Applications/ArmGNUToolchain/15.2.rel1/arm-none-eabi/bin/../lib/gcc/arm-none-eabi/15.2.1/../../../../arm-none-eabi/lib/thumb/v7e-m+fp/hard/libc_nano.a
END GROUP
START GROUP
LOAD /Applications/ArmGNUToolchain/15.2.rel1/arm-none-eabi/bin/../lib/gcc/arm-none-eabi/15.2.1/thumb/v7e-m+fp/hard/libgcc.a
LOAD /Applications/ArmGNUToolchain/15.2.rel1/arm-none-eabi/bin/../lib/gcc/arm-none-eabi/15.2.1/../../../../arm-none-eabi/lib/thumb/v7e-m+fp/hard/libc_nano.a
END GROUP
LOAD /Applications/ArmGNUToolchain/15.2.rel1/arm-none-eabi/bin/../lib/gcc/arm-none-eabi/15.2.1/thumb/v7e-m+fp/hard/crtend.o
LOAD /Applications/ArmGNUToolchain/15.2.rel1/arm-none-eabi/bin/../lib/gcc/arm-none-eabi/15.2.1/thumb/v7e-m+fp/hard/crtn.o
                0x20020000                        _estack = (ORIGIN (RAM) + LENGTH (RAM))
                0x2001fc00                        _sstack = (_estack - _Min_Stack_Size)
                0x00000200                        _Min_Heap_Size = 0x200
                0x00000400                        _Min_Stack_Size = 0x400

.isr_vector     0x08000000      0x1c4
                0x08000000                        . = ALIGN (0x4)
 *(.isr_vector)
 .isr_vector    0x08000000      0x1c4 CMakeFiles/RTOS-PriorityInversion-WD.dir/startup_stm32f446xx.s.obj
                0x08000000                g_pfnVectors
                0x080001c4                        . = ALIGN (0x4)

.text           0x080001d0     0xb570
                0x080001d0                        . = ALIGN (0x4)
 *(.text)
 .text          0x080001d0      0x378 /Applications/ArmGNUToolchain/15.2.rel1/arm-none-eabi/bin/../lib/gcc/arm-none-eabi/15.2.1/thumb/v7e-m+fp/hard/libgcc.a(_arm_addsubdf3.o)
                0x080001d0                __aeabi_drsub
                0x080001d8                __subdf3
                0x080001d8                __aeabi_dsub
                0x080001dc                __aeabi_dadd
                0x080001dc                __adddf3
                0x08000454                __aeabi_ui2d
                0x08000454                __floatunsidf
                0x08000474                __floatsidf
                0x08000474                __aeabi_i2d
                0x08000498                __extendsfdf2
                0x08000498                __aeabi_f2d
                0x080004dc                __aeabi_ul2d
                0x080004dc                __floatundidf
                0x080004ec                __aeabi_l2d
                0x080004ec                __floatdidf
 .text          0x08000548      0x21c /Applications/ArmGNUToolchain/15.2.rel1/arm-none-eabi/bin/../lib/gcc/arm-none-eabi/15.2.1/thumb/v7e-m+fp/hard/libgcc.a(_arm_addsubsf3.o)
                0x08000548                __aeabi_frsub
                0x08000550                __aeabi_fsub
                0x08000550                __subsf3
                0x08000554                __aeabi_fadd
                0x08000554                __addsf3
                0x080006b4                __aeabi_ui2f
                0x080006b4                __floatunsisf
                0x080006bc                __floatsisf
                0x080006bc                __aeabi_i2f
                0x080006d8                __aeabi_ul2f
                0x080006d8                __floatundisf
                0x080006e8                __aeabi_l2f
                0x080006e8                __floatdisf
 .text          0x08000764       0xa0 /Applications/ArmGNUToolchain/15.2.rel1/arm-none-eabi/bin/../lib/gcc/arm-none-eabi/15.2.1/thumb/v7e-m+fp/hard/libgcc.a(_aeabi_ldivmod.o)
                0x08000764                __aeabi_ldivmod
 .text          0x08000804       0x30 /Applications/ArmGNUToolchain/15.2.rel1/arm-none-eabi/bin/../lib/gcc/arm-none-eabi/15.2.1/thumb/v7e-m+fp/hard/libgcc.a(_aeabi_uldivmod.o)
                0x08000804                __aeabi_uldivmod
 .text          0x08000834        0x4 /Applications/ArmGNUToolchain/15.2.rel1/arm-none-eabi/bin/../lib/gcc/arm-none-eabi/15.2.1/thumb/v7e-m+fp/hard/libgcc.a(_dvmd_tls.o)
                0x08000834                __aeabi_ldiv0
                0x08000834                __aeabi_idiv0
 *fill*         0x08000838        0x8 
 .text          0x08000840       0xa0 /Applications/ArmGNUToolchain/15.2.rel1/arm-none-eabi/bin/../lib/gcc/arm-none-eabi/15.2.1/../../../../arm-none-eabi/lib/thumb/v7e-m+fp/hard/libg_nano.a(libc_a-memchr.o)
                0x08000840                memchr
 .text          0x080008e0       0x10 /Applications/ArmGNUToolchain/15.2.rel1/arm-none-eabi/bin/../lib/gcc/arm-none-eabi/15.2.1/../../../../arm-none-eabi/lib/thumb/v7e-m+fp/hard/libg_nano.a(libc_a-strlen.o)
                0x080008e0                strlen
 .text          0x080008f0      0x424 /Applications/ArmGNUToolchain/15.2.rel1/arm-none-eabi/bin/../lib/gcc/arm-none-eabi/15.2.1/thumb/v7e-m+fp/hard/libgcc.a(_arm_muldivdf3.o)
                0x080008f0                __aeabi_dmul
                0x080008f0                __muldf3
                0x08000b44                __aeabi_ddiv
                0x08000b44                __divdf3
 .text          0x08000d14      0x110 /Applications/ArmGNUToolchain/15.2.rel1/arm-none-eabi/bin/../lib/gcc/arm-none-eabi/15.2.1/thumb/v7e-m+fp/hard/libgcc.a(_arm_cmpdf2.o)
                0x08000d14                __gedf2
                0x08000d14                __gtdf2
                0x08000d1c                __ledf2
                0x08000d1c                __ltdf2
                0x08000d24                __cmpdf2
                0x08000d24                __eqdf2
                0x08000d24                __nedf2
                0x08000da0                __aeabi_cdrcmple
                0x08000db0                __aeabi_cdcmple
                0x08000db0                __aeabi_cdcmpeq
                0x08000dc0                __aeabi_dcmpeq
                0x08000dd4                __aeabi_dcmplt
                0x08000de8                __aeabi_dcmple
                0x08000dfc                __aeabi_dcmpge
                0x08000e10                __aeabi_dcmpgt
 .text          0x08000e24       0x2c /Applications/ArmGNUToolchain/15.2.rel1/arm-none-eabi/bin/../lib/gcc/arm-none-eabi/15.2.1/thumb/v7e-m+fp/hard/libgcc.a(_arm_unorddf2.o)
                0x08000e24                __aeabi_dcmpun
                0x08000e24                __unorddf2
 .text          0x08000e50       0x50 /Applications/ArmGNUToolchain/15.2.rel1/arm-none-eabi/bin/../lib/gcc/arm-none-eabi/15.2.1/thumb/v7e-m+fp/hard/libgcc.a(_arm_fixdfsi.o)
                0x08000e50                __fixdfsi
                0x08000e50                __aeabi_d2iz
 *(.text*)
 .text.deregister_tm_clones
                0x08000ea0       0x1c /Applications/ArmGNUToolchain/15.2.rel1/arm-none-eabi/bin/../lib/gcc/arm-none-eabi/15.2.1/thumb/v7e-m+fp/hard/crtbegin.o
 .text.register_tm_clones
                0x08000ebc       0x24 /Applications/ArmGNUToolchain/15.2.rel1/arm-none-eabi/bin/../lib/gcc/arm-none-eabi/15.2.1/thumb/v7e-m+fp/hard/crtbegin.o
 .text.__do_global_dtors_aux
                0x08000ee0       0x28 /Applications/ArmGNUToolchain/15.2.rel1/arm-none-eabi/bin/../lib/gcc/arm-none-eabi/15.2.1/thumb/v7e-m+fp/hard/crtbegin.o
 .text.frame_dummy
                0x08000f08       0x24 /Applications/ArmGNUToolchain/15.2.rel1/arm-none-eabi/bin/../lib/gcc/arm-none-eabi/15.2.1/thumb/v7e-m+fp/hard/crtbegin.o
 .text.main     0x08000f2c       0x28 CMakeFiles/RTOS-PriorityInversion-WD.dir/Core/Src/main.c.obj
                0x08000f2c                main
 .text.SystemClock_Config
                0x08000f54       0xe4 CMakeFiles/RTOS-PriorityInversion-WD.dir/Core/Src/main.c.obj
                0x08000f54                SystemClock_Config
 .text.MX_I2C1_Init
                0x08001038       0x5c CMakeFiles/RTOS-PriorityInversion-WD.dir/Core/Src/main.c.obj
 .text.MX_USART2_UART_Init
                0x08001094       0x54 CMakeFiles/RTOS-PriorityInversion-WD.dir/Core/Src/main.c.obj
 .text.MX_GPIO_Init
                0x080010e8       0xdc CMakeFiles/RTOS-PriorityInversion-WD.dir/Core/Src/main.c.obj
 .text.HAL_TIM_PeriodElapsedCallback
                0x080011c4       0x24 CMakeFiles/RTOS-PriorityInversion-WD.dir/Core/Src/main.c.obj
                0x080011c4                HAL_TIM_PeriodElapsedCallback
 .text.Error_Handler
                0x080011e8        0xc CMakeFiles/RTOS-PriorityInversion-WD.dir/Core/Src/main.c.obj
                0x080011e8                Error_Handler
 .text.NMI_Handler
                0x080011f4        0x8 CMakeFiles/RTOS-PriorityInversion-WD.dir/Core/Src/stm32f4xx_it.c.obj
                0x080011f4                NMI_Handler
 .text.HardFault_Handler
                0x080011fc        0x8 CMakeFiles/RTOS-PriorityInversion-WD.dir/Core/Src/stm32f4xx_it.c.obj
                0x080011fc                HardFault_Handler
 .text.MemManage_Handler
                0x08001204        0x8 CMakeFiles/RTOS-PriorityInversion-WD.dir/Core/Src/stm32f4xx_it.c.obj
                0x08001204                MemManage_Handler
 .text.BusFault_Handler
                0x0800120c        0x8 CMakeFiles/RTOS-PriorityInversion-WD.dir/Core/Src/stm32f4xx_it.c.obj
                0x0800120c                BusFault_Handler
 .text.UsageFault_Handler
                0x08001214        0x8 CMakeFiles/RTOS-PriorityInversion-WD.dir/Core/Src/stm32f4xx_it.c.obj
                0x08001214                UsageFault_Handler
 .text.DebugMon_Handler
                0x0800121c        0xc CMakeFiles/RTOS-PriorityInversion-WD.dir/Core/Src/stm32f4xx_it.c.obj
                0x0800121c                DebugMon_Handler
 .text.TIM6_DAC_IRQHandler
                0x08001228       0x14 CMakeFiles/RTOS-PriorityInversion-WD.dir/Core/Src/stm32f4xx_it.c.obj
                0x08001228                TIM6_DAC_IRQHandler
 .text.HAL_MspInit
                0x0800123c       0x58 CMakeFiles/RTOS-PriorityInversion-WD.dir/Core/Src/stm32f4xx_hal_msp.c.obj
                0x0800123c                HAL_MspInit
 .text.HAL_I2C_MspInit
                0x08001294       0x90 CMakeFiles/RTOS-PriorityInversion-WD.dir/Core/Src/stm32f4xx_hal_msp.c.obj
                0x08001294                HAL_I2C_MspInit
 .text.HAL_UART_MspInit
                0x08001324       0x90 CMakeFiles/RTOS-PriorityInversion-WD.dir/Core/Src/stm32f4xx_hal_msp.c.obj
                0x08001324                HAL_UART_MspInit
 .text.HAL_InitTick
                0x080013b4       0xf8 CMakeFiles/RTOS-PriorityInversion-WD.dir/Core/Src/stm32f4xx_hal_timebase_tim.c.obj
                0x080013b4                HAL_InitTick
 .text._sbrk    0x080014ac       0x6c CMakeFiles/RTOS-PriorityInversion-WD.dir/Core/Src/sysmem.c.obj
                0x080014ac                _sbrk
 .text._getpid  0x08001518        0xe CMakeFiles/RTOS-PriorityInversion-WD.dir/Core/Src/syscalls.c.obj
                0x08001518                _getpid
 .text._kill    0x08001526       0x20 CMakeFiles/RTOS-PriorityInversion-WD.dir/Core/Src/syscalls.c.obj
                0x08001526                _kill
 .text._exit    0x08001546       0x16 CMakeFiles/RTOS-PriorityInversion-WD.dir/Core/Src/syscalls.c.obj
                0x08001546                _exit
 .text._read    0x0800155c       0x3a CMakeFiles/RTOS-PriorityInversion-WD.dir/Core/Src/syscalls.c.obj
                0x0800155c                _read
 .text._write   0x08001596       0x38 CMakeFiles/RTOS-PriorityInversion-WD.dir/Core/Src/syscalls.c.obj
                0x08001596                _write
 .text._close   0x080015ce       0x16 CMakeFiles/RTOS-PriorityInversion-WD.dir/Core/Src/syscalls.c.obj
                0x080015ce                _close
 .text._fstat   0x080015e4       0x1e CMakeFiles/RTOS-PriorityInversion-WD.dir/Core/Src/syscalls.c.obj
                0x080015e4                _fstat
 .text._isatty  0x08001602       0x14 CMakeFiles/RTOS-PriorityInversion-WD.dir/Core/Src/syscalls.c.obj
                0x08001602                _isatty
 .text._lseek   0x08001616       0x18 CMakeFiles/RTOS-PriorityInversion-WD.dir/Core/Src/syscalls.c.obj
                0x08001616                _lseek
 *fill*         0x0800162e        0x2 
 .text.Reset_Handler
                0x08001630       0x50 CMakeFiles/RTOS-PriorityInversion-WD.dir/startup_stm32f446xx.s.obj
                0x08001630                Reset_Handler
 .text.Default_Handler
                0x08001680        0x2 CMakeFiles/RTOS-PriorityInversion-WD.dir/startup_stm32f446xx.s.obj
                0x08001680                DMA1_Stream3_IRQHandler
                0x08001680                EXTI2_IRQHandler
                0x08001680                TIM8_CC_IRQHandler
                0x08001680                FMPI2C1_EV_IRQHandler
                0x08001680                SPI4_IRQHandler
                0x08001680                TIM1_CC_IRQHandler
                0x08001680                DMA2_Stream5_IRQHandler
                0x08001680                DMA1_Stream5_IRQHandler
                0x08001680                PVD_IRQHandler
                0x08001680                SDIO_IRQHandler
                0x08001680                TAMP_STAMP_IRQHandler
                0x08001680                CAN2_RX1_IRQHandler
                0x08001680                EXTI3_IRQHandler
                0x08001680                TIM8_TRG_COM_TIM14_IRQHandler
                0x08001680                TIM1_UP_TIM10_IRQHandler
                0x08001680                TIM8_UP_TIM13_IRQHandler
                0x08001680                I2C3_ER_IRQHandler
                0x08001680                EXTI0_IRQHandler
                0x08001680                I2C2_EV_IRQHandler
                0x08001680                DMA1_Stream2_IRQHandler
                0x08001680                CAN1_RX0_IRQHandler
                0x08001680                FPU_IRQHandler
                0x08001680                OTG_HS_WKUP_IRQHandler
                0x08001680                CAN2_SCE_IRQHandler
                0x08001680                DMA2_Stream2_IRQHandler
                0x08001680                SPI1_IRQHandler
                0x08001680                TIM1_BRK_TIM9_IRQHandler
                0x08001680                DCMI_IRQHandler
                0x08001680                CAN2_RX0_IRQHandler
                0x08001680                DMA2_Stream3_IRQHandler
                0x08001680                SAI2_IRQHandler
                0x08001680                USART6_IRQHandler
                0x08001680                USART3_IRQHandler
                0x08001680                CAN1_RX1_IRQHandler
                0x08001680                UART5_IRQHandler
                0x08001680                DMA2_Stream0_IRQHandler
                0x08001680                TIM4_IRQHandler
                0x08001680                QUADSPI_IRQHandler
                0x08001680                I2C1_EV_IRQHandler
                0x08001680                DMA1_Stream6_IRQHandler
                0x08001680                DMA1_Stream1_IRQHandler
                0x08001680                UART4_IRQHandler
                0x08001680                TIM3_IRQHandler
                0x08001680                RCC_IRQHandler
                0x08001680                TIM8_BRK_TIM12_IRQHandler
                0x08001680                Default_Handler
                0x08001680                CEC_IRQHandler
                0x08001680                EXTI15_10_IRQHandler
                0x08001680                ADC_IRQHandler
                0x08001680                DMA1_Stream7_IRQHandler
                0x08001680                TIM7_IRQHandler
                0x08001680                CAN2_TX_IRQHandler
                0x08001680                TIM5_IRQHandler
                0x08001680                DMA2_Stream7_IRQHandler
                0x08001680                I2C3_EV_IRQHandler
                0x08001680                EXTI9_5_IRQHandler
                0x08001680                RTC_WKUP_IRQHandler
                0x08001680                SPDIF_RX_IRQHandler
                0x08001680                SPI2_IRQHandler
                0x08001680                OTG_HS_EP1_IN_IRQHandler
                0x08001680                DMA1_Stream0_IRQHandler
                0x08001680                CAN1_TX_IRQHandler
                0x08001680                FMPI2C1_ER_IRQHandler
                0x08001680                EXTI4_IRQHandler
                0x08001680                OTG_HS_EP1_OUT_IRQHandler
                0x08001680                WWDG_IRQHandler
                0x08001680                TIM2_IRQHandler
                0x08001680                OTG_FS_WKUP_IRQHandler
                0x08001680                TIM1_TRG_COM_TIM11_IRQHandler
                0x08001680                OTG_HS_IRQHandler
                0x08001680                EXTI1_IRQHandler
                0x08001680                USART2_IRQHandler
                0x08001680                I2C2_ER_IRQHandler
                0x08001680                DMA2_Stream1_IRQHandler
                0x08001680                CAN1_SCE_IRQHandler
                0x08001680                FLASH_IRQHandler
                0x08001680                DMA2_Stream4_IRQHandler
                0x08001680                USART1_IRQHandler
                0x08001680                OTG_FS_IRQHandler
                0x08001680                SPI3_IRQHandler
                0x08001680                DMA1_Stream4_IRQHandler
                0x08001680                I2C1_ER_IRQHandler
                0x08001680                FMC_IRQHandler
                0x08001680                DMA2_Stream6_IRQHandler
                0x08001680                SAI1_IRQHandler
                0x08001680                RTC_Alarm_IRQHandler
 .text.ssd1306_Reset
                0x08001682        0xc CMakeFiles/RTOS-PriorityInversion-WD.dir/Drivers/oled/ssd1306.c.obj
                0x08001682                ssd1306_Reset
 *fill*         0x0800168e        0x2 
 .text.ssd1306_WriteCommand
                0x08001690       0x30 CMakeFiles/RTOS-PriorityInversion-WD.dir/Drivers/oled/ssd1306.c.obj
                0x08001690                ssd1306_WriteCommand
 .text.ssd1306_WriteData
                0x080016c0       0x34 CMakeFiles/RTOS-PriorityInversion-WD.dir/Drivers/oled/ssd1306.c.obj
                0x080016c0                ssd1306_WriteData
 .text.ssd1306_Init
                0x080016f4       0xd4 CMakeFiles/RTOS-PriorityInversion-WD.dir/Drivers/oled/ssd1306.c.obj
                0x080016f4                ssd1306_Init
 .text.ssd1306_Fill
                0x080017c8       0x30 CMakeFiles/RTOS-PriorityInversion-WD.dir/Drivers/oled/ssd1306.c.obj
                0x080017c8                ssd1306_Fill
 .text.ssd1306_UpdateScreen
                0x080017f8       0x50 CMakeFiles/RTOS-PriorityInversion-WD.dir/Drivers/oled/ssd1306.c.obj
                0x080017f8                ssd1306_UpdateScreen
 .text.ssd1306_DrawPixel
                0x08001848       0xa4 CMakeFiles/RTOS-PriorityInversion-WD.dir/Drivers/oled/ssd1306.c.obj
                0x08001848                ssd1306_DrawPixel
 .text.ssd1306_WriteChar
                0x080018ec      0x124 CMakeFiles/RTOS-PriorityInversion-WD.dir/Drivers/oled/ssd1306.c.obj
                0x080018ec                ssd1306_WriteChar
 .text.ssd1306_WriteString
                0x08001a10       0x4c CMakeFiles/RTOS-PriorityInversion-WD.dir/Drivers/oled/ssd1306.c.obj
                0x08001a10                ssd1306_WriteString
 .text.ssd1306_SetCursor
                0x08001a5c       0x30 CMakeFiles/RTOS-PriorityInversion-WD.dir/Drivers/oled/ssd1306.c.obj
                0x08001a5c                ssd1306_SetCursor
 .text.ssd1306_SetContrast
                0x08001a8c       0x26 CMakeFiles/RTOS-PriorityInversion-WD.dir/Drivers/oled/ssd1306.c.obj
                0x08001a8c                ssd1306_SetContrast
 *fill*         0x08001ab2        0x2 
 .text.ssd1306_SetDisplayOn
                0x08001ab4       0x3c CMakeFiles/RTOS-PriorityInversion-WD.dir/Drivers/oled/ssd1306.c.obj
                0x08001ab4                ssd1306_SetDisplayOn
 .text.BME280_ParseCalib
                0x08001af0      0x1e2 CMakeFiles/RTOS-PriorityInversion-WD.dir/Core/Src/bme280.c.obj
 .text.BME280_Init
                0x08001cd2      0x156 CMakeFiles/RTOS-PriorityInversion-WD.dir/Core/Src/bme280.c.obj
                0x08001cd2                BME280_Init
 .text.BME280_ReadAll
                0x08001e28      0x7a0 CMakeFiles/RTOS-PriorityInversion-WD.dir/Core/Src/bme280.c.obj
                0x08001e28                BME280_ReadAll
 .text._ZN4TaskD2Ev
                0x080025c8       0x20 CMakeFiles/RTOS-PriorityInversion-WD.dir/App/Src/DisplayTask.cpp.obj
                0x080025c8                Task::~Task()
                0x080025c8                Task::~Task()
 .text._ZN4TaskD0Ev
                0x080025e8       0x20 CMakeFiles/RTOS-PriorityInversion-WD.dir/App/Src/DisplayTask.cpp.obj
                0x080025e8                Task::~Task()
 .text._ZN11DisplayTask3runEv
                0x08002608       0x5c CMakeFiles/RTOS-PriorityInversion-WD.dir/App/Src/DisplayTask.cpp.obj
                0x08002608                DisplayTask::run()
 .text._ZN11DisplayTask10renderOLEDERK15SensorReading_t
                0x08002664       0xfc CMakeFiles/RTOS-PriorityInversion-WD.dir/App/Src/DisplayTask.cpp.obj
                0x08002664                DisplayTask::renderOLED(SensorReading_t const&)
 .text._ZN11DisplayTaskD2Ev
                0x08002760       0x24 CMakeFiles/RTOS-PriorityInversion-WD.dir/App/Src/DisplayTask.cpp.obj
                0x08002760                DisplayTask::~DisplayTask()
                0x08002760                DisplayTask::~DisplayTask()
 .text._ZN11DisplayTaskD0Ev
                0x08002784       0x20 CMakeFiles/RTOS-PriorityInversion-WD.dir/App/Src/DisplayTask.cpp.obj
                0x08002784                DisplayTask::~DisplayTask()
 .text._ZN10SensorTaskC2Ev
                0x080027a4       0x5c CMakeFiles/RTOS-PriorityInversion-WD.dir/App/Src/SensorTask.cpp.obj
                0x080027a4                SensorTask::SensorTask()
                0x080027a4                SensorTask::SensorTask()
 .text._ZN10SensorTask3runEv
                0x08002800       0x54 CMakeFiles/RTOS-PriorityInversion-WD.dir/App/Src/SensorTask.cpp.obj
                0x08002800                SensorTask::run()
 .text._ZN10SensorTask10readBME280ER15SensorReading_t
                0x08002854       0x58 CMakeFiles/RTOS-PriorityInversion-WD.dir/App/Src/SensorTask.cpp.obj
                0x08002854                SensorTask::readBME280(SensorReading_t&)
 .text._ZN10SensorTask12postToQueuesERK15SensorReading_t
                0x080028ac       0x24 CMakeFiles/RTOS-PriorityInversion-WD.dir/App/Src/SensorTask.cpp.obj
                0x080028ac                SensorTask::postToQueues(SensorReading_t const&)
 .text._ZN10SensorTaskD2Ev
                0x080028d0       0x24 CMakeFiles/RTOS-PriorityInversion-WD.dir/App/Src/SensorTask.cpp.obj
                0x080028d0                SensorTask::~SensorTask()
                0x080028d0                SensorTask::~SensorTask()
 .text._ZN10SensorTaskD0Ev
                0x080028f4       0x20 CMakeFiles/RTOS-PriorityInversion-WD.dir/App/Src/SensorTask.cpp.obj
                0x080028f4                SensorTask::~SensorTask()
 .text._ZN4TaskC2EPKcm12osPriority_t
                0x08002914       0x68 CMakeFiles/RTOS-PriorityInversion-WD.dir/App/Src/Task.cpp.obj
                0x08002914                Task::Task(char const*, unsigned long, osPriority_t)
                0x08002914                Task::Task(char const*, unsigned long, osPriority_t)
 .text._ZN4Task10trampolineEPv
                0x0800297c       0x22 CMakeFiles/RTOS-PriorityInversion-WD.dir/App/Src/Task.cpp.obj
                0x0800297c                Task::trampoline(void*)
 *fill*         0x0800299e        0x2 
 .text._ZN11DisplayTaskC2Ev
                0x080029a0       0x30 CMakeFiles/RTOS-PriorityInversion-WD.dir/App/Src/app_main.cpp.obj
                0x080029a0                DisplayTask::DisplayTask()
                0x080029a0                DisplayTask::DisplayTask()
 .text.AppInit  0x080029d0       0x44 CMakeFiles/RTOS-PriorityInversion-WD.dir/App/Src/app_main.cpp.obj
                0x080029d0                AppInit
 .text._Z41__static_initialization_and_destruction_0v
                0x08002a14       0x1c CMakeFiles/RTOS-PriorityInversion-WD.dir/App/Src/app_main.cpp.obj
 .text._Z41__static_initialization_and_destruction_1v
                0x08002a30       0x1c CMakeFiles/RTOS-PriorityInversion-WD.dir/App/Src/app_main.cpp.obj
 .text._GLOBAL__sub_I_xDisplayQueue
                0x08002a4c        0xa CMakeFiles/RTOS-PriorityInversion-WD.dir/App/Src/app_main.cpp.obj
 .text._GLOBAL__sub_D_xDisplayQueue
                0x08002a56        0xa CMakeFiles/RTOS-PriorityInversion-WD.dir/App/Src/app_main.cpp.obj
 .text.SystemInit
                0x08002a60       0x20 cmake/stm32cubemx/CMakeFiles/STM32_Drivers.dir/__/__/Core/Src/system_stm32f4xx.c.obj
                0x08002a60                SystemInit
 .text.HAL_TIM_Base_Init
                0x08002a80       0x9e cmake/stm32cubemx/CMakeFiles/STM32_Drivers.dir/__/__/Drivers/STM32F4xx_HAL_Driver/Src/stm32f4xx_hal_tim.c.obj
                0x08002a80                HAL_TIM_Base_Init
 .text.HAL_TIM_Base_MspInit
                0x08002b1e       0x12 cmake/stm32cubemx/CMakeFiles/STM32_Drivers.dir/__/__/Drivers/STM32F4xx_HAL_Driver/Src/stm32f4xx_hal_tim.c.obj
                0x08002b1e                HAL_TIM_Base_MspInit
 .text.HAL_TIM_Base_Start_IT
                0x08002b30       0xdc cmake/stm32cubemx/CMakeFiles/STM32_Drivers.dir/__/__/Drivers/STM32F4xx_HAL_Driver/Src/stm32f4xx_hal_tim.c.obj
                0x08002b30                HAL_TIM_Base_Start_IT
 .text.HAL_TIM_IRQHandler
                0x08002c0c      0x1e0 cmake/stm32cubemx/CMakeFiles/STM32_Drivers.dir/__/__/Drivers/STM32F4xx_HAL_Driver/Src/stm32f4xx_hal_tim.c.obj
                0x08002c0c                HAL_TIM_IRQHandler
 .text.HAL_TIM_OC_DelayElapsedCallback
                0x08002dec       0x12 cmake/stm32cubemx/CMakeFiles/STM32_Drivers.dir/__/__/Drivers/STM32F4xx_HAL_Driver/Src/stm32f4xx_hal_tim.c.obj
                0x08002dec                HAL_TIM_OC_DelayElapsedCallback
 .text.HAL_TIM_IC_CaptureCallback
                0x08002dfe       0x12 cmake/stm32cubemx/CMakeFiles/STM32_Drivers.dir/__/__/Drivers/STM32F4xx_HAL_Driver/Src/stm32f4xx_hal_tim.c.obj
                0x08002dfe                HAL_TIM_IC_CaptureCallback
 .text.HAL_TIM_PWM_PulseFinishedCallback
                0x08002e10       0x12 cmake/stm32cubemx/CMakeFiles/STM32_Drivers.dir/__/__/Drivers/STM32F4xx_HAL_Driver/Src/stm32f4xx_hal_tim.c.obj
                0x08002e10                HAL_TIM_PWM_PulseFinishedCallback
 .text.HAL_TIM_TriggerCallback
                0x08002e22       0x12 cmake/stm32cubemx/CMakeFiles/STM32_Drivers.dir/__/__/Drivers/STM32F4xx_HAL_Driver/Src/stm32f4xx_hal_tim.c.obj
                0x08002e22                HAL_TIM_TriggerCallback
 .text.TIM_Base_SetConfig
                0x08002e34      0x148 cmake/stm32cubemx/CMakeFiles/STM32_Drivers.dir/__/__/Drivers/STM32F4xx_HAL_Driver/Src/stm32f4xx_hal_tim.c.obj
                0x08002e34                TIM_Base_SetConfig
 .text.HAL_TIMEx_CommutCallback
                0x08002f7c       0x12 cmake/stm32cubemx/CMakeFiles/STM32_Drivers.dir/__/__/Drivers/STM32F4xx_HAL_Driver/Src/stm32f4xx_hal_tim_ex.c.obj
                0x08002f7c                HAL_TIMEx_CommutCallback
 .text.HAL_TIMEx_BreakCallback
                0x08002f8e       0x12 cmake/stm32cubemx/CMakeFiles/STM32_Drivers.dir/__/__/Drivers/STM32F4xx_HAL_Driver/Src/stm32f4xx_hal_tim_ex.c.obj
                0x08002f8e                HAL_TIMEx_BreakCallback
 .text.HAL_RCC_ClockConfig
                0x08002fa0      0x1cc cmake/stm32cubemx/CMakeFiles/STM32_Drivers.dir/__/__/Drivers/STM32F4xx_HAL_Driver/Src/stm32f4xx_hal_rcc.c.obj
                0x08002fa0                HAL_RCC_ClockConfig
 .text.HAL_RCC_GetHCLKFreq
                0x0800316c       0x14 cmake/stm32cubemx/CMakeFiles/STM32_Drivers.dir/__/__/Drivers/STM32F4xx_HAL_Driver/Src/stm32f4xx_hal_rcc.c.obj
                0x0800316c                HAL_RCC_GetHCLKFreq
 .text.HAL_RCC_GetPCLK1Freq
                0x08003180       0x28 cmake/stm32cubemx/CMakeFiles/STM32_Drivers.dir/__/__/Drivers/STM32F4xx_HAL_Driver/Src/stm32f4xx_hal_rcc.c.obj
                0x08003180                HAL_RCC_GetPCLK1Freq
 .text.HAL_RCC_GetPCLK2Freq
                0x080031a8       0x28 cmake/stm32cubemx/CMakeFiles/STM32_Drivers.dir/__/__/Drivers/STM32F4xx_HAL_Driver/Src/stm32f4xx_hal_rcc.c.obj
                0x080031a8                HAL_RCC_GetPCLK2Freq
 .text.HAL_RCC_GetClockConfig
                0x080031d0       0x60 cmake/stm32cubemx/CMakeFiles/STM32_Drivers.dir/__/__/Drivers/STM32F4xx_HAL_Driver/Src/stm32f4xx_hal_rcc.c.obj
                0x080031d0                HAL_RCC_GetClockConfig
 .text.HAL_RCC_GetSysClockFreq
                0x08003230      0x43c cmake/stm32cubemx/CMakeFiles/STM32_Drivers.dir/__/__/Drivers/STM32F4xx_HAL_Driver/Src/stm32f4xx_hal_rcc_ex.c.obj
                0x08003230                HAL_RCC_GetSysClockFreq
 .text.HAL_RCC_OscConfig
                0x0800366c      0x53c cmake/stm32cubemx/CMakeFiles/STM32_Drivers.dir/__/__/Drivers/STM32F4xx_HAL_Driver/Src/stm32f4xx_hal_rcc_ex.c.obj
                0x0800366c                HAL_RCC_OscConfig
 .text.HAL_GPIO_Init
                0x08003ba8      0x324 cmake/stm32cubemx/CMakeFiles/STM32_Drivers.dir/__/__/Drivers/STM32F4xx_HAL_Driver/Src/stm32f4xx_hal_gpio.c.obj
                0x08003ba8                HAL_GPIO_Init
 .text.HAL_GPIO_WritePin
                0x08003ecc       0x30 cmake/stm32cubemx/CMakeFiles/STM32_Drivers.dir/__/__/Drivers/STM32F4xx_HAL_Driver/Src/stm32f4xx_hal_gpio.c.obj
                0x08003ecc                HAL_GPIO_WritePin
 .text.HAL_PWREx_EnableOverDrive
                0x08003efc       0xa0 cmake/stm32cubemx/CMakeFiles/STM32_Drivers.dir/__/__/Drivers/STM32F4xx_HAL_Driver/Src/stm32f4xx_hal_pwr_ex.c.obj
                0x08003efc                HAL_PWREx_EnableOverDrive
 .text.__NVIC_SetPriorityGrouping
                0x08003f9c       0x48 cmake/stm32cubemx/CMakeFiles/STM32_Drivers.dir/__/__/Drivers/STM32F4xx_HAL_Driver/Src/stm32f4xx_hal_cortex.c.obj
 .text.__NVIC_GetPriorityGrouping
                0x08003fe4       0x1c cmake/stm32cubemx/CMakeFiles/STM32_Drivers.dir/__/__/Drivers/STM32F4xx_HAL_Driver/Src/stm32f4xx_hal_cortex.c.obj
 .text.__NVIC_EnableIRQ
                0x08004000       0x38 cmake/stm32cubemx/CMakeFiles/STM32_Drivers.dir/__/__/Drivers/STM32F4xx_HAL_Driver/Src/stm32f4xx_hal_cortex.c.obj
 .text.__NVIC_SetPriority
                0x08004038       0x54 cmake/stm32cubemx/CMakeFiles/STM32_Drivers.dir/__/__/Drivers/STM32F4xx_HAL_Driver/Src/stm32f4xx_hal_cortex.c.obj
 .text.NVIC_EncodePriority
                0x0800408c       0x6e cmake/stm32cubemx/CMakeFiles/STM32_Drivers.dir/__/__/Drivers/STM32F4xx_HAL_Driver/Src/stm32f4xx_hal_cortex.c.obj
 .text.HAL_NVIC_SetPriorityGrouping
                0x080040fa       0x16 cmake/stm32cubemx/CMakeFiles/STM32_Drivers.dir/__/__/Drivers/STM32F4xx_HAL_Driver/Src/stm32f4xx_hal_cortex.c.obj
                0x080040fa                HAL_NVIC_SetPriorityGrouping
 .text.HAL_NVIC_SetPriority
                0x08004110       0x38 cmake/stm32cubemx/CMakeFiles/STM32_Drivers.dir/__/__/Drivers/STM32F4xx_HAL_Driver/Src/stm32f4xx_hal_cortex.c.obj
                0x08004110                HAL_NVIC_SetPriority
 .text.HAL_NVIC_EnableIRQ
                0x08004148       0x1c cmake/stm32cubemx/CMakeFiles/STM32_Drivers.dir/__/__/Drivers/STM32F4xx_HAL_Driver/Src/stm32f4xx_hal_cortex.c.obj
                0x08004148                HAL_NVIC_EnableIRQ
 .text.HAL_Init
                0x08004164       0x44 cmake/stm32cubemx/CMakeFiles/STM32_Drivers.dir/__/__/Drivers/STM32F4xx_HAL_Driver/Src/stm32f4xx_hal.c.obj
                0x08004164                HAL_Init
 .text.HAL_IncTick
                0x080041a8       0x24 cmake/stm32cubemx/CMakeFiles/STM32_Drivers.dir/__/__/Drivers/STM32F4xx_HAL_Driver/Src/stm32f4xx_hal.c.obj
                0x080041a8                HAL_IncTick
 .text.HAL_GetTick
                0x080041cc       0x14 cmake/stm32cubemx/CMakeFiles/STM32_Drivers.dir/__/__/Drivers/STM32F4xx_HAL_Driver/Src/stm32f4xx_hal.c.obj
                0x080041cc                HAL_GetTick
 .text.HAL_Delay
                0x080041e0       0x48 cmake/stm32cubemx/CMakeFiles/STM32_Drivers.dir/__/__/Drivers/STM32F4xx_HAL_Driver/Src/stm32f4xx_hal.c.obj
                0x080041e0                HAL_Delay
 .text.HAL_I2C_Init
                0x08004228      0x288 cmake/stm32cubemx/CMakeFiles/STM32_Drivers.dir/__/__/Drivers/STM32F4xx_HAL_Driver/Src/stm32f4xx_hal_i2c.c.obj
                0x08004228                HAL_I2C_Init
 .text.HAL_I2C_Mem_Write
                0x080044b0      0x1f4 cmake/stm32cubemx/CMakeFiles/STM32_Drivers.dir/__/__/Drivers/STM32F4xx_HAL_Driver/Src/stm32f4xx_hal_i2c.c.obj
                0x080044b0                HAL_I2C_Mem_Write
 .text.HAL_I2C_Mem_Read
                0x080046a4      0x464 cmake/stm32cubemx/CMakeFiles/STM32_Drivers.dir/__/__/Drivers/STM32F4xx_HAL_Driver/Src/stm32f4xx_hal_i2c.c.obj
                0x080046a4                HAL_I2C_Mem_Read
 .text.I2C_RequestMemoryWrite
                0x08004b08      0x12c cmake/stm32cubemx/CMakeFiles/STM32_Drivers.dir/__/__/Drivers/STM32F4xx_HAL_Driver/Src/stm32f4xx_hal_i2c.c.obj
 .text.I2C_RequestMemoryRead
                0x08004c34      0x1d0 cmake/stm32cubemx/CMakeFiles/STM32_Drivers.dir/__/__/Drivers/STM32F4xx_HAL_Driver/Src/stm32f4xx_hal_i2c.c.obj
 .text.I2C_WaitOnFlagUntilTimeout
                0x08004e04       0xf4 cmake/stm32cubemx/CMakeFiles/STM32_Drivers.dir/__/__/Drivers/STM32F4xx_HAL_Driver/Src/stm32f4xx_hal_i2c.c.obj
 .text.I2C_WaitOnMasterAddressFlagUntilTimeout
                0x08004ef8      0x140 cmake/stm32cubemx/CMakeFiles/STM32_Drivers.dir/__/__/Drivers/STM32F4xx_HAL_Driver/Src/stm32f4xx_hal_i2c.c.obj
 .text.I2C_WaitOnTXEFlagUntilTimeout
                0x08005038       0x90 cmake/stm32cubemx/CMakeFiles/STM32_Drivers.dir/__/__/Drivers/STM32F4xx_HAL_Driver/Src/stm32f4xx_hal_i2c.c.obj
 .text.I2C_WaitOnBTFFlagUntilTimeout
                0x080050c8       0x90 cmake/stm32cubemx/CMakeFiles/STM32_Drivers.dir/__/__/Drivers/STM32F4xx_HAL_Driver/Src/stm32f4xx_hal_i2c.c.obj
 .text.I2C_WaitOnRXNEFlagUntilTimeout
                0x08005158       0xba cmake/stm32cubemx/CMakeFiles/STM32_Drivers.dir/__/__/Drivers/STM32F4xx_HAL_Driver/Src/stm32f4xx_hal_i2c.c.obj
 .text.I2C_IsAcknowledgeFailed
                0x08005212       0x5c cmake/stm32cubemx/CMakeFiles/STM32_Drivers.dir/__/__/Drivers/STM32F4xx_HAL_Driver/Src/stm32f4xx_hal_i2c.c.obj
 .text.HAL_UART_Init
                0x0800526e       0xa0 cmake/stm32cubemx/CMakeFiles/STM32_Drivers.dir/__/__/Drivers/STM32F4xx_HAL_Driver/Src/stm32f4xx_hal_uart.c.obj
                0x0800526e                HAL_UART_Init
 *fill*         0x0800530e        0x2 
 .text.UART_SetConfig
                0x08005310      0x4e8 cmake/stm32cubemx/CMakeFiles/STM32_Drivers.dir/__/__/Drivers/STM32F4xx_HAL_Driver/Src/stm32f4xx_hal_uart.c.obj
 .text.vListInitialise
                0x080057f8       0x3e cmake/stm32cubemx/CMakeFiles/FreeRTOS.dir/__/__/Middlewares/Third_Party/FreeRTOS/Source/list.c.obj
                0x080057f8                vListInitialise
 .text.vListInitialiseItem
                0x08005836       0x18 cmake/stm32cubemx/CMakeFiles/FreeRTOS.dir/__/__/Middlewares/Third_Party/FreeRTOS/Source/list.c.obj
                0x08005836                vListInitialiseItem
 .text.vListInsertEnd
                0x0800584e       0x46 cmake/stm32cubemx/CMakeFiles/FreeRTOS.dir/__/__/Middlewares/Third_Party/FreeRTOS/Source/list.c.obj
                0x0800584e                vListInsertEnd
 .text.vListInsert
                0x08005894       0x70 cmake/stm32cubemx/CMakeFiles/FreeRTOS.dir/__/__/Middlewares/Third_Party/FreeRTOS/Source/list.c.obj
                0x08005894                vListInsert
 .text.uxListRemove
                0x08005904       0x52 cmake/stm32cubemx/CMakeFiles/FreeRTOS.dir/__/__/Middlewares/Third_Party/FreeRTOS/Source/list.c.obj
                0x08005904                uxListRemove
 *fill*         0x08005956        0x2 
 .text.xQueueGenericReset
                0x08005958       0xd4 cmake/stm32cubemx/CMakeFiles/FreeRTOS.dir/__/__/Middlewares/Third_Party/FreeRTOS/Source/queue.c.obj
                0x08005958                xQueueGenericReset
 .text.xQueueGenericCreateStatic
                0x08005a2c       0xfa cmake/stm32cubemx/CMakeFiles/FreeRTOS.dir/__/__/Middlewares/Third_Party/FreeRTOS/Source/queue.c.obj
                0x08005a2c                xQueueGenericCreateStatic
 .text.xQueueGenericCreate
                0x08005b26       0x76 cmake/stm32cubemx/CMakeFiles/FreeRTOS.dir/__/__/Middlewares/Third_Party/FreeRTOS/Source/queue.c.obj
                0x08005b26                xQueueGenericCreate
 .text.prvInitialiseNewQueue
                0x08005b9c       0x46 cmake/stm32cubemx/CMakeFiles/FreeRTOS.dir/__/__/Middlewares/Third_Party/FreeRTOS/Source/queue.c.obj
 .text.prvInitialiseMutex
                0x08005be2       0x34 cmake/stm32cubemx/CMakeFiles/FreeRTOS.dir/__/__/Middlewares/Third_Party/FreeRTOS/Source/queue.c.obj
 .text.xQueueCreateMutex
                0x08005c16       0x30 cmake/stm32cubemx/CMakeFiles/FreeRTOS.dir/__/__/Middlewares/Third_Party/FreeRTOS/Source/queue.c.obj
                0x08005c16                xQueueCreateMutex
 *fill*         0x08005c46        0x2 
 .text.xQueueGenericSend
                0x08005c48      0x204 cmake/stm32cubemx/CMakeFiles/FreeRTOS.dir/__/__/Middlewares/Third_Party/FreeRTOS/Source/queue.c.obj
                0x08005c48                xQueueGenericSend
 .text.xQueueGenericSendFromISR
                0x08005e4c      0x13c cmake/stm32cubemx/CMakeFiles/FreeRTOS.dir/__/__/Middlewares/Third_Party/FreeRTOS/Source/queue.c.obj
                0x08005e4c                xQueueGenericSendFromISR
 .text.xQueueReceive
                0x08005f88      0x1c4 cmake/stm32cubemx/CMakeFiles/FreeRTOS.dir/__/__/Middlewares/Third_Party/FreeRTOS/Source/queue.c.obj
                0x08005f88                xQueueReceive
 .text.xQueuePeek
                0x0800614c      0x1c8 cmake/stm32cubemx/CMakeFiles/FreeRTOS.dir/__/__/Middlewares/Third_Party/FreeRTOS/Source/queue.c.obj
                0x0800614c                xQueuePeek
 .text.prvCopyDataToQueue
                0x08006314       0xd4 cmake/stm32cubemx/CMakeFiles/FreeRTOS.dir/__/__/Middlewares/Third_Party/FreeRTOS/Source/queue.c.obj
 .text.prvCopyDataFromQueue
                0x080063e8       0x4c cmake/stm32cubemx/CMakeFiles/FreeRTOS.dir/__/__/Middlewares/Third_Party/FreeRTOS/Source/queue.c.obj
 .text.prvUnlockQueue
                0x08006434       0xa4 cmake/stm32cubemx/CMakeFiles/FreeRTOS.dir/__/__/Middlewares/Third_Party/FreeRTOS/Source/queue.c.obj
 .text.prvIsQueueEmpty
                0x080064d8       0x2c cmake/stm32cubemx/CMakeFiles/FreeRTOS.dir/__/__/Middlewares/Third_Party/FreeRTOS/Source/queue.c.obj
 .text.prvIsQueueFull
                0x08006504       0x30 cmake/stm32cubemx/CMakeFiles/FreeRTOS.dir/__/__/Middlewares/Third_Party/FreeRTOS/Source/queue.c.obj
 .text.vQueueAddToRegistry
                0x08006534       0x50 cmake/stm32cubemx/CMakeFiles/FreeRTOS.dir/__/__/Middlewares/Third_Party/FreeRTOS/Source/queue.c.obj
                0x08006534                vQueueAddToRegistry
 .text.vQueueWaitForMessageRestricted
                0x08006584       0x68 cmake/stm32cubemx/CMakeFiles/FreeRTOS.dir/__/__/Middlewares/Third_Party/FreeRTOS/Source/queue.c.obj
                0x08006584                vQueueWaitForMessageRestricted
 .text.xTaskCreateStatic
                0x080065ec       0xc4 cmake/stm32cubemx/CMakeFiles/FreeRTOS.dir/__/__/Middlewares/Third_Party/FreeRTOS/Source/tasks.c.obj
                0x080065ec                xTaskCreateStatic
 .text.xTaskCreate
                0x080066b0       0x8c cmake/stm32cubemx/CMakeFiles/FreeRTOS.dir/__/__/Middlewares/Third_Party/FreeRTOS/Source/tasks.c.obj
                0x080066b0                xTaskCreate
 .text.prvInitialiseNewTask
                0x0800673c      0x1a0 cmake/stm32cubemx/CMakeFiles/FreeRTOS.dir/__/__/Middlewares/Third_Party/FreeRTOS/Source/tasks.c.obj
 .text.prvAddNewTaskToReadyList
                0x080068dc       0xe0 cmake/stm32cubemx/CMakeFiles/FreeRTOS.dir/__/__/Middlewares/Third_Party/FreeRTOS/Source/tasks.c.obj
 .text.vTaskDelete
                0x080069bc       0xe8 cmake/stm32cubemx/CMakeFiles/FreeRTOS.dir/__/__/Middlewares/Third_Party/FreeRTOS/Source/tasks.c.obj
                0x080069bc                vTaskDelete
 .text.vTaskDelay
                0x08006aa4       0x6c cmake/stm32cubemx/CMakeFiles/FreeRTOS.dir/__/__/Middlewares/Third_Party/FreeRTOS/Source/tasks.c.obj
                0x08006aa4                vTaskDelay
 .text.vTaskStartScheduler
                0x08006b10       0xe0 cmake/stm32cubemx/CMakeFiles/FreeRTOS.dir/__/__/Middlewares/Third_Party/FreeRTOS/Source/tasks.c.obj
                0x08006b10                vTaskStartScheduler
 .text.vTaskSuspendAll
                0x08006bf0       0x1c cmake/stm32cubemx/CMakeFiles/FreeRTOS.dir/__/__/Middlewares/Third_Party/FreeRTOS/Source/tasks.c.obj
                0x08006bf0                vTaskSuspendAll
 .text.xTaskResumeAll
                0x08006c0c      0x13c cmake/stm32cubemx/CMakeFiles/FreeRTOS.dir/__/__/Middlewares/Third_Party/FreeRTOS/Source/tasks.c.obj
                0x08006c0c                xTaskResumeAll
 .text.xTaskGetTickCount
                0x08006d48       0x1c cmake/stm32cubemx/CMakeFiles/FreeRTOS.dir/__/__/Middlewares/Third_Party/FreeRTOS/Source/tasks.c.obj
                0x08006d48                xTaskGetTickCount
 .text.xTaskIncrementTick
                0x08006d64      0x174 cmake/stm32cubemx/CMakeFiles/FreeRTOS.dir/__/__/Middlewares/Third_Party/FreeRTOS/Source/tasks.c.obj
                0x08006d64                xTaskIncrementTick
 .text.vTaskSwitchContext
                0x08006ed8       0xc8 cmake/stm32cubemx/CMakeFiles/FreeRTOS.dir/__/__/Middlewares/Third_Party/FreeRTOS/Source/tasks.c.obj
                0x08006ed8                vTaskSwitchContext
 .text.vTaskPlaceOnEventList
                0x08006fa0       0x4c cmake/stm32cubemx/CMakeFiles/FreeRTOS.dir/__/__/Middlewares/Third_Party/FreeRTOS/Source/tasks.c.obj
                0x08006fa0                vTaskPlaceOnEventList
 .text.vTaskPlaceOnEventListRestricted
                0x08006fec       0x58 cmake/stm32cubemx/CMakeFiles/FreeRTOS.dir/__/__/Middlewares/Third_Party/FreeRTOS/Source/tasks.c.obj
                0x08006fec                vTaskPlaceOnEventListRestricted
 .text.xTaskRemoveFromEventList
                0x08007044       0xc8 cmake/stm32cubemx/CMakeFiles/FreeRTOS.dir/__/__/Middlewares/Third_Party/FreeRTOS/Source/tasks.c.obj
                0x08007044                xTaskRemoveFromEventList
 .text.vTaskInternalSetTimeOutState
                0x0800710c       0x2c cmake/stm32cubemx/CMakeFiles/FreeRTOS.dir/__/__/Middlewares/Third_Party/FreeRTOS/Source/tasks.c.obj
                0x0800710c                vTaskInternalSetTimeOutState
 .text.xTaskCheckForTimeOut
                0x08007138       0xc8 cmake/stm32cubemx/CMakeFiles/FreeRTOS.dir/__/__/Middlewares/Third_Party/FreeRTOS/Source/tasks.c.obj
                0x08007138                xTaskCheckForTimeOut
 .text.vTaskMissedYield
                0x08007200       0x18 cmake/stm32cubemx/CMakeFiles/FreeRTOS.dir/__/__/Middlewares/Third_Party/FreeRTOS/Source/tasks.c.obj
                0x08007200                vTaskMissedYield
 .text.prvIdleTask
                0x08007218       0x30 cmake/stm32cubemx/CMakeFiles/FreeRTOS.dir/__/__/Middlewares/Third_Party/FreeRTOS/Source/tasks.c.obj
 .text.prvInitialiseTaskLists
                0x08007248       0x80 cmake/stm32cubemx/CMakeFiles/FreeRTOS.dir/__/__/Middlewares/Third_Party/FreeRTOS/Source/tasks.c.obj
 .text.prvCheckTasksWaitingTermination
                0x080072c8       0x5c cmake/stm32cubemx/CMakeFiles/FreeRTOS.dir/__/__/Middlewares/Third_Party/FreeRTOS/Source/tasks.c.obj
 .text.prvDeleteTCB
                0x08007324       0x6a cmake/stm32cubemx/CMakeFiles/FreeRTOS.dir/__/__/Middlewares/Third_Party/FreeRTOS/Source/tasks.c.obj
 *fill*         0x0800738e        0x2 
 .text.prvResetNextTaskUnblockTime
                0x08007390       0x40 cmake/stm32cubemx/CMakeFiles/FreeRTOS.dir/__/__/Middlewares/Third_Party/FreeRTOS/Source/tasks.c.obj
 .text.xTaskGetSchedulerState
                0x080073d0       0x3c cmake/stm32cubemx/CMakeFiles/FreeRTOS.dir/__/__/Middlewares/Third_Party/FreeRTOS/Source/tasks.c.obj
                0x080073d0                xTaskGetSchedulerState
 .text.xTaskPriorityDisinherit
                0x0800740c       0xe0 cmake/stm32cubemx/CMakeFiles/FreeRTOS.dir/__/__/Middlewares/Third_Party/FreeRTOS/Source/tasks.c.obj
                0x0800740c                xTaskPriorityDisinherit
 .text.prvAddCurrentTaskToDelayedList
                0x080074ec       0xa8 cmake/stm32cubemx/CMakeFiles/FreeRTOS.dir/__/__/Middlewares/Third_Party/FreeRTOS/Source/tasks.c.obj
 .text.xTimerCreateTimerTask
                0x08007594       0x94 cmake/stm32cubemx/CMakeFiles/FreeRTOS.dir/__/__/Middlewares/Third_Party/FreeRTOS/Source/timers.c.obj
                0x08007594                xTimerCreateTimerTask
 .text.xTimerGenericCommand
                0x08007628       0x9c cmake/stm32cubemx/CMakeFiles/FreeRTOS.dir/__/__/Middlewares/Third_Party/FreeRTOS/Source/timers.c.obj
                0x08007628                xTimerGenericCommand
 .text.prvProcessExpiredTimer
                0x080076c4       0x9c cmake/stm32cubemx/CMakeFiles/FreeRTOS.dir/__/__/Middlewares/Third_Party/FreeRTOS/Source/timers.c.obj
 .text.prvTimerTask
                0x08007760       0x26 cmake/stm32cubemx/CMakeFiles/FreeRTOS.dir/__/__/Middlewares/Third_Party/FreeRTOS/Source/timers.c.obj
 *fill*         0x08007786        0x2 
 .text.prvProcessTimerOrBlockTask
                0x08007788       0x9c cmake/stm32cubemx/CMakeFiles/FreeRTOS.dir/__/__/Middlewares/Third_Party/FreeRTOS/Source/timers.c.obj
 .text.prvGetNextExpireTime
                0x08007824       0x44 cmake/stm32cubemx/CMakeFiles/FreeRTOS.dir/__/__/Middlewares/Third_Party/FreeRTOS/Source/timers.c.obj
 .text.prvSampleTimeNow
                0x08007868       0x40 cmake/stm32cubemx/CMakeFiles/FreeRTOS.dir/__/__/Middlewares/Third_Party/FreeRTOS/Source/timers.c.obj
 .text.prvInsertTimerInActiveList
                0x080078a8       0x84 cmake/stm32cubemx/CMakeFiles/FreeRTOS.dir/__/__/Middlewares/Third_Party/FreeRTOS/Source/timers.c.obj
 .text.prvProcessReceivedCommands
                0x0800792c      0x1d8 cmake/stm32cubemx/CMakeFiles/FreeRTOS.dir/__/__/Middlewares/Third_Party/FreeRTOS/Source/timers.c.obj
 .text.prvSwitchTimerLists
                0x08007b04       0xcc cmake/stm32cubemx/CMakeFiles/FreeRTOS.dir/__/__/Middlewares/Third_Party/FreeRTOS/Source/timers.c.obj
 .text.prvCheckForValidListAndQueue
                0x08007bd0       0x80 cmake/stm32cubemx/CMakeFiles/FreeRTOS.dir/__/__/Middlewares/Third_Party/FreeRTOS/Source/timers.c.obj
 .text.__NVIC_SetPriority
                0x08007c50       0x54 cmake/stm32cubemx/CMakeFiles/FreeRTOS.dir/__/__/Middlewares/Third_Party/FreeRTOS/Source/CMSIS_RTOS_V2/cmsis_os2.c.obj
 .text.SysTick_Handler
                0x08007ca4       0x20 cmake/stm32cubemx/CMakeFiles/FreeRTOS.dir/__/__/Middlewares/Third_Party/FreeRTOS/Source/CMSIS_RTOS_V2/cmsis_os2.c.obj
                0x08007ca4                SysTick_Handler
 .text.SVC_Setup
                0x08007cc4       0x12 cmake/stm32cubemx/CMakeFiles/FreeRTOS.dir/__/__/Middlewares/Third_Party/FreeRTOS/Source/CMSIS_RTOS_V2/cmsis_os2.c.obj
 *fill*         0x08007cd6        0x2 
 .text.osKernelInitialize
                0x08007cd8       0x44 cmake/stm32cubemx/CMakeFiles/FreeRTOS.dir/__/__/Middlewares/Third_Party/FreeRTOS/Source/CMSIS_RTOS_V2/cmsis_os2.c.obj
                0x08007cd8                osKernelInitialize
 .text.osKernelStart
                0x08007d1c       0x4c cmake/stm32cubemx/CMakeFiles/FreeRTOS.dir/__/__/Middlewares/Third_Party/FreeRTOS/Source/CMSIS_RTOS_V2/cmsis_os2.c.obj
                0x08007d1c                osKernelStart
 .text.vApplicationGetIdleTaskMemory
                0x08007d68       0x30 cmake/stm32cubemx/CMakeFiles/FreeRTOS.dir/__/__/Middlewares/Third_Party/FreeRTOS/Source/CMSIS_RTOS_V2/cmsis_os2.c.obj
                0x08007d68                vApplicationGetIdleTaskMemory
 .text.vApplicationGetTimerTaskMemory
                0x08007d98       0x34 cmake/stm32cubemx/CMakeFiles/FreeRTOS.dir/__/__/Middlewares/Third_Party/FreeRTOS/Source/CMSIS_RTOS_V2/cmsis_os2.c.obj
                0x08007d98                vApplicationGetTimerTaskMemory
 .text.pvPortMalloc
                0x08007dcc      0x19c cmake/stm32cubemx/CMakeFiles/FreeRTOS.dir/__/__/Middlewares/Third_Party/FreeRTOS/Source/portable/MemMang/heap_4.c.obj
                0x08007dcc                pvPortMalloc
 .text.vPortFree
                0x08007f68       0xc8 cmake/stm32cubemx/CMakeFiles/FreeRTOS.dir/__/__/Middlewares/Third_Party/FreeRTOS/Source/portable/MemMang/heap_4.c.obj
                0x08007f68                vPortFree
 .text.prvHeapInit
                0x08008030       0xc4 cmake/stm32cubemx/CMakeFiles/FreeRTOS.dir/__/__/Middlewares/Third_Party/FreeRTOS/Source/portable/MemMang/heap_4.c.obj
 .text.prvInsertBlockIntoFreeList
                0x080080f4       0xb0 cmake/stm32cubemx/CMakeFiles/FreeRTOS.dir/__/__/Middlewares/Third_Party/FreeRTOS/Source/portable/MemMang/heap_4.c.obj
 .text.pxPortInitialiseStack
                0x080081a4       0x68 cmake/stm32cubemx/CMakeFiles/FreeRTOS.dir/__/__/Middlewares/Third_Party/FreeRTOS/Source/portable/GCC/ARM_CM4F/port.c.obj
                0x080081a4                pxPortInitialiseStack
 .text.prvTaskExitError
                0x0800820c       0x58 cmake/stm32cubemx/CMakeFiles/FreeRTOS.dir/__/__/Middlewares/Third_Party/FreeRTOS/Source/portable/GCC/ARM_CM4F/port.c.obj
 *fill*         0x08008264        0xc 
 .text.SVC_Handler
                0x08008270       0x28 cmake/stm32cubemx/CMakeFiles/FreeRTOS.dir/__/__/Middlewares/Third_Party/FreeRTOS/Source/portable/GCC/ARM_CM4F/port.c.obj
                0x08008270                SVC_Handler
 .text.prvPortStartFirstTask
                0x08008298       0x28 cmake/stm32cubemx/CMakeFiles/FreeRTOS.dir/__/__/Middlewares/Third_Party/FreeRTOS/Source/portable/GCC/ARM_CM4F/port.c.obj
 .text.xPortStartScheduler
                0x080082c0      0x144 cmake/stm32cubemx/CMakeFiles/FreeRTOS.dir/__/__/Middlewares/Third_Party/FreeRTOS/Source/portable/GCC/ARM_CM4F/port.c.obj
                0x080082c0                xPortStartScheduler
 .text.vPortEnterCritical
                0x08008404       0x60 cmake/stm32cubemx/CMakeFiles/FreeRTOS.dir/__/__/Middlewares/Third_Party/FreeRTOS/Source/portable/GCC/ARM_CM4F/port.c.obj
                0x08008404                vPortEnterCritical
 .text.vPortExitCritical
                0x08008464       0x54 cmake/stm32cubemx/CMakeFiles/FreeRTOS.dir/__/__/Middlewares/Third_Party/FreeRTOS/Source/portable/GCC/ARM_CM4F/port.c.obj
                0x08008464                vPortExitCritical
 *fill*         0x080084b8        0x8 
 .text.PendSV_Handler
                0x080084c0       0x68 cmake/stm32cubemx/CMakeFiles/FreeRTOS.dir/__/__/Middlewares/Third_Party/FreeRTOS/Source/portable/GCC/ARM_CM4F/port.c.obj
                0x080084c0                PendSV_Handler
 .text.xPortSysTickHandler
                0x08008528       0x44 cmake/stm32cubemx/CMakeFiles/FreeRTOS.dir/__/__/Middlewares/Third_Party/FreeRTOS/Source/portable/GCC/ARM_CM4F/port.c.obj
                0x08008528                xPortSysTickHandler
 .text.vPortSetupTimerInterrupt
                0x0800856c       0x44 cmake/stm32cubemx/CMakeFiles/FreeRTOS.dir/__/__/Middlewares/Third_Party/FreeRTOS/Source/portable/GCC/ARM_CM4F/port.c.obj
                0x0800856c                vPortSetupTimerInterrupt
 .text.vPortEnableVFP
                0x080085b0       0x14 cmake/stm32cubemx/CMakeFiles/FreeRTOS.dir/__/__/Middlewares/Third_Party/FreeRTOS/Source/portable/GCC/ARM_CM4F/port.c.obj
 .text.vPortValidateInterruptPriority
                0x080085c4       0x80 cmake/stm32cubemx/CMakeFiles/FreeRTOS.dir/__/__/Middlewares/Third_Party/FreeRTOS/Source/portable/GCC/ARM_CM4F/port.c.obj
                0x080085c4                vPortValidateInterruptPriority
 .text._ZdlPvj  0x08008644        0x4 /Applications/ArmGNUToolchain/15.2.rel1/arm-none-eabi/bin/../lib/gcc/arm-none-eabi/15.2.1/../../../../arm-none-eabi/lib/thumb/v7e-m+fp/hard/libstdc++_nano.a(del_ops.o)
                0x08008644                operator delete(void*, unsigned int)
 .text._ZdlPv   0x08008648        0x4 /Applications/ArmGNUToolchain/15.2.rel1/arm-none-eabi/bin/../lib/gcc/arm-none-eabi/15.2.1/../../../../arm-none-eabi/lib/thumb/v7e-m+fp/hard/libstdc++_nano.a(del_op.o)
                0x08008648                operator delete(void*)
 .text.__udivmoddi4
                0x0800864c      0x320 /Applications/ArmGNUToolchain/15.2.rel1/arm-none-eabi/bin/../lib/gcc/arm-none-eabi/15.2.1/thumb/v7e-m+fp/hard/libgcc.a(_udivmoddi4.o)
                0x0800864c                __udivmoddi4
 .text.__cvt    0x0800896c       0xbe /Applications/ArmGNUToolchain/15.2.rel1/arm-none-eabi/bin/../lib/gcc/arm-none-eabi/15.2.1/../../../../arm-none-eabi/lib/thumb/v7e-m+fp/hard/libg_nano.a(libc_a-nano-vfprintf_float.o)
                0x0800896c                __cvt
 .text.__exponent
                0x08008a2a       0x76 /Applications/ArmGNUToolchain/15.2.rel1/arm-none-eabi/bin/../lib/gcc/arm-none-eabi/15.2.1/../../../../arm-none-eabi/lib/thumb/v7e-m+fp/hard/libg_nano.a(libc_a-nano-vfprintf_float.o)
                0x08008a2a                __exponent
 .text._printf_float
                0x08008aa0      0x448 /Applications/ArmGNUToolchain/15.2.rel1/arm-none-eabi/bin/../lib/gcc/arm-none-eabi/15.2.1/../../../../arm-none-eabi/lib/thumb/v7e-m+fp/hard/libg_nano.a(libc_a-nano-vfprintf_float.o)
                0x08008aa0                _printf_float
 .text.malloc   0x08008ee8       0x10 /Applications/ArmGNUToolchain/15.2.rel1/arm-none-eabi/bin/../lib/gcc/arm-none-eabi/15.2.1/../../../../arm-none-eabi/lib/thumb/v7e-m+fp/hard/libg_nano.a(libc_a-malloc.o)
                0x08008ee8                malloc
 .text.free     0x08008ef8       0x10 /Applications/ArmGNUToolchain/15.2.rel1/arm-none-eabi/bin/../lib/gcc/arm-none-eabi/15.2.1/../../../../arm-none-eabi/lib/thumb/v7e-m+fp/hard/libg_nano.a(libc_a-malloc.o)
                0x08008ef8                free
 .text.sbrk_aligned
                0x08008f08       0x44 /Applications/ArmGNUToolchain/15.2.rel1/arm-none-eabi/bin/../lib/gcc/arm-none-eabi/15.2.1/../../../../arm-none-eabi/lib/thumb/v7e-m+fp/hard/libg_nano.a(libc_a-mallocr.o)
 .text._malloc_r
                0x08008f4c       0xf8 /Applications/ArmGNUToolchain/15.2.rel1/arm-none-eabi/bin/../lib/gcc/arm-none-eabi/15.2.1/../../../../arm-none-eabi/lib/thumb/v7e-m+fp/hard/libg_nano.a(libc_a-mallocr.o)
                0x08008f4c                _malloc_r
 .text._printf_common
                0x08009044       0xea /Applications/ArmGNUToolchain/15.2.rel1/arm-none-eabi/bin/../lib/gcc/arm-none-eabi/15.2.1/../../../../arm-none-eabi/lib/thumb/v7e-m+fp/hard/libg_nano.a(libc_a-nano-vfprintf_i.o)
                0x08009044                _printf_common
 *fill*         0x0800912e        0x2 
 .text._printf_i
                0x08009130      0x254 /Applications/ArmGNUToolchain/15.2.rel1/arm-none-eabi/bin/../lib/gcc/arm-none-eabi/15.2.1/../../../../arm-none-eabi/lib/thumb/v7e-m+fp/hard/libg_nano.a(libc_a-nano-vfprintf_i.o)
                0x08009130                _printf_i
 .text.__malloc_lock
                0x08009384        0xc /Applications/ArmGNUToolchain/15.2.rel1/arm-none-eabi/bin/../lib/gcc/arm-none-eabi/15.2.1/../../../../arm-none-eabi/lib/thumb/v7e-m+fp/hard/libg_nano.a(libc_a-mlock.o)
                0x08009384                __malloc_lock
 .text.__malloc_unlock
                0x08009390        0xc /Applications/ArmGNUToolchain/15.2.rel1/arm-none-eabi/bin/../lib/gcc/arm-none-eabi/15.2.1/../../../../arm-none-eabi/lib/thumb/v7e-m+fp/hard/libg_nano.a(libc_a-mlock.o)
                0x08009390                __malloc_unlock
 .text.snprintf
                0x0800939c       0x64 /Applications/ArmGNUToolchain/15.2.rel1/arm-none-eabi/bin/../lib/gcc/arm-none-eabi/15.2.1/../../../../arm-none-eabi/lib/thumb/v7e-m+fp/hard/libg_nano.a(libc_a-snprintf.o)
                0x0800939c                snprintf
                0x0800939c                sniprintf
 .text.std      0x08009400       0x6c /Applications/ArmGNUToolchain/15.2.rel1/arm-none-eabi/bin/../lib/gcc/arm-none-eabi/15.2.1/../../../../arm-none-eabi/lib/thumb/v7e-m+fp/hard/libg_nano.a(libc_a-findfp.o)
 .text.stdio_exit_handler
                0x0800946c       0x18 /Applications/ArmGNUToolchain/15.2.rel1/arm-none-eabi/bin/../lib/gcc/arm-none-eabi/15.2.1/../../../../arm-none-eabi/lib/thumb/v7e-m+fp/hard/libg_nano.a(libc_a-findfp.o)
 .text.cleanup_stdio
                0x08009484       0x40 /Applications/ArmGNUToolchain/15.2.rel1/arm-none-eabi/bin/../lib/gcc/arm-none-eabi/15.2.1/../../../../arm-none-eabi/lib/thumb/v7e-m+fp/hard/libg_nano.a(libc_a-findfp.o)
 .text.global_stdio_init.part.0
                0x080094c4       0x40 /Applications/ArmGNUToolchain/15.2.rel1/arm-none-eabi/bin/../lib/gcc/arm-none-eabi/15.2.1/../../../../arm-none-eabi/lib/thumb/v7e-m+fp/hard/libg_nano.a(libc_a-findfp.o)
 .text.__sfp_lock_acquire
                0x08009504        0xc /Applications/ArmGNUToolchain/15.2.rel1/arm-none-eabi/bin/../lib/gcc/arm-none-eabi/15.2.1/../../../../arm-none-eabi/lib/thumb/v7e-m+fp/hard/libg_nano.a(libc_a-findfp.o)
                0x08009504                __sfp_lock_acquire
 .text.__sfp_lock_release
                0x08009510        0xc /Applications/ArmGNUToolchain/15.2.rel1/arm-none-eabi/bin/../lib/gcc/arm-none-eabi/15.2.1/../../../../arm-none-eabi/lib/thumb/v7e-m+fp/hard/libg_nano.a(libc_a-findfp.o)
                0x08009510                __sfp_lock_release
 .text.__sinit  0x0800951c       0x30 /Applications/ArmGNUToolchain/15.2.rel1/arm-none-eabi/bin/../lib/gcc/arm-none-eabi/15.2.1/../../../../arm-none-eabi/lib/thumb/v7e-m+fp/hard/libg_nano.a(libc_a-findfp.o)
                0x0800951c                __sinit
 .text._fwalk_sglue
                0x0800954c       0x3a /Applications/ArmGNUToolchain/15.2.rel1/arm-none-eabi/bin/../lib/gcc/arm-none-eabi/15.2.1/../../../../arm-none-eabi/lib/thumb/v7e-m+fp/hard/libg_nano.a(libc_a-fwalk.o)
                0x0800954c                _fwalk_sglue
 .text.memset   0x08009586       0x10 /Applications/ArmGNUToolchain/15.2.rel1/arm-none-eabi/bin/../lib/gcc/arm-none-eabi/15.2.1/../../../../arm-none-eabi/lib/thumb/v7e-m+fp/hard/libg_nano.a(libc_a-memset.o)
                0x08009586                memset
 *fill*         0x08009596        0x2 
 .text._sbrk_r  0x08009598       0x20 /Applications/ArmGNUToolchain/15.2.rel1/arm-none-eabi/bin/../lib/gcc/arm-none-eabi/15.2.1/../../../../arm-none-eabi/lib/thumb/v7e-m+fp/hard/libg_nano.a(libc_a-sbrkr.o)
                0x08009598                _sbrk_r
 .text.__errno  0x080095b8        0xc /Applications/ArmGNUToolchain/15.2.rel1/arm-none-eabi/bin/../lib/gcc/arm-none-eabi/15.2.1/../../../../arm-none-eabi/lib/thumb/v7e-m+fp/hard/libg_nano.a(libc_a-errno.o)
                0x080095b8                __errno
 .text.__libc_init_array
                0x080095c4       0x48 /Applications/ArmGNUToolchain/15.2.rel1/arm-none-eabi/bin/../lib/gcc/arm-none-eabi/15.2.1/../../../../arm-none-eabi/lib/thumb/v7e-m+fp/hard/libg_nano.a(libc_a-init.o)
                0x080095c4                __libc_init_array
 .text.__retarget_lock_init_recursive
                0x0800960c        0x2 /Applications/ArmGNUToolchain/15.2.rel1/arm-none-eabi/bin/../lib/gcc/arm-none-eabi/15.2.1/../../../../arm-none-eabi/lib/thumb/v7e-m+fp/hard/libg_nano.a(libc_a-lock.o)
                0x0800960c                __retarget_lock_init_recursive
 .text.__retarget_lock_acquire_recursive
                0x0800960e        0x2 /Applications/ArmGNUToolchain/15.2.rel1/arm-none-eabi/bin/../lib/gcc/arm-none-eabi/15.2.1/../../../../arm-none-eabi/lib/thumb/v7e-m+fp/hard/libg_nano.a(libc_a-lock.o)
                0x0800960e                __retarget_lock_acquire_recursive
 .text.__retarget_lock_release_recursive
                0x08009610        0x2 /Applications/ArmGNUToolchain/15.2.rel1/arm-none-eabi/bin/../lib/gcc/arm-none-eabi/15.2.1/../../../../arm-none-eabi/lib/thumb/v7e-m+fp/hard/libg_nano.a(libc_a-lock.o)
                0x08009610                __retarget_lock_release_recursive
 *fill*         0x08009612        0x2 
 .text._localeconv_r
                0x08009614        0x8 /Applications/ArmGNUToolchain/15.2.rel1/arm-none-eabi/bin/../lib/gcc/arm-none-eabi/15.2.1/../../../../arm-none-eabi/lib/thumb/v7e-m+fp/hard/libg_nano.a(libc_a-localeconv.o)
                0x08009614                _localeconv_r
 .text._reclaim_reent
                0x0800961c       0xbc /Applications/ArmGNUToolchain/15.2.rel1/arm-none-eabi/bin/../lib/gcc/arm-none-eabi/15.2.1/../../../../arm-none-eabi/lib/thumb/v7e-m+fp/hard/libg_nano.a(libc_a-reent.o)
                0x0800961c                _reclaim_reent
 .text.memcpy   0x080096d8       0x1c /Applications/ArmGNUToolchain/15.2.rel1/arm-none-eabi/bin/../lib/gcc/arm-none-eabi/15.2.1/../../../../arm-none-eabi/lib/thumb/v7e-m+fp/hard/libg_nano.a(libc_a-memcpy-stub.o)
                0x080096d8                memcpy
 .text.quorem   0x080096f4      0x110 /Applications/ArmGNUToolchain/15.2.rel1/arm-none-eabi/bin/../lib/gcc/arm-none-eabi/15.2.1/../../../../arm-none-eabi/lib/thumb/v7e-m+fp/hard/libg_nano.a(libc_a-dtoa.o)
 *fill*         0x08009804        0x4 
 .text._dtoa_r  0x08009808      0xbac /Applications/ArmGNUToolchain/15.2.rel1/arm-none-eabi/bin/../lib/gcc/arm-none-eabi/15.2.1/../../../../arm-none-eabi/lib/thumb/v7e-m+fp/hard/libg_nano.a(libc_a-dtoa.o)
                0x08009808                _dtoa_r
 .text._free_r  0x0800a3b4       0x98 /Applications/ArmGNUToolchain/15.2.rel1/arm-none-eabi/bin/../lib/gcc/arm-none-eabi/15.2.1/../../../../arm-none-eabi/lib/thumb/v7e-m+fp/hard/libg_nano.a(libc_a-freer.o)
                0x0800a3b4                _free_r
 .text.__ssputs_r
                0x0800a44c       0xc0 /Applications/ArmGNUToolchain/15.2.rel1/arm-none-eabi/bin/../lib/gcc/arm-none-eabi/15.2.1/../../../../arm-none-eabi/lib/thumb/v7e-m+fp/hard/libg_nano.a(libc_a-nano-svfprintf.o)
                0x0800a44c                __ssputs_r
 .text._svfprintf_r
                0x0800a50c      0x1f0 /Applications/ArmGNUToolchain/15.2.rel1/arm-none-eabi/bin/../lib/gcc/arm-none-eabi/15.2.1/../../../../arm-none-eabi/lib/thumb/v7e-m+fp/hard/libg_nano.a(libc_a-nano-svfprintf.o)
                0x0800a50c                _svfprintf_r
                0x0800a50c                _svfiprintf_r
 .text._Balloc  0x0800a6fc       0x7c /Applications/ArmGNUToolchain/15.2.rel1/arm-none-eabi/bin/../lib/gcc/arm-none-eabi/15.2.1/../../../../arm-none-eabi/lib/thumb/v7e-m+fp/hard/libg_nano.a(libc_a-mprec.o)
                0x0800a6fc                _Balloc
 .text._Bfree   0x0800a778       0x44 /Applications/ArmGNUToolchain/15.2.rel1/arm-none-eabi/bin/../lib/gcc/arm-none-eabi/15.2.1/../../../../arm-none-eabi/lib/thumb/v7e-m+fp/hard/libg_nano.a(libc_a-mprec.o)
                0x0800a778                _Bfree
 .text.__multadd
                0x0800a7bc       0x8c /Applications/ArmGNUToolchain/15.2.rel1/arm-none-eabi/bin/../lib/gcc/arm-none-eabi/15.2.1/../../../../arm-none-eabi/lib/thumb/v7e-m+fp/hard/libg_nano.a(libc_a-mprec.o)
                0x0800a7bc                __multadd
 .text.__hi0bits
                0x0800a848       0x3c /Applications/ArmGNUToolchain/15.2.rel1/arm-none-eabi/bin/../lib/gcc/arm-none-eabi/15.2.1/../../../../arm-none-eabi/lib/thumb/v7e-m+fp/hard/libg_nano.a(libc_a-mprec.o)
                0x0800a848                __hi0bits
 .text.__lo0bits
                0x0800a884       0x5c /Applications/ArmGNUToolchain/15.2.rel1/arm-none-eabi/bin/../lib/gcc/arm-none-eabi/15.2.1/../../../../arm-none-eabi/lib/thumb/v7e-m+fp/hard/libg_nano.a(libc_a-mprec.o)
                0x0800a884                __lo0bits
 .text.__i2b    0x0800a8e0       0x2c /Applications/ArmGNUToolchain/15.2.rel1/arm-none-eabi/bin/../lib/gcc/arm-none-eabi/15.2.1/../../../../arm-none-eabi/lib/thumb/v7e-m+fp/hard/libg_nano.a(libc_a-mprec.o)
                0x0800a8e0                __i2b
 .text.__multiply
                0x0800a90c      0x16c /Applications/ArmGNUToolchain/15.2.rel1/arm-none-eabi/bin/../lib/gcc/arm-none-eabi/15.2.1/../../../../arm-none-eabi/lib/thumb/v7e-m+fp/hard/libg_nano.a(libc_a-mprec.o)
                0x0800a90c                __multiply
 .text.__pow5mult
                0x0800aa78       0xb8 /Applications/ArmGNUToolchain/15.2.rel1/arm-none-eabi/bin/../lib/gcc/arm-none-eabi/15.2.1/../../../../arm-none-eabi/lib/thumb/v7e-m+fp/hard/libg_nano.a(libc_a-mprec.o)
                0x0800aa78                __pow5mult
 .text.__lshift
                0x0800ab30       0xe4 /Applications/ArmGNUToolchain/15.2.rel1/arm-none-eabi/bin/../lib/gcc/arm-none-eabi/15.2.1/../../../../arm-none-eabi/lib/thumb/v7e-m+fp/hard/libg_nano.a(libc_a-mprec.o)
                0x0800ab30                __lshift
 .text.__mcmp   0x0800ac14       0x36 /Applications/ArmGNUToolchain/15.2.rel1/arm-none-eabi/bin/../lib/gcc/arm-none-eabi/15.2.1/../../../../arm-none-eabi/lib/thumb/v7e-m+fp/hard/libg_nano.a(libc_a-mprec.o)
                0x0800ac14                __mcmp
 *fill*         0x0800ac4a        0x2 
 .text.__mdiff  0x0800ac4c      0x130 /Applications/ArmGNUToolchain/15.2.rel1/arm-none-eabi/bin/../lib/gcc/arm-none-eabi/15.2.1/../../../../arm-none-eabi/lib/thumb/v7e-m+fp/hard/libg_nano.a(libc_a-mprec.o)
                0x0800ac4c                __mdiff
 .text.__d2b    0x0800ad7c       0xb0 /Applications/ArmGNUToolchain/15.2.rel1/arm-none-eabi/bin/../lib/gcc/arm-none-eabi/15.2.1/../../../../arm-none-eabi/lib/thumb/v7e-m+fp/hard/libg_nano.a(libc_a-mprec.o)
                0x0800ad7c                __d2b
 .text.__sread  0x0800ae2c       0x22 /Applications/ArmGNUToolchain/15.2.rel1/arm-none-eabi/bin/../lib/gcc/arm-none-eabi/15.2.1/../../../../arm-none-eabi/lib/thumb/v7e-m+fp/hard/libg_nano.a(libc_a-stdio.o)
                0x0800ae2c                __sread
 .text.__swrite
                0x0800ae4e       0x38 /Applications/ArmGNUToolchain/15.2.rel1/arm-none-eabi/bin/../lib/gcc/arm-none-eabi/15.2.1/../../../../arm-none-eabi/lib/thumb/v7e-m+fp/hard/libg_nano.a(libc_a-stdio.o)
                0x0800ae4e                __swrite
 .text.__sseek  0x0800ae86       0x26 /Applications/ArmGNUToolchain/15.2.rel1/arm-none-eabi/bin/../lib/gcc/arm-none-eabi/15.2.1/../../../../arm-none-eabi/lib/thumb/v7e-m+fp/hard/libg_nano.a(libc_a-stdio.o)
                0x0800ae86                __sseek
 .text.__sclose
                0x0800aeac        0x8 /Applications/ArmGNUToolchain/15.2.rel1/arm-none-eabi/bin/../lib/gcc/arm-none-eabi/15.2.1/../../../../arm-none-eabi/lib/thumb/v7e-m+fp/hard/libg_nano.a(libc_a-stdio.o)
                0x0800aeac                __sclose
 .text.__sflush_r
                0x0800aeb4      0x100 /Applications/ArmGNUToolchain/15.2.rel1/arm-none-eabi/bin/../lib/gcc/arm-none-eabi/15.2.1/../../../../arm-none-eabi/lib/thumb/v7e-m+fp/hard/libg_nano.a(libc_a-fflush.o)
                0x0800aeb4                __sflush_r
 .text._fflush_r
                0x0800afb4       0x50 /Applications/ArmGNUToolchain/15.2.rel1/arm-none-eabi/bin/../lib/gcc/arm-none-eabi/15.2.1/../../../../arm-none-eabi/lib/thumb/v7e-m+fp/hard/libg_nano.a(libc_a-fflush.o)
                0x0800afb4                _fflush_r
 .text._realloc_r
                0x0800b004       0x5c /Applications/ArmGNUToolchain/15.2.rel1/arm-none-eabi/bin/../lib/gcc/arm-none-eabi/15.2.1/../../../../arm-none-eabi/lib/thumb/v7e-m+fp/hard/libg_nano.a(libc_a-reallocr.o)
                0x0800b004                _realloc_r
 .text.memmove  0x0800b060       0x32 /Applications/ArmGNUToolchain/15.2.rel1/arm-none-eabi/bin/../lib/gcc/arm-none-eabi/15.2.1/../../../../arm-none-eabi/lib/thumb/v7e-m+fp/hard/libg_nano.a(libc_a-memmove.o)
                0x0800b060                memmove
 *fill*         0x0800b092        0x2 
 .text._lseek_r
                0x0800b094       0x24 /Applications/ArmGNUToolchain/15.2.rel1/arm-none-eabi/bin/../lib/gcc/arm-none-eabi/15.2.1/../../../../arm-none-eabi/lib/thumb/v7e-m+fp/hard/libg_nano.a(libc_a-lseekr.o)
                0x0800b094                _lseek_r
 .text._read_r  0x0800b0b8       0x24 /Applications/ArmGNUToolchain/15.2.rel1/arm-none-eabi/bin/../lib/gcc/arm-none-eabi/15.2.1/../../../../arm-none-eabi/lib/thumb/v7e-m+fp/hard/libg_nano.a(libc_a-readr.o)
                0x0800b0b8                _read_r
 .text._write_r
                0x0800b0dc       0x24 /Applications/ArmGNUToolchain/15.2.rel1/arm-none-eabi/bin/../lib/gcc/arm-none-eabi/15.2.1/../../../../arm-none-eabi/lib/thumb/v7e-m+fp/hard/libg_nano.a(libc_a-writer.o)
                0x0800b0dc                _write_r
 .text._close_r
                0x0800b100       0x20 /Applications/ArmGNUToolchain/15.2.rel1/arm-none-eabi/bin/../lib/gcc/arm-none-eabi/15.2.1/../../../../arm-none-eabi/lib/thumb/v7e-m+fp/hard/libg_nano.a(libc_a-closer.o)
                0x0800b100                _close_r
 .text.__assert_func
                0x0800b120       0x3c /Applications/ArmGNUToolchain/15.2.rel1/arm-none-eabi/bin/../lib/gcc/arm-none-eabi/15.2.1/../../../../arm-none-eabi/lib/thumb/v7e-m+fp/hard/libg_nano.a(libc_a-assert.o)
                0x0800b120                __assert_func
 .text._calloc_r
                0x0800b15c       0x28 /Applications/ArmGNUToolchain/15.2.rel1/arm-none-eabi/bin/../lib/gcc/arm-none-eabi/15.2.1/../../../../arm-none-eabi/lib/thumb/v7e-m+fp/hard/libg_nano.a(libc_a-callocr.o)
                0x0800b15c                _calloc_r
 .text.__ascii_mbtowc
                0x0800b184       0x24 /Applications/ArmGNUToolchain/15.2.rel1/arm-none-eabi/bin/../lib/gcc/arm-none-eabi/15.2.1/../../../../arm-none-eabi/lib/thumb/v7e-m+fp/hard/libg_nano.a(libc_a-mbtowc_r.o)
                0x0800b184                __ascii_mbtowc
 .text._malloc_usable_size_r
                0x0800b1a8       0x10 /Applications/ArmGNUToolchain/15.2.rel1/arm-none-eabi/bin/../lib/gcc/arm-none-eabi/15.2.1/../../../../arm-none-eabi/lib/thumb/v7e-m+fp/hard/libg_nano.a(libc_a-msizer.o)
                0x0800b1a8                _malloc_usable_size_r
 .text.fprintf  0x0800b1b8       0x24 /Applications/ArmGNUToolchain/15.2.rel1/arm-none-eabi/bin/../lib/gcc/arm-none-eabi/15.2.1/../../../../arm-none-eabi/lib/thumb/v7e-m+fp/hard/libg_nano.a(libc_a-fprintf.o)
                0x0800b1b8                fprintf
                0x0800b1b8                fiprintf
 .text.__ascii_wctomb
                0x0800b1dc       0x1a /Applications/ArmGNUToolchain/15.2.rel1/arm-none-eabi/bin/../lib/gcc/arm-none-eabi/15.2.1/../../../../arm-none-eabi/lib/thumb/v7e-m+fp/hard/libg_nano.a(libc_a-wctomb_r.o)
                0x0800b1dc                __ascii_wctomb
 .text.abort    0x0800b1f6        0xe /Applications/ArmGNUToolchain/15.2.rel1/arm-none-eabi/bin/../lib/gcc/arm-none-eabi/15.2.1/../../../../arm-none-eabi/lib/thumb/v7e-m+fp/hard/libg_nano.a(libc_a-abort.o)
                0x0800b1f6                abort
 .text.__sfputc_r
                0x0800b204       0x2a /Applications/ArmGNUToolchain/15.2.rel1/arm-none-eabi/bin/../lib/gcc/arm-none-eabi/15.2.1/../../../../arm-none-eabi/lib/thumb/v7e-m+fp/hard/libg_nano.a(libc_a-nano-vfprintf.o)
 .text.__sfputs_r
                0x0800b22e       0x24 /Applications/ArmGNUToolchain/15.2.rel1/arm-none-eabi/bin/../lib/gcc/arm-none-eabi/15.2.1/../../../../arm-none-eabi/lib/thumb/v7e-m+fp/hard/libg_nano.a(libc_a-nano-vfprintf.o)
                0x0800b22e                __sfputs_r
 *fill*         0x0800b252        0x2 
 .text._vfprintf_r
                0x0800b254      0x228 /Applications/ArmGNUToolchain/15.2.rel1/arm-none-eabi/bin/../lib/gcc/arm-none-eabi/15.2.1/../../../../arm-none-eabi/lib/thumb/v7e-m+fp/hard/libg_nano.a(libc_a-nano-vfprintf.o)
                0x0800b254                _vfiprintf_r
                0x0800b254                _vfprintf_r
 .text.__swbuf_r
                0x0800b47c       0x7a /Applications/ArmGNUToolchain/15.2.rel1/arm-none-eabi/bin/../lib/gcc/arm-none-eabi/15.2.1/../../../../arm-none-eabi/lib/thumb/v7e-m+fp/hard/libg_nano.a(libc_a-wbuf.o)
                0x0800b47c                __swbuf_r
 *fill*         0x0800b4f6        0x2 
 .text.__swsetup_r
                0x0800b4f8       0xa8 /Applications/ArmGNUToolchain/15.2.rel1/arm-none-eabi/bin/../lib/gcc/arm-none-eabi/15.2.1/../../../../arm-none-eabi/lib/thumb/v7e-m+fp/hard/libg_nano.a(libc_a-wsetup.o)
                0x0800b4f8                __swsetup_r
 .text.__swhatbuf_r
                0x0800b5a0       0x48 /Applications/ArmGNUToolchain/15.2.rel1/arm-none-eabi/bin/../lib/gcc/arm-none-eabi/15.2.1/../../../../arm-none-eabi/lib/thumb/v7e-m+fp/hard/libg_nano.a(libc_a-makebuf.o)
                0x0800b5a0                __swhatbuf_r
 .text.__smakebuf_r
                0x0800b5e8       0x72 /Applications/ArmGNUToolchain/15.2.rel1/arm-none-eabi/bin/../lib/gcc/arm-none-eabi/15.2.1/../../../../arm-none-eabi/lib/thumb/v7e-m+fp/hard/libg_nano.a(libc_a-makebuf.o)
                0x0800b5e8                __smakebuf_r
 .text._raise_r
                0x0800b65a       0x50 /Applications/ArmGNUToolchain/15.2.rel1/arm-none-eabi/bin/../lib/gcc/arm-none-eabi/15.2.1/../../../../arm-none-eabi/lib/thumb/v7e-m+fp/hard/libg_nano.a(libc_a-signal.o)
                0x0800b65a                _raise_r
 *fill*         0x0800b6aa        0x2 
 .text.raise    0x0800b6ac       0x10 /Applications/ArmGNUToolchain/15.2.rel1/arm-none-eabi/bin/../lib/gcc/arm-none-eabi/15.2.1/../../../../arm-none-eabi/lib/thumb/v7e-m+fp/hard/libg_nano.a(libc_a-signal.o)
                0x0800b6ac                raise
 .text._isatty_r
                0x0800b6bc       0x20 /Applications/ArmGNUToolchain/15.2.rel1/arm-none-eabi/bin/../lib/gcc/arm-none-eabi/15.2.1/../../../../arm-none-eabi/lib/thumb/v7e-m+fp/hard/libg_nano.a(libc_a-isattyr.o)
                0x0800b6bc                _isatty_r
 .text._kill_r  0x0800b6dc       0x24 /Applications/ArmGNUToolchain/15.2.rel1/arm-none-eabi/bin/../lib/gcc/arm-none-eabi/15.2.1/../../../../arm-none-eabi/lib/thumb/v7e-m+fp/hard/libg_nano.a(libc_a-signalr.o)
                0x0800b6dc                _kill_r
 .text._getpid_r
                0x0800b700        0x4 /Applications/ArmGNUToolchain/15.2.rel1/arm-none-eabi/bin/../lib/gcc/arm-none-eabi/15.2.1/../../../../arm-none-eabi/lib/thumb/v7e-m+fp/hard/libg_nano.a(libc_a-signalr.o)
                0x0800b700                _getpid_r
 .text._fstat_r
                0x0800b704       0x24 /Applications/ArmGNUToolchain/15.2.rel1/arm-none-eabi/bin/../lib/gcc/arm-none-eabi/15.2.1/../../../../arm-none-eabi/lib/thumb/v7e-m+fp/hard/libg_nano.a(libc_a-fstatr.o)
                0x0800b704                _fstat_r
 *(.glue_7)
 .glue_7        0x0800b728        0x0 linker stubs
 *(.glue_7t)
 .glue_7t       0x0800b728        0x0 linker stubs
 *(.eh_frame)
 .eh_frame      0x0800b728        0x0 /Applications/ArmGNUToolchain/15.2.rel1/arm-none-eabi/bin/../lib/gcc/arm-none-eabi/15.2.1/thumb/v7e-m+fp/hard/crtbegin.o
 *(.init)
 .init          0x0800b728        0x4 /Applications/ArmGNUToolchain/15.2.rel1/arm-none-eabi/bin/../lib/gcc/arm-none-eabi/15.2.1/thumb/v7e-m+fp/hard/crti.o
                0x0800b728                _init
 .init          0x0800b72c        0x8 /Applications/ArmGNUToolchain/15.2.rel1/arm-none-eabi/bin/../lib/gcc/arm-none-eabi/15.2.1/thumb/v7e-m+fp/hard/crtn.o
 *(.fini)
 .fini          0x0800b734        0x4 /Applications/ArmGNUToolchain/15.2.rel1/arm-none-eabi/bin/../lib/gcc/arm-none-eabi/15.2.1/thumb/v7e-m+fp/hard/crti.o
                0x0800b734                _fini
 .fini          0x0800b738        0x8 /Applications/ArmGNUToolchain/15.2.rel1/arm-none-eabi/bin/../lib/gcc/arm-none-eabi/15.2.1/thumb/v7e-m+fp/hard/crtn.o
                0x0800b740                        . = ALIGN (0x4)
                0x0800b740                        _etext = .

.vfp11_veneer   0x0800b740        0x0
 .vfp11_veneer  0x0800b740        0x0 linker stubs

.v4_bx          0x0800b740        0x0
 .v4_bx         0x0800b740        0x0 linker stubs

.iplt           0x0800b740        0x0
 .iplt          0x0800b740        0x0 /Applications/ArmGNUToolchain/15.2.rel1/arm-none-eabi/bin/../lib/gcc/arm-none-eabi/15.2.1/thumb/v7e-m+fp/hard/crtbegin.o

.rodata         0x0800b740      0xa34
                0x0800b740                        . = ALIGN (0x4)
 *(.rodata)
 .rodata        0x0800b740       0x38 CMakeFiles/RTOS-PriorityInversion-WD.dir/App/Src/DisplayTask.cpp.obj
 .rodata        0x0800b778        0x7 CMakeFiles/RTOS-PriorityInversion-WD.dir/App/Src/SensorTask.cpp.obj
 *fill*         0x0800b77f        0x1 
 .rodata        0x0800b780        0x8 CMakeFiles/RTOS-PriorityInversion-WD.dir/App/Src/app_main.cpp.obj
 .rodata        0x0800b788        0x5 cmake/stm32cubemx/CMakeFiles/FreeRTOS.dir/__/__/Middlewares/Third_Party/FreeRTOS/Source/tasks.c.obj
 *fill*         0x0800b78d        0x3 
 .rodata        0x0800b790        0xd cmake/stm32cubemx/CMakeFiles/FreeRTOS.dir/__/__/Middlewares/Third_Party/FreeRTOS/Source/timers.c.obj
 *(.rodata*)
 *fill*         0x0800b79d        0x3 
 .rodata.Font6x8
                0x0800b7a0      0x5f0 CMakeFiles/RTOS-PriorityInversion-WD.dir/Drivers/oled/ssd1306_fonts.c.obj
 .rodata.Font_6x8
                0x0800bd90        0xc CMakeFiles/RTOS-PriorityInversion-WD.dir/Drivers/oled/ssd1306_fonts.c.obj
                0x0800bd90                Font_6x8
 .rodata._ZTV11DisplayTask
                0x0800bd9c       0x14 CMakeFiles/RTOS-PriorityInversion-WD.dir/App/Src/DisplayTask.cpp.obj
                0x0800bd9c                vtable for DisplayTask
 .rodata._ZTV4Task
                0x0800bdb0       0x14 CMakeFiles/RTOS-PriorityInversion-WD.dir/App/Src/DisplayTask.cpp.obj
                0x0800bdb0                vtable for Task
 .rodata._ZTV10SensorTask
                0x0800bdc4       0x14 CMakeFiles/RTOS-PriorityInversion-WD.dir/App/Src/SensorTask.cpp.obj
                0x0800bdc4                vtable for SensorTask
 .rodata.AHBPrescTable
                0x0800bdd8       0x10 cmake/stm32cubemx/CMakeFiles/STM32_Drivers.dir/__/__/Core/Src/system_stm32f4xx.c.obj
                0x0800bdd8                AHBPrescTable
 .rodata.APBPrescTable
                0x0800bde8        0x8 cmake/stm32cubemx/CMakeFiles/STM32_Drivers.dir/__/__/Core/Src/system_stm32f4xx.c.obj
                0x0800bde8                APBPrescTable
 .rodata._printf_float.str1.1
                0x0800bdf0      0x183 /Applications/ArmGNUToolchain/15.2.rel1/arm-none-eabi/bin/../lib/gcc/arm-none-eabi/15.2.1/../../../../arm-none-eabi/lib/thumb/v7e-m+fp/hard/libg_nano.a(libc_a-nano-vfprintf_float.o)
                                 0x12 (size before relaxing)
 .rodata._printf_i.str1.1
                0x0800bf73        0x0 /Applications/ArmGNUToolchain/15.2.rel1/arm-none-eabi/bin/../lib/gcc/arm-none-eabi/15.2.1/../../../../arm-none-eabi/lib/thumb/v7e-m+fp/hard/libg_nano.a(libc_a-nano-vfprintf_i.o)
                                 0x22 (size before relaxing)
 .rodata._dtoa_r.str1.1
                0x0800bf73        0x0 /Applications/ArmGNUToolchain/15.2.rel1/arm-none-eabi/bin/../lib/gcc/arm-none-eabi/15.2.1/../../../../arm-none-eabi/lib/thumb/v7e-m+fp/hard/libg_nano.a(libc_a-dtoa.o)
                                 0x98 (size before relaxing)
 .rodata._svfprintf_r.str1.1
                0x0800bf73        0x0 /Applications/ArmGNUToolchain/15.2.rel1/arm-none-eabi/bin/../lib/gcc/arm-none-eabi/15.2.1/../../../../arm-none-eabi/lib/thumb/v7e-m+fp/hard/libg_nano.a(libc_a-nano-svfprintf.o)
                                 0x11 (size before relaxing)
 .rodata._Balloc.str1.1
                0x0800bf73        0x0 /Applications/ArmGNUToolchain/15.2.rel1/arm-none-eabi/bin/../lib/gcc/arm-none-eabi/15.2.1/../../../../arm-none-eabi/lib/thumb/v7e-m+fp/hard/libg_nano.a(libc_a-mprec.o)
                                 0x79 (size before relaxing)
 .rodata.__multadd.str1.1
                0x0800bf73        0x0 /Applications/ArmGNUToolchain/15.2.rel1/arm-none-eabi/bin/../lib/gcc/arm-none-eabi/15.2.1/../../../../arm-none-eabi/lib/thumb/v7e-m+fp/hard/libg_nano.a(libc_a-mprec.o)
                                 0x11 (size before relaxing)
 *fill*         0x0800bf73        0x1 
 .rodata.p05.0  0x0800bf74        0xc /Applications/ArmGNUToolchain/15.2.rel1/arm-none-eabi/bin/../lib/gcc/arm-none-eabi/15.2.1/../../../../arm-none-eabi/lib/thumb/v7e-m+fp/hard/libg_nano.a(libc_a-mprec.o)
 .rodata.__mprec_bigtens
                0x0800bf80       0x28 /Applications/ArmGNUToolchain/15.2.rel1/arm-none-eabi/bin/../lib/gcc/arm-none-eabi/15.2.1/../../../../arm-none-eabi/lib/thumb/v7e-m+fp/hard/libg_nano.a(libc_a-mprec.o)
                0x0800bf80                __mprec_bigtens
 .rodata.__mprec_tens
                0x0800bfa8       0xc8 /Applications/ArmGNUToolchain/15.2.rel1/arm-none-eabi/bin/../lib/gcc/arm-none-eabi/15.2.1/../../../../arm-none-eabi/lib/thumb/v7e-m+fp/hard/libg_nano.a(libc_a-mprec.o)
                0x0800bfa8                __mprec_tens
 .rodata._setlocale_r.str1.1
                0x0800c070        0x0 /Applications/ArmGNUToolchain/15.2.rel1/arm-none-eabi/bin/../lib/gcc/arm-none-eabi/15.2.1/../../../../arm-none-eabi/lib/thumb/v7e-m+fp/hard/libg_nano.a(libc_a-locale.o)
                                  0x9 (size before relaxing)
 .rodata.str1.1
                0x0800c070        0x0 /Applications/ArmGNUToolchain/15.2.rel1/arm-none-eabi/bin/../lib/gcc/arm-none-eabi/15.2.1/../../../../arm-none-eabi/lib/thumb/v7e-m+fp/hard/libg_nano.a(libc_a-locale.o)
                                  0x2 (size before relaxing)
 .rodata.__assert_func.str1.1
                0x0800c070        0x0 /Applications/ArmGNUToolchain/15.2.rel1/arm-none-eabi/bin/../lib/gcc/arm-none-eabi/15.2.1/../../../../arm-none-eabi/lib/thumb/v7e-m+fp/hard/libg_nano.a(libc_a-assert.o)
                                 0x3d (size before relaxing)
 .rodata._ctype_
                0x0800c070      0x101 /Applications/ArmGNUToolchain/15.2.rel1/arm-none-eabi/bin/../lib/gcc/arm-none-eabi/15.2.1/../../../../arm-none-eabi/lib/thumb/v7e-m+fp/hard/libg_nano.a(libc_a-ctype_.o)
                0x0800c070                _ctype_
 .rodata._vfprintf_r.str1.1
                0x0800c171        0x0 /Applications/ArmGNUToolchain/15.2.rel1/arm-none-eabi/bin/../lib/gcc/arm-none-eabi/15.2.1/../../../../arm-none-eabi/lib/thumb/v7e-m+fp/hard/libg_nano.a(libc_a-nano-vfprintf.o)
                                 0x11 (size before relaxing)
                0x0800c174                        . = ALIGN (0x4)
 *fill*         0x0800c171        0x3 

.ARM.extab      0x0800c174        0x0
                0x0800c174                        . = ALIGN (0x4)
 *(.ARM.extab* .gnu.linkonce.armextab.*)
                0x0800c174                        . = ALIGN (0x4)

.ARM            0x0800c174        0x8
                0x0800c174                        . = ALIGN (0x4)
                0x0800c174                        __exidx_start = .
 *(.ARM.exidx*)
 .ARM.exidx     0x0800c174        0x8 /Applications/ArmGNUToolchain/15.2.rel1/arm-none-eabi/bin/../lib/gcc/arm-none-eabi/15.2.1/../../../../arm-none-eabi/lib/thumb/v7e-m+fp/hard/libg_nano.a(libc_a-memchr.o)
 .ARM.exidx     0x0800c17c        0x0 /Applications/ArmGNUToolchain/15.2.rel1/arm-none-eabi/bin/../lib/gcc/arm-none-eabi/15.2.1/../../../../arm-none-eabi/lib/thumb/v7e-m+fp/hard/libg_nano.a(libc_a-strlen.o)
                                  0x8 (size before relaxing)
 .ARM.exidx.text.__udivmoddi4
                0x0800c17c        0x0 /Applications/ArmGNUToolchain/15.2.rel1/arm-none-eabi/bin/../lib/gcc/arm-none-eabi/15.2.1/thumb/v7e-m+fp/hard/libgcc.a(_udivmoddi4.o)
                                  0x8 (size before relaxing)
                0x0800c17c                        __exidx_end = .
                0x0800c17c                        . = ALIGN (0x4)

.preinit_array  0x0800c17c        0x0
                0x0800c17c                        . = ALIGN (0x4)
                0x0800c17c                        PROVIDE (__preinit_array_start = .)
 *(.preinit_array*)
                0x0800c17c                        PROVIDE (__preinit_array_end = .)
                0x0800c17c                        . = ALIGN (0x4)

.init_array     0x0800c17c        0x8
                0x0800c17c                        . = ALIGN (0x4)
                0x0800c17c                        PROVIDE (__init_array_start = .)
 *(SORT_BY_NAME(.init_array.*))
 *(.init_array*)
 .init_array    0x0800c17c        0x4 /Applications/ArmGNUToolchain/15.2.rel1/arm-none-eabi/bin/../lib/gcc/arm-none-eabi/15.2.1/thumb/v7e-m+fp/hard/crtbegin.o
 .init_array    0x0800c180        0x4 CMakeFiles/RTOS-PriorityInversion-WD.dir/App/Src/app_main.cpp.obj
                0x0800c184                        PROVIDE (__init_array_end = .)
                0x0800c184                        . = ALIGN (0x4)

.fini_array     0x0800c184        0x8
                0x0800c184                        . = ALIGN (0x4)
                [!provide]                        PROVIDE (__fini_array_start = .)
 *(SORT_BY_NAME(.fini_array.*))
 *(.fini_array*)
 .fini_array    0x0800c184        0x4 /Applications/ArmGNUToolchain/15.2.rel1/arm-none-eabi/bin/../lib/gcc/arm-none-eabi/15.2.1/thumb/v7e-m+fp/hard/crtbegin.o
 .fini_array    0x0800c188        0x4 CMakeFiles/RTOS-PriorityInversion-WD.dir/App/Src/app_main.cpp.obj
                [!provide]                        PROVIDE (__fini_array_end = .)
                0x0800c18c                        . = ALIGN (0x4)
                0x0800c18c                        _sidata = LOADADDR (.data)

.rel.dyn        0x0800c18c        0x0
 .rel.iplt      0x0800c18c        0x0 /Applications/ArmGNUToolchain/15.2.rel1/arm-none-eabi/bin/../lib/gcc/arm-none-eabi/15.2.1/thumb/v7e-m+fp/hard/crtbegin.o

.data           0x20000000      0x1d8 load address 0x0800c18c
                0x20000000                        . = ALIGN (0x4)
                0x20000000                        _sdata = .
 *(.data)
 *(.data*)
 .data.SystemCoreClock
                0x20000000        0x4 cmake/stm32cubemx/CMakeFiles/STM32_Drivers.dir/__/__/Core/Src/system_stm32f4xx.c.obj
                0x20000000                SystemCoreClock
 .data.uwTickPrio
                0x20000004        0x4 cmake/stm32cubemx/CMakeFiles/STM32_Drivers.dir/__/__/Drivers/STM32F4xx_HAL_Driver/Src/stm32f4xx_hal.c.obj
                0x20000004                uwTickPrio
 .data.uwTickFreq
                0x20000008        0x1 cmake/stm32cubemx/CMakeFiles/STM32_Drivers.dir/__/__/Drivers/STM32F4xx_HAL_Driver/Src/stm32f4xx_hal.c.obj
                0x20000008                uwTickFreq
 *fill*         0x20000009        0x3 
 .data.uxCriticalNesting
                0x2000000c        0x4 cmake/stm32cubemx/CMakeFiles/FreeRTOS.dir/__/__/Middlewares/Third_Party/FreeRTOS/Source/portable/GCC/ARM_CM4F/port.c.obj
 .data.__sglue  0x20000010        0xc /Applications/ArmGNUToolchain/15.2.rel1/arm-none-eabi/bin/../lib/gcc/arm-none-eabi/15.2.1/../../../../arm-none-eabi/lib/thumb/v7e-m+fp/hard/libg_nano.a(libc_a-findfp.o)
                0x20000010                __sglue
 .data._impure_ptr
                0x2000001c        0x4 /Applications/ArmGNUToolchain/15.2.rel1/arm-none-eabi/bin/../lib/gcc/arm-none-eabi/15.2.1/../../../../arm-none-eabi/lib/thumb/v7e-m+fp/hard/libg_nano.a(libc_a-impure.o)
                0x2000001c                _impure_ptr
 .data._impure_data
                0x20000020       0x4c /Applications/ArmGNUToolchain/15.2.rel1/arm-none-eabi/bin/../lib/gcc/arm-none-eabi/15.2.1/../../../../arm-none-eabi/lib/thumb/v7e-m+fp/hard/libg_nano.a(libc_a-impure.o)
                0x20000020                _impure_data
 .data.__global_locale
                0x2000006c      0x16c /Applications/ArmGNUToolchain/15.2.rel1/arm-none-eabi/bin/../lib/gcc/arm-none-eabi/15.2.1/../../../../arm-none-eabi/lib/thumb/v7e-m+fp/hard/libg_nano.a(libc_a-locale.o)
                0x2000006c                __global_locale
 *(.RamFunc)
 *(.RamFunc*)
                0x200001d8                        . = ALIGN (0x4)

.tm_clone_table
                0x200001d8        0x0 load address 0x0800c364
 .tm_clone_table
                0x200001d8        0x0 /Applications/ArmGNUToolchain/15.2.rel1/arm-none-eabi/bin/../lib/gcc/arm-none-eabi/15.2.1/thumb/v7e-m+fp/hard/crtbegin.o
 .tm_clone_table
                0x200001d8        0x0 /Applications/ArmGNUToolchain/15.2.rel1/arm-none-eabi/bin/../lib/gcc/arm-none-eabi/15.2.1/thumb/v7e-m+fp/hard/crtend.o

.igot.plt       0x200001d8        0x0 load address 0x0800c364